******************************************************************************
             TMS320C2000 Linker PC v22.6.1                     
******************************************************************************
>> Linked Sun Mar 17 21:38:01 2024

OUTPUT FILE NAME:   <F280049C_Demo.out>
ENTRY POINT SYMBOL: "code_start"  address: 00000000


MEMORY CONFIGURATION

         name            origin    length      used     unused   attr    fill
----------------------  --------  ---------  --------  --------  ----  --------
  RAMM0_BEGIN           00000000   00000002  00000002  00000000  RWIX
  RAMM0                 000000f6   0000030a  000001d8  00000132  RWIX
  RAMM1                 00000400   000003f8  000003f8  00000000  RWIX
  CLATOCPU_MSGRAM       00001480   00000080  00000000  00000080  RWIX
  CPUTOCLA_MSGRAM       00001500   00000080  00000000  00000080  RWIX
  RAMLS0                00008000   00000800  0000039c  00000464  RWIX
  RAMLS1                00008800   00000800  00000000  00000800  RWIX
  RAMLS2                00009000   00000800  00000000  00000800  RWIX
  RAMLS3                00009800   00000800  00000000  00000800  RWIX
  RAMLS4                0000a000   00000800  00000000  00000800  RWIX
  RAMLS5                0000a800   00000800  00000000  00000800  RWIX
  RAMLS6                0000b000   00000800  00000000  00000800  RWIX
  RAMLS7                0000b800   00000800  0000004a  000007b6  RWIX
  RAMGS0                0000c000   00002000  00000f60  000010a0  RWIX
  RAMGS1                0000e000   00002000  00000004  00001ffc  RWIX
  RAMGS2                00010000   00002000  00000000  00002000  RWIX
  RAMGS3                00012000   00001ff8  00001ff8  00000000  RWIX
  FLASH_BANK0_SEC0      00080000   00001000  00000000  00001000  RWIX
  FLASH_BANK0_SEC1      00081000   00001000  00000000  00001000  RWIX
  FLASH_BANK0_SEC2      00082000   00001000  00000000  00001000  RWIX
  FLASH_BANK0_SEC3      00083000   00001000  00000000  00001000  RWIX
  FLASH_BANK0_SEC4      00084000   00001000  00000000  00001000  RWIX
  FLASH_BANK0_SEC5      00085000   00001000  00000000  00001000  RWIX
  FLASH_BANK0_SEC6      00086000   00001000  00000000  00001000  RWIX
  FLASH_BANK0_SEC7      00087000   00001000  00000000  00001000  RWIX
  FLASH_BANK0_SEC8      00088000   00001000  00000000  00001000  RWIX
  FLASH_BANK0_SEC9      00089000   00001000  00000000  00001000  RWIX
  FLASH_BANK0_SEC10     0008a000   00001000  00000000  00001000  RWIX
  FLASH_BANK0_SEC11     0008b000   00001000  00000000  00001000  RWIX
  FLASH_BANK0_SEC12     0008c000   00001000  00000000  00001000  RWIX
  FLASH_BANK0_SEC13     0008d000   00001000  00000000  00001000  RWIX
  FLASH_BANK0_SEC14     0008e000   00001000  00000000  00001000  RWIX
  FLASH_BANK0_SEC15     0008f000   00001000  00000000  00001000  RWIX
  FLASH_BANK1_SEC0      00090000   00001000  00000000  00001000  RWIX
  FLASH_BANK1_SEC1      00091000   00001000  00000000  00001000  RWIX
  FLASH_BANK1_SEC2      00092000   00001000  00000000  00001000  RWIX
  FLASH_BANK1_SEC3      00093000   00001000  00000000  00001000  RWIX
  FLASH_BANK1_SEC4      00094000   00001000  00000000  00001000  RWIX
  FLASH_BANK1_SEC5      00095000   00001000  00000000  00001000  RWIX
  FLASH_BANK1_SEC6      00096000   00001000  00000000  00001000  RWIX
  FLASH_BANK1_SEC7      00097000   00001000  00000000  00001000  RWIX
  FLASH_BANK1_SEC8      00098000   00001000  00000000  00001000  RWIX
  FLASH_BANK1_SEC9      00099000   00001000  00000000  00001000  RWIX
  FLASH_BANK1_SEC10     0009a000   00001000  00000000  00001000  RWIX
  FLASH_BANK1_SEC11     0009b000   00001000  00000000  00001000  RWIX
  FLASH_BANK1_SEC12     0009c000   00001000  00000000  00001000  RWIX
  FLASH_BANK1_SEC13     0009d000   00001000  00000000  00001000  RWIX
  FLASH_BANK1_SEC14     0009e000   00001000  00000000  00001000  RWIX
  FLASH_BANK1_SEC15     0009f000   00000ff0  00000000  00000ff0  RWIX
  RESET                 003fffc0   00000002  00000000  00000002  RWIX


SECTION ALLOCATION MAP

 output                                  attributes/
section   page    origin      length       input sections
--------  ----  ----------  ----------   ----------------
.reset     0    003fffc0    00000000     DSECT

codestart 
*          0    00000000    00000002     
                  00000000    00000002     f28004x_codestartbranch.obj (codestart)

.TI.ramfunc 
*          0    000000f6    00000004     
                  000000f6    00000004     driverlib_eabi.lib : sysctl.obj (.TI.ramfunc)

ramfuncs   0    000000fa    00000173     
                  000000fa    00000173     main.obj (ramfuncs:INT_myEPWM0_ISR)

.cinit     0    000002a6    0000002a     
                  000002a6    00000018     (.cinit..data.load) [load image, compression = lzss]
                  000002be    00000006     (__TI_handler_table)
                  000002c4    00000004     (.cinit..bss.load) [load image, compression = zero_init]
                  000002c8    00000008     (__TI_cinit_table)

.stack     0    00000400    000003f8     UNINITIALIZED
                  00000400    000003f8     --HOLE--

.init_array 
*          0    000000f6    00000000     UNINITIALIZED

.data      0    0000b800    0000004a     UNINITIALIZED
                  0000b800    0000002c     c2000ware_libraries.obj (.data)
                  0000b82c    00000014     main.obj (.data)
                  0000b840    00000006     rts2800_fpu32_eabi.lib : exit.c.obj (.data)
                  0000b846    00000002                            : _lock.c.obj (.data:_lock)
                  0000b848    00000002                            : _lock.c.obj (.data:_unlock)

dclfuncs   0    0000026e    00000037     
                  0000026e    00000037     DCL_PI_C1.obj (dclfuncs)

.text.1    0    00008000    0000039c     
                  00008000    00000014     driverlib_eabi.lib : gpio.obj (.text:GPIO_isPinValid)
                  00008014    00000014     main.obj (.text:GPIO_isPinValid)
                  00008028    00000014     drv_oled.obj (.text:I2C_putData)
                  0000803c    00000014     main.obj (.text:SCI_getRxFIFOStatus)
                  00008050    00000014     driverlib_eabi.lib : sci.obj (.text:SCI_getTxFIFOStatus)
                  00008064    00000014     main.obj (.text:SCI_getTxFIFOStatus)
                  00008078    00000014     device.obj (.text:SysCtl_deviceCal)
                  0000808c    00000014     board.obj (.text:SysCtl_setPeripheralAccessControl)
                  000080a0    00000014     board.obj (.text:myBoardLED0_GPIO_init)
                  000080b4    00000014     board.obj (.text:myGPIOOutput0_init)
                  000080c8    00000013     board.obj (.text:ADC_enableConverter)
                  000080db    00000013     main.obj (.text:EPWM_clearEventTriggerInterruptFlag)
                  000080ee    00000013     board.obj (.text:EPWM_enableInterrupt)
                  00008101    00000013     board.obj (.text:I2C_disableLoopback)
                  00008114    00000013     board.obj (.text:I2C_disableModule)
                  00008127    00000013     board.obj (.text:I2C_enableModule)
                  0000813a    00000013     drv_oled.obj (.text:I2C_sendStartCondition)
                  0000814d    00000013     drv_oled.obj (.text:I2C_sendStopCondition)
                  00008160    00000013     board.obj (.text:SCI_clearOverflowStatus)
                  00008173    00000013     board.obj (.text:SCI_enableModule)
                  00008186    00000013     driverlib_eabi.lib : sci.obj (.text:SCI_enableModule)
                  00008199    00000013     board.obj (.text:SCI_isBaseValid)
                  000081ac    00000013     driverlib_eabi.lib : sci.obj (.text:SCI_isBaseValid)
                  000081bf    00000013     main.obj (.text:SCI_isBaseValid)
                  000081d2    00000012     board.obj (.text:EPWM_setTimeBaseCounter)
                  000081e4    00000012     board.obj (.text:I2C_setDataCount)
                  000081f6    00000012     drv_oled.obj (.text:I2C_setDataCount)
                  00008208    00000012     board.obj (.text:SysCtl_setSyncOutputConfig)
                  0000821a    00000011     board.obj (.text:EPWM_disablePhaseShiftLoad)
                  0000822b    00000011     board.obj (.text:SCI_disableLoopback)
                  0000823c    00000010     driverlib_eabi.lib : sysctl.obj (.text:DCC_isBaseValid)
                  0000824c    00000010     main.obj (.text:SCI_getRxStatus)
                  0000825c    0000000f     device.obj (.text:ASysCtl_disableDCDC)
                  0000826b    0000000f     board.obj (.text:I2C_isBaseValid)
                  0000827a    0000000f     driverlib_eabi.lib : i2c.obj (.text:I2C_isBaseValid)
                  00008289    0000000f     drv_oled.obj (.text:I2C_isBaseValid)
                  00008298    0000000f     board.obj (.text:Interrupt_register)
                  000082a7    0000000e     drv_oled.obj (.text:OLED_WR_Byte)
                  000082b5    0000000e     rts2800_fpu32_eabi.lib : fd_sub28.asm.obj (.text)
                  000082c3    0000000d     driverlib_eabi.lib : interrupt.obj (.text:Interrupt_disableGlobal)
                  000082d0    0000000d                        : interrupt.obj (.text:Interrupt_enableGlobal)
                  000082dd    0000000d     device.obj (.text:SysCtl_setLowSpeedClock)
                  000082ea    0000000d     rts2800_fpu32_eabi.lib : copy_zero_init.c.obj (.text:decompress:ZI:__TI_zero_init_nomemset)
                  000082f7    0000000c     board.obj (.text:SysCtl_enableExtADCSOCSource)
                  00008303    0000000c     rts2800_fpu32_eabi.lib : args_main.c.obj (.text)
                  0000830f    0000000b     driverlib_eabi.lib : sysctl.obj (.text:SysCtl_isMCDClockFailureDetected)
                  0000831a    0000000b     rts2800_fpu32_eabi.lib : u_div28.asm.obj (.text)
                  00008325    0000000a     driverlib_eabi.lib : interrupt.obj (.text:Interrupt_illegalOperationHandler)
                  0000832f    0000000a                        : interrupt.obj (.text:Interrupt_nmiHandler)
                  00008339    00000009     board.obj (.text:GPIO_init)
                  00008342    00000009     rts2800_fpu32_eabi.lib : _lock.c.obj (.text)
                  0000834b    00000008     device.obj (.text:SysCtl_disableWatchdog)
                  00008353    00000008     rts2800_fpu32_eabi.lib : copy_decompress_none.c.obj (.text:decompress:none)
                  0000835b    00000008     f28004x_codestartbranch.obj (.text)
                  00008363    00000007     board.obj (.text:SysCtl_disableMCD)
                  0000836a    00000007     driverlib_eabi.lib : sysctl.obj (.text:SysCtl_resetMCD)
                  00008371    00000007     device.obj (.text:__error__)
                  00008378    00000006     board.obj (.text:ASYSCTL_init)
                  0000837e    00000006     main.obj (.text:Interrupt_clearACKGroup)
                  00008384    00000005     board.obj (.text:ADC_init)
                  00008389    00000003     c2000ware_libraries.obj (.text:C2000Ware_libraries_init)
                  0000838c    00000003     device_cmd.obj (.text:CMD_init)
                  0000838f    00000003     c2000ware_libraries.obj (.text:CONTROLLER_init)
                  00008392    00000003     board.obj (.text:I2C_init)
                  00008395    00000003     board.obj (.text:SCI_init)
                  00008398    00000002     rts2800_fpu32_eabi.lib : pre_init.c.obj (.text)
                  0000839a    00000001     device_cmd.obj (.text:CMD0_init)
                  0000839b    00000001     rts2800_fpu32_eabi.lib : startup.c.obj (.text)

.const     0    0000c000    00000f60     
                  0000c000    000005f0     drv_oled.obj (.const:.string:F8X16)
                  0000c5f0    00000228     drv_oled.obj (.const:F6x8)
                  0000c818    000001d7     board.obj (.const:.string)
                  0000c9ef    00000001     --HOLE-- [fill = 0]
                  0000c9f0    000001c2     main.obj (.const:.string)
                  0000cbb2    000000ae     device.obj (.const:.string)
                  0000cc60    0000009a     driverlib_eabi.lib : sysctl.obj (.const:.string)
                  0000ccfa    00000098                        : gpio.obj (.const:.string)
                  0000cd92    00000097                        : sci.obj (.const:.string)
                  0000ce29    00000001     --HOLE-- [fill = 0]
                  0000ce2a    00000074     drv_oled.obj (.const:.string)
                  0000ce9e    00000051     driverlib_eabi.lib : interrupt.obj (.const:.string)
                  0000ceef    00000001     --HOLE-- [fill = 0]
                  0000cef0    0000004b                        : i2c.obj (.const:.string)
                  0000cf3b    00000001     --HOLE-- [fill = 0]
                  0000cf3c    00000018     main.obj (.const)
                  0000cf54    0000000c     drv_oled.obj (.const)

.bss       0    0000e000    00000004     UNINITIALIZED
                  0000e000    00000004     main.obj (.bss)

.text.2    0    00012000    00001ff8     
                  00012000    000003d5     board.obj (.text:SYSCTL_init)
                  000123d5    00000111     board.obj (.text:EPWM_init)
                  000124e6    000000ca     main.obj (.text:main)
                  000125b0    000000c0     driverlib_eabi.lib : sysctl.obj (.text:SysCtl_setClock)
                  00012670    000000bd                        : sysctl.obj (.text:SysCtl_isPLLValid)
                  0001272d    0000009c     rts2800_fpu32_eabi.lib : fd_add28.asm.obj (.text)
                  000127c9    0000008c     main.obj (.text:INT_mySCI0_RX_ISR)
                  00012855    0000008b     rts2800_fpu32_eabi.lib : fd_div28.asm.obj (.text)
                  000128e0    00000083                            : fd_mpy28.asm.obj (.text)
                  00012963    0000007f     driverlib_eabi.lib : interrupt.obj (.text:Interrupt_clearIFR)
                  000129e2    00000078     drv_oled.obj (.text:Oled_Init)
                  00012a5a    00000075     board.obj (.text:EPWM_setADCTriggerSource)
                  00012acf    00000073     driverlib_eabi.lib : sysctl.obj (.text:DCC_setCounterSeeds)
                  00012b42    00000068     board.obj (.text:PinMux_init)
                  00012baa    00000064     driverlib_eabi.lib : i2c.obj (.text:I2C_initController)
                  00012c0e    0000005e                        : sysctl.obj (.text:SysCtl_getClock)
                  00012c6c    0000005c     drv_oled.obj (.text:OLED_ShowChar)
                  00012cc8    00000055     device.obj (.text:Device_init)
                  00012d1d    00000052     driverlib_eabi.lib : gpio.obj (.text:GPIO_setPadConfig)
                  00012d6f    00000051     board.obj (.text:myADC0_init)
                  00012dc0    0000004e     driverlib_eabi.lib : interrupt.obj (.text:Interrupt_disable)
                  00012e0e    0000004b     board.obj (.text:EPWM_setInterruptSource)
                  00012e59    00000049     driverlib_eabi.lib : sysctl.obj (.text:SysCtl_selectOscSource)
                  00012ea2    00000046     board.obj (.text:myI2C0_init)
                  00012ee8    00000045     driverlib_eabi.lib : sci.obj (.text:SCI_clearInterruptStatus)
                  00012f2d    00000045                        : sci.obj (.text:SCI_disableInterrupt)
                  00012f72    00000045                        : sysctl.obj (.text:SysCtl_pollX1Counter)
                  00012fb7    00000044                        : sci.obj (.text:SCI_enableInterrupt)
                  00012ffb    00000042     drv_oled.obj (.text:OLED_ShowNum)
                  0001303d    00000041     drv_oled.obj (.text:OLED_DISPLAY_INT)
                  0001307e    00000041     driverlib_eabi.lib : sci.obj (.text:SCI_writeCharArray)
                  000130bf    00000041     board.obj (.text:myADC1_init)
                  00013100    00000040     board.obj (.text:EPWM_setActionQualifierAction)
                  00013140    0000003e     board.obj (.text:EPWM_setCounterCompareShadowLoadMode)
                  0001317e    0000003e     driverlib_eabi.lib : sci.obj (.text:SCI_setConfig)
                  000131bc    0000003d                        : interrupt.obj (.text:Interrupt_initModule)
                  000131f9    0000003d     board.obj (.text:mySCI0_init)
                  00013236    0000003a     board.obj (.text:EPWM_setADCTriggerEventPrescale)
                  00013270    0000003a     driverlib_eabi.lib : gpio.obj (.text:GPIO_setAnalogMode)
                  000132aa    00000038     main.obj (.text:INT_mySCI0_TX_ISR)
                  000132e2    00000037     driverlib_eabi.lib : gpio.obj (.text:GPIO_setControllerCore)
                  00013319    00000037                        : gpio.obj (.text:GPIO_setPinConfig)
                  00013350    00000037                        : gpio.obj (.text:GPIO_setQualificationMode)
                  00013387    00000037                        : interrupt.obj (.text:Interrupt_enable)
                  000133be    00000036     board.obj (.text:ADC_setupSOC)
                  000133f4    00000036     driverlib_eabi.lib : sysctl.obj (.text:SysCtl_selectXTAL)
                  0001342a    00000033     drv_oled.obj (.text:Delay_ms)
                  0001345d    00000031     driverlib_eabi.lib : gpio.obj (.text:GPIO_setDirectionMode)
                  0001348e    00000030     rts2800_fpu32_eabi.lib : copy_decompress_lzss.c.obj (.text:decompress:lzss)
                  000134be    0000002f     c2000ware_libraries.obj (.text:myCONTROLLER0_init)
                  000134ed    0000002e     board.obj (.text:ADC_setInterruptSOCTrigger)
                  0001351b    0000002d     device.obj (.text:CAN_selectClockSource)
                  00013548    0000002c     board.obj (.text:EPWM_setDeadBandDelayMode)
                  00013574    0000002b     board.obj (.text:EPWM_isBaseValid)
                  0001359f    0000002b     main.obj (.text:EPWM_isBaseValid)
                  000135ca    0000002b     rts2800_fpu32_eabi.lib : autoinit.c.obj (.text:__TI_auto_init_nobinit_nopinit)
                  000135f5    00000029                            : exit.c.obj (.text)
                  0001361e    00000028     driverlib_eabi.lib : adc.obj (.text:ADC_setOffsetTrimAll)
                  00013646    00000028     board.obj (.text:EPWM_setInterruptEventCount)
                  0001366e    00000027     board.obj (.text:GPIO_writePin)
                  00013695    00000027     main.obj (.text:GPIO_writePin)
                  000136bc    00000027     board.obj (.text:HRPWM_setSyncPulseSource)
                  000136e3    00000027     board.obj (.text:SysCtl_setSyncInputConfig)
                  0001370a    00000026     board.obj (.text:I2C_setFIFOInterruptLevel)
                  00013730    00000026     board.obj (.text:SCI_setFIFOInterruptLevel)
                  00013756    00000026     main.obj (.text:SCI_setFIFOInterruptLevel)
                  0001377c    00000025     board.obj (.text:INTERRUPT_init)
                  000137a1    00000025     drv_oled.obj (.text:Write_IIC_Command)
                  000137c6    00000025     drv_oled.obj (.text:Write_IIC_Data)
                  000137eb    00000024     driverlib_eabi.lib : sysctl.obj (.text:DCC_enableSingleShotMode)
                  0001380f    00000024     board.obj (.text:EPWM_setDeadBandDelayPolarity)
                  00013833    00000024     board.obj (.text:EPWM_setupEPWMLinks)
                  00013857    00000024     drv_oled.obj (.text:OLED_Clear)
                  0001387b    00000023     rts2800_fpu32_eabi.lib : fd_tofsfpu32.asm.obj (.text)
                  0001389e    00000022     board.obj (.text:EPWM_setCounterCompareValue)
                  000138c0    00000022     main.obj (.text:EPWM_setCounterCompareValue)
                  000138e2    00000021     board.obj (.text:EPWM_enableGlobalLoadRegisters)
                  00013903    00000020     driverlib_eabi.lib : sci.obj (.text:SCI_isFIFOEnabled)
                  00013923    00000020                        : sysctl.obj (.text:SysCtl_selectXTALSingleEnded)
                  00013943    0000001f     board.obj (.text:EPWM_setFallingEdgeDelayCountShadowLoadMode)
                  00013962    0000001f     board.obj (.text:EPWM_setRisingEdgeDelayCountShadowLoadMode)
                  00013981    0000001f     main.obj (.text:GPIO_togglePin)
                  000139a0    0000001e     driverlib_eabi.lib : sysctl.obj (.text:DCC_setCounter1ClkSource)
                  000139be    0000001e     board.obj (.text:EPWM_setPhaseShift)
                  000139dc    0000001e     driverlib_eabi.lib : interrupt.obj (.text:Interrupt_initVectorTable)
                  000139fa    0000001e     main.obj (.text:SCI_readCharBlockingFIFO)
                  00013a18    0000001e     board.obj (.text:SYNC_init)
                  00013a36    0000001d     board.obj (.text:EPWM_setFallingEdgeDelayCount)
                  00013a53    0000001d     board.obj (.text:EPWM_setRisingEdgeDelayCount)
                  00013a70    0000001d     board.obj (.text:SCI_enableFIFO)
                  00013a8d    0000001d     rts2800_fpu32_eabi.lib : memcpy.c.obj (.text)
                  00013aaa    0000001c     board.obj (.text:ADC_setSOCPriority)
                  00013ac6    0000001c     driverlib_eabi.lib : sysctl.obj (.text:DCC_setCounter0ClkSource)
                  00013ae2    0000001c     board.obj (.text:EPWM_enableADCTrigger)
                  00013afe    0000001c     board.obj (.text:EPWM_setClockPrescaler)
                  00013b1a    0000001c     drv_oled.obj (.text:OLED_ShowString)
                  00013b36    0000001b     board.obj (.text:I2C_setTargetAddress)
                  00013b51    0000001b     rts2800_fpu32_eabi.lib : fd_toul28.asm.obj (.text)
                  00013b6c    0000001a     main.obj (.text:ADC_readResult)
                  00013b86    0000001a     board.obj (.text:I2C_setAddressMode)
                  00013ba0    0000001a     board.obj (.text:I2C_setBitCount)
                  00013bba    0000001a     board.obj (.text:I2C_setConfig)
                  00013bd4    0000001a     drv_oled.obj (.text:I2C_setConfig)
                  00013bee    0000001a     board.obj (.text:I2C_setEmulationMode)
                  00013c08    0000001a     driverlib_eabi.lib : sci.obj (.text:SCI_isSpaceAvailableNonFIFO)
                  00013c22    0000001a                        : sysctl.obj (.text:SysCtl_getLowSpeedClock)
                  00013c3c    00000019     main.obj (.text:SCI_writeCharBlockingFIFO)
                  00013c55    00000019     board.obj (.text:myGPIOEnable_init)
                  00013c6e    00000019     board.obj (.text:myGPIOLED_init)
                  00013c87    00000018     board.obj (.text:ASysCtl_setAnalogReferenceExternal)
                  00013c9f    00000018     board.obj (.text:EPWM_disableFallingEdgeDelayCountShadowLoadMode)
                  00013cb7    00000018     board.obj (.text:EPWM_disableRisingEdgeDelayCountShadowLoadMode)
                  00013ccf    00000018     board.obj (.text:EPWM_enableADCTriggerEventCountInit)
                  00013ce7    00000018     board.obj (.text:I2C_enableFIFO)
                  00013cff    00000018     driverlib_eabi.lib : sci.obj (.text:SCI_disableModule)
                  00013d17    00000018     board.obj (.text:SCI_performSoftwareReset)
                  00013d2f    00000018     driverlib_eabi.lib : sci.obj (.text:SCI_performSoftwareReset)
                  00013d47    00000018     board.obj (.text:SCI_resetChannels)
                  00013d5f    00000018     board.obj (.text:SCI_resetRxFIFO)
                  00013d77    00000018     board.obj (.text:SCI_resetTxFIFO)
                  00013d8f    00000018     board.obj (.text:SysCtl_disablePeripheral)
                  00013da7    00000018     main.obj (.text:SysCtl_disablePeripheral)
                  00013dbf    00000017     board.obj (.text:ADC_isBaseValid)
                  00013dd6    00000017     board.obj (.text:Board_init)
                  00013ded    00000017     board.obj (.text:SysCtl_enablePeripheral)
                  00013e04    00000017     driverlib_eabi.lib : sysctl.obj (.text:SysCtl_enablePeripheral)
                  00013e1b    00000017     main.obj (.text:SysCtl_enablePeripheral)
                  00013e32    00000017     rts2800_fpu32_eabi.lib : boot28.asm.obj (.text)
                  00013e49    00000017                            : u_tofd28.asm.obj (.text)
                  00013e60    00000016     board.obj (.text:ADC_setInterruptPulseMode)
                  00013e76    00000016     board.obj (.text:ADC_setPrescaler)
                  00013e8c    00000016     driverlib_eabi.lib : sysctl.obj (.text:DCC_disableDoneSignal)
                  00013ea2    00000016                        : sysctl.obj (.text:DCC_enableDoneSignal)
                  00013eb8    00000016                        : interrupt.obj (.text:Interrupt_defaultHandler)
                  00013ece    00000016     drv_oled.obj (.text:OLED_Set_Pos)
                  00013ee4    00000016     rts2800_fpu32_eabi.lib : ul_tofd28.asm.obj (.text)
                  00013efa    00000015     board.obj (.text:ADC_disableBurstMode)
                  00013f0f    00000015     device.obj (.text:CAN_isBaseValid)
                  00013f24    00000015     driverlib_eabi.lib : sysctl.obj (.text:DCC_clearDoneFlag)
                  00013f39    00000015                        : sysctl.obj (.text:DCC_clearErrorFlag)
                  00013f4e    00000015                        : sysctl.obj (.text:DCC_disableErrorSignal)
                  00013f63    00000015                        : sysctl.obj (.text:DCC_enableErrorSignal)
                  00013f78    00000015     drv_oled.obj (.text:oled_pow)
                  00013f8d    00000014     driverlib_eabi.lib : sysctl.obj (.text:DCC_disableModule)
                  00013fa1    00000014                        : sysctl.obj (.text:DCC_enableModule)
                  00013fb5    00000014     board.obj (.text:EPWM_setTimeBaseCounterMode)
                  00013fc9    00000014     board.obj (.text:EPWM_setTimeBasePeriod)
                  00013fdd    00000014     board.obj (.text:GPIO_isPinValid)
                  00013ff1    00000007     board.obj (.text:ASysCtl_disableTemperatureSensor)

MODULE SUMMARY

       Module                        code   ro data   rw data
       ------                        ----   -------   -------
    .\
       drv_oled.obj                  706    2200      0      
       main.obj                      1202   474       24     
       DCL_PI_C1.obj                 55     0         0      
       f28004x_codestartbranch.obj   10     0         0      
    +--+-----------------------------+------+---------+---------+
       Total:                        1973   2674      24     
                                                             
    .\syscfg\
       board.obj                     3897   471       0      
       device.obj                    214    174       0      
       c2000ware_libraries.obj       53     0         44     
       device_cmd.obj                4      0         0      
    +--+-----------------------------+------+---------+---------+
       Total:                        4168   645       44     
                                                             
    D:\workTools\ti\c2000\C2000Ware_5_01_00_00\driverlib\f28004x\driverlib\ccs\Debug\driverlib_eabi.lib
       sysctl.obj                    1167   154       0      
       sci.obj                       497    151       0      
       gpio.obj                      374    152       0      
       interrupt.obj                 419    81        0      
       i2c.obj                       115    75        0      
       adc.obj                       40     0         0      
    +--+-----------------------------+------+---------+---------+
       Total:                        2612   613       0      
                                                             
    D:\workTools\ti\ccs1260\ccs\tools\compiler\ti-cgt-c2000_22.6.1.LTS\lib\rts2800_fpu32_eabi.lib
       fd_add28.asm.obj              156    0         0      
       fd_div28.asm.obj              139    0         0      
       fd_mpy28.asm.obj              131    0         0      
       copy_decompress_lzss.c.obj    48     0         0      
       exit.c.obj                    41     0         6      
       autoinit.c.obj                43     0         0      
       fd_tofsfpu32.asm.obj          35     0         0      
       memcpy.c.obj                  29     0         0      
       fd_toul28.asm.obj             27     0         0      
       boot28.asm.obj                23     0         0      
       u_tofd28.asm.obj              23     0         0      
       ul_tofd28.asm.obj             22     0         0      
       fd_sub28.asm.obj              14     0         0      
       _lock.c.obj                   9      0         4      
       copy_zero_init.c.obj          13     0         0      
       args_main.c.obj               12     0         0      
       u_div28.asm.obj               11     0         0      
       copy_decompress_none.c.obj    8      0         0      
       pre_init.c.obj                2      0         0      
       startup.c.obj                 1      0         0      
    +--+-----------------------------+------+---------+---------+
       Total:                        787    0         10     
                                                             
       Stack:                        0      0         1016   
       Linker Generated:             0      42        0      
    +--+-----------------------------+------+---------+---------+
       Grand Total:                  9540   3974      1094   


LINKER GENERATED COPY TABLES

__TI_cinit_table @ 000002c8 records: 2, size/record: 4, table size: 8
	.data: load addr=000002a6, load size=00000018 bytes, run addr=0000b800, run size=0000004a bytes, compression=lzss
	.bss: load addr=000002c4, load size=00000004 bytes, run addr=0000e000, run size=00000004 bytes, compression=zero_init


LINKER GENERATED HANDLER TABLE

__TI_handler_table @ 000002be records: 3, size/record: 2, table size: 6
	index: 0, handler: __TI_zero_init
	index: 1, handler: __TI_decompress_lzss
	index: 2, handler: __TI_decompress_none


GLOBAL DATA SYMBOLS: SORTED BY DATA PAGE

address     data page           name
--------    ----------------    ----
00000400      10 (00000400)     __stack

0000b800     2e0 (0000b800)     myCONTROLLER0_css
0000b80a     2e0 (0000b800)     myCONTROLLER0_sps
0000b816     2e0 (0000b800)     myCONTROLLER0
0000b82c     2e0 (0000b800)     counter
0000b82d     2e0 (0000b800)     time_flag
0000b82e     2e0 (0000b800)     compBValue
0000b830     2e0 (0000b800)     isr_counter
0000b832     2e0 (0000b800)     Vin_temp
0000b834     2e0 (0000b800)     I_in_temp
0000b836     2e0 (0000b800)     I_L_temp
0000b838     2e0 (0000b800)     Vout_temp
0000b83a     2e0 (0000b800)     I_out_temp
0000b83c     2e0 (0000b800)     LOOP_counter
0000b83e     2e0 (0000b800)     vtarget

0000b840     2e1 (0000b840)     __TI_enable_exit_profile_output
0000b842     2e1 (0000b840)     __TI_cleanup_ptr
0000b844     2e1 (0000b840)     __TI_dtors_ptr
0000b846     2e1 (0000b840)     _lock
0000b848     2e1 (0000b840)     _unlock

0000c000     300 (0000c000)     F8X16

0000c5f0     317 (0000c5c0)     F6x8

0000e000     380 (0000e000)     Sample_Temp
0000e002     380 (0000e000)     msg


GLOBAL SYMBOLS: SORTED ALPHABETICALLY BY Name 

page  address   name                             
----  -------   ----                             
0     00008384  ADC_init                         
0     0001361e  ADC_setOffsetTrimAll             
0     00008378  ASYSCTL_init                     
0     00013dd6  Board_init                       
0     000135f5  C$$EXIT                          
0     00008389  C2000Ware_libraries_init         
0     0000839a  CMD0_init                        
0     0000838c  CMD_init                         
0     0000838f  CONTROLLER_init                  
0     0000026e  DCL_runPI_C1                     
0     0001342a  Delay_ms                         
0     00012cc8  Device_init                      
0     000123d5  EPWM_init                        
0     0000c5f0  F6x8                             
0     0000c000  F8X16                            
0     00008339  GPIO_init                        
0     00013270  GPIO_setAnalogMode               
0     000132e2  GPIO_setControllerCore           
0     0001345d  GPIO_setDirectionMode            
0     00012d1d  GPIO_setPadConfig                
0     00013319  GPIO_setPinConfig                
0     00013350  GPIO_setQualificationMode        
0     00008392  I2C_init                         
0     00012baa  I2C_initController               
0     0001377c  INTERRUPT_init                   
0     000000fa  INT_myEPWM0_ISR                  
0     000127c9  INT_mySCI0_RX_ISR                
0     000132aa  INT_mySCI0_TX_ISR                
0     0000b836  I_L_temp                         
0     0000b834  I_in_temp                        
0     0000b83a  I_out_temp                       
0     00013eb8  Interrupt_defaultHandler         
0     00012dc0  Interrupt_disable                
0     00013387  Interrupt_enable                 
0     00008325  Interrupt_illegalOperationHandler
0     000131bc  Interrupt_initModule             
0     000139dc  Interrupt_initVectorTable        
0     0000832f  Interrupt_nmiHandler             
0     0000b83c  LOOP_counter                     
0     00013857  OLED_Clear                       
0     0001303d  OLED_DISPLAY_INT                 
0     00013ece  OLED_Set_Pos                     
0     00012c6c  OLED_ShowChar                    
0     00012ffb  OLED_ShowNum                     
0     00013b1a  OLED_ShowString                  
0     000082a7  OLED_WR_Byte                     
0     000129e2  Oled_Init                        
0     00012b42  PinMux_init                      
0     00012ee8  SCI_clearInterruptStatus         
0     00012f2d  SCI_disableInterrupt             
0     00012fb7  SCI_enableInterrupt              
0     00008395  SCI_init                         
0     0001317e  SCI_setConfig                    
0     0001307e  SCI_writeCharArray               
0     00013a18  SYNC_init                        
0     00012000  SYSCTL_init                      
0     0000e000  Sample_Temp                      
0     000000f6  SysCtl_delay                     
0     00012c0e  SysCtl_getClock                  
0     00013c22  SysCtl_getLowSpeedClock          
0     00012670  SysCtl_isPLLValid                
0     00012e59  SysCtl_selectOscSource           
0     000133f4  SysCtl_selectXTAL                
0     00013923  SysCtl_selectXTALSingleEnded     
0     000125b0  SysCtl_setClock                  
0     0000b832  Vin_temp                         
0     0000b838  Vout_temp                        
0     000137a1  Write_IIC_Command                
0     000137c6  Write_IIC_Data                   
0     000002c8  __TI_CINIT_Base                  
0     000002d0  __TI_CINIT_Limit                 
0     000002d0  __TI_CINIT_Warm                  
0     000002be  __TI_Handler_Table_Base          
0     000002c4  __TI_Handler_Table_Limit         
0     000007f8  __TI_STACK_END                   
abs   000003f8  __TI_STACK_SIZE                  
0     000135ca  __TI_auto_init_nobinit_nopinit   
0     0000b842  __TI_cleanup_ptr                 
0     0001348e  __TI_decompress_lzss             
0     00008353  __TI_decompress_none             
0     0000b844  __TI_dtors_ptr                   
0     0000b840  __TI_enable_exit_profile_output  
abs   ffffffff  __TI_pprof_out_hndl              
abs   ffffffff  __TI_prof_data_size              
abs   ffffffff  __TI_prof_data_start             
0     000082ea  __TI_zero_init_nomemset          
0     0001272d  __c28xabi_addd                   
0     00012855  __c28xabi_divd                   
0     0000831a  __c28xabi_divu                   
0     0001387b  __c28xabi_dtof                   
0     00013b51  __c28xabi_dtoul                  
0     0000831f  __c28xabi_modu                   
0     000128e0  __c28xabi_mpyd                   
0     000082b5  __c28xabi_subd                   
0     00013ee4  __c28xabi_ultod                  
0     00013e49  __c28xabi_utod                   
n/a   UNDEFED   __c_args__                       
0     00008371  __error__                        
0     00000400  __stack                          
0     00008303  _args_main                       
0     00013e32  _c_int00                         
0     0000b846  _lock                            
0     0000834a  _nop                             
0     00008346  _register_lock                   
0     00008342  _register_unlock                 
0     0000839b  _system_post_cinit               
0     00008398  _system_pre_init                 
0     0000b848  _unlock                          
0     000135f5  abort                            
0     00000000  code_start                       
0     0000b82e  compBValue                       
0     0000b82c  counter                          
0     000135f7  exit                             
0     0000b830  isr_counter                      
0     000124e6  main                             
0     00013a8d  memcpy                           
0     0000e002  msg                              
0     00012d6f  myADC0_init                      
0     000130bf  myADC1_init                      
0     000080a0  myBoardLED0_GPIO_init            
0     0000b816  myCONTROLLER0                    
0     0000b800  myCONTROLLER0_css                
0     000134be  myCONTROLLER0_init               
0     0000b80a  myCONTROLLER0_sps                
0     00013c55  myGPIOEnable_init                
0     00013c6e  myGPIOLED_init                   
0     000080b4  myGPIOOutput0_init               
0     00012ea2  myI2C0_init                      
0     000131f9  mySCI0_init                      
0     00013f78  oled_pow                         
0     0000b82d  time_flag                        
0     0000b83e  vtarget                          


GLOBAL SYMBOLS: SORTED BY Symbol Address 

page  address   name                             
----  -------   ----                             
0     00000000  code_start                       
0     000000f6  SysCtl_delay                     
0     000000fa  INT_myEPWM0_ISR                  
0     0000026e  DCL_runPI_C1                     
0     000002be  __TI_Handler_Table_Base          
0     000002c4  __TI_Handler_Table_Limit         
0     000002c8  __TI_CINIT_Base                  
0     000002d0  __TI_CINIT_Limit                 
0     000002d0  __TI_CINIT_Warm                  
0     00000400  __stack                          
0     000007f8  __TI_STACK_END                   
0     000080a0  myBoardLED0_GPIO_init            
0     000080b4  myGPIOOutput0_init               
0     000082a7  OLED_WR_Byte                     
0     000082b5  __c28xabi_subd                   
0     000082ea  __TI_zero_init_nomemset          
0     00008303  _args_main                       
0     0000831a  __c28xabi_divu                   
0     0000831f  __c28xabi_modu                   
0     00008325  Interrupt_illegalOperationHandler
0     0000832f  Interrupt_nmiHandler             
0     00008339  GPIO_init                        
0     00008342  _register_unlock                 
0     00008346  _register_lock                   
0     0000834a  _nop                             
0     00008353  __TI_decompress_none             
0     00008371  __error__                        
0     00008378  ASYSCTL_init                     
0     00008384  ADC_init                         
0     00008389  C2000Ware_libraries_init         
0     0000838c  CMD_init                         
0     0000838f  CONTROLLER_init                  
0     00008392  I2C_init                         
0     00008395  SCI_init                         
0     00008398  _system_pre_init                 
0     0000839a  CMD0_init                        
0     0000839b  _system_post_cinit               
0     0000b800  myCONTROLLER0_css                
0     0000b80a  myCONTROLLER0_sps                
0     0000b816  myCONTROLLER0                    
0     0000b82c  counter                          
0     0000b82d  time_flag                        
0     0000b82e  compBValue                       
0     0000b830  isr_counter                      
0     0000b832  Vin_temp                         
0     0000b834  I_in_temp                        
0     0000b836  I_L_temp                         
0     0000b838  Vout_temp                        
0     0000b83a  I_out_temp                       
0     0000b83c  LOOP_counter                     
0     0000b83e  vtarget                          
0     0000b840  __TI_enable_exit_profile_output  
0     0000b842  __TI_cleanup_ptr                 
0     0000b844  __TI_dtors_ptr                   
0     0000b846  _lock                            
0     0000b848  _unlock                          
0     0000c000  F8X16                            
0     0000c5f0  F6x8                             
0     0000e000  Sample_Temp                      
0     0000e002  msg                              
0     00012000  SYSCTL_init                      
0     000123d5  EPWM_init                        
0     000124e6  main                             
0     000125b0  SysCtl_setClock                  
0     00012670  SysCtl_isPLLValid                
0     0001272d  __c28xabi_addd                   
0     000127c9  INT_mySCI0_RX_ISR                
0     00012855  __c28xabi_divd                   
0     000128e0  __c28xabi_mpyd                   
0     000129e2  Oled_Init                        
0     00012b42  PinMux_init                      
0     00012baa  I2C_initController               
0     00012c0e  SysCtl_getClock                  
0     00012c6c  OLED_ShowChar                    
0     00012cc8  Device_init                      
0     00012d1d  GPIO_setPadConfig                
0     00012d6f  myADC0_init                      
0     00012dc0  Interrupt_disable                
0     00012e59  SysCtl_selectOscSource           
0     00012ea2  myI2C0_init                      
0     00012ee8  SCI_clearInterruptStatus         
0     00012f2d  SCI_disableInterrupt             
0     00012fb7  SCI_enableInterrupt              
0     00012ffb  OLED_ShowNum                     
0     0001303d  OLED_DISPLAY_INT                 
0     0001307e  SCI_writeCharArray               
0     000130bf  myADC1_init                      
0     0001317e  SCI_setConfig                    
0     000131bc  Interrupt_initModule             
0     000131f9  mySCI0_init                      
0     00013270  GPIO_setAnalogMode               
0     000132aa  INT_mySCI0_TX_ISR                
0     000132e2  GPIO_setControllerCore           
0     00013319  GPIO_setPinConfig                
0     00013350  GPIO_setQualificationMode        
0     00013387  Interrupt_enable                 
0     000133f4  SysCtl_selectXTAL                
0     0001342a  Delay_ms                         
0     0001345d  GPIO_setDirectionMode            
0     0001348e  __TI_decompress_lzss             
0     000134be  myCONTROLLER0_init               
0     000135ca  __TI_auto_init_nobinit_nopinit   
0     000135f5  C$$EXIT                          
0     000135f5  abort                            
0     000135f7  exit                             
0     0001361e  ADC_setOffsetTrimAll             
0     0001377c  INTERRUPT_init                   
0     000137a1  Write_IIC_Command                
0     000137c6  Write_IIC_Data                   
0     00013857  OLED_Clear                       
0     0001387b  __c28xabi_dtof                   
0     00013923  SysCtl_selectXTALSingleEnded     
0     000139dc  Interrupt_initVectorTable        
0     00013a18  SYNC_init                        
0     00013a8d  memcpy                           
0     00013b1a  OLED_ShowString                  
0     00013b51  __c28xabi_dtoul                  
0     00013c22  SysCtl_getLowSpeedClock          
0     00013c55  myGPIOEnable_init                
0     00013c6e  myGPIOLED_init                   
0     00013dd6  Board_init                       
0     00013e32  _c_int00                         
0     00013e49  __c28xabi_utod                   
0     00013eb8  Interrupt_defaultHandler         
0     00013ece  OLED_Set_Pos                     
0     00013ee4  __c28xabi_ultod                  
0     00013f78  oled_pow                         
abs   000003f8  __TI_STACK_SIZE                  
abs   ffffffff  __TI_pprof_out_hndl              
abs   ffffffff  __TI_prof_data_size              
abs   ffffffff  __TI_prof_data_start             
n/a   UNDEFED   __c_args__                       

[132 symbols]
