******************************************************************************
             TMS320C2000 Linker PC v22.6.1                     
******************************************************************************
>> Linked Sun Mar  3 22:27:44 2024

OUTPUT FILE NAME:   <F280049C_Demo.out>
ENTRY POINT SYMBOL: "code_start"  address: 00000000


MEMORY CONFIGURATION

         name            origin    length      used     unused   attr    fill
----------------------  --------  ---------  --------  --------  ----  --------
  RAMM0_BEGIN           00000000   00000002  00000002  00000000  RWIX
  RAMM0                 000000f6   0000030a  0000003a  000002d0  RWIX
  RAMM1                 00000400   000003f8  000003f8  00000000  RWIX
  CLATOCPU_MSGRAM       00001480   00000080  00000000  00000080  RWIX
  CPUTOCLA_MSGRAM       00001500   00000080  00000000  00000080  RWIX
  RAMLS0                00008000   00000800  00000000  00000800  RWIX
  RAMLS1                00008800   00000800  00000000  00000800  RWIX
  RAMLS2                00009000   00000800  00000000  00000800  RWIX
  RAMLS3                00009800   00000800  00000000  00000800  RWIX
  RAMLS4                0000a000   00000800  00000800  00000000  RWIX
  RAMLS5                0000a800   00000800  00000800  00000000  RWIX
  RAMLS6                0000b000   00000800  000007ff  00000001  RWIX
  RAMLS7                0000b800   00000800  000007ad  00000053  RWIX
  RAMGS0                0000c000   00002000  00002000  00000000  RWIX
  RAMGS1                0000e000   00002000  00000000  00002000  RWIX
  RAMGS2                00010000   00002000  00000000  00002000  RWIX
  RAMGS3                00012000   00001ff8  00000000  00001ff8  RWIX
  FLASH_BANK0_SEC0      00080000   00001000  00000000  00001000  RWIX
  FLASH_BANK0_SEC1      00081000   00001000  00000000  00001000  RWIX
  FLASH_BANK0_SEC2      00082000   00001000  00000000  00001000  RWIX
  FLASH_BANK0_SEC3      00083000   00001000  00000000  00001000  RWIX
  FLASH_BANK0_SEC4      00084000   00001000  00000000  00001000  RWIX
  FLASH_BANK0_SEC5      00085000   00001000  00000000  00001000  RWIX
  FLASH_BANK0_SEC6      00086000   00001000  00000000  00001000  RWIX
  FLASH_BANK0_SEC7      00087000   00001000  00000000  00001000  RWIX
  FLASH_BANK0_SEC8      00088000   00001000  00000000  00001000  RWIX
  FLASH_BANK0_SEC9      00089000   00001000  00000000  00001000  RWIX
  FLASH_BANK0_SEC10     0008a000   00001000  00000000  00001000  RWIX
  FLASH_BANK0_SEC11     0008b000   00001000  00000000  00001000  RWIX
  FLASH_BANK0_SEC12     0008c000   00001000  00000000  00001000  RWIX
  FLASH_BANK0_SEC13     0008d000   00001000  00000000  00001000  RWIX
  FLASH_BANK0_SEC14     0008e000   00001000  00000000  00001000  RWIX
  FLASH_BANK0_SEC15     0008f000   00001000  00000000  00001000  RWIX
  FLASH_BANK1_SEC0      00090000   00001000  00000000  00001000  RWIX
  FLASH_BANK1_SEC1      00091000   00001000  00000000  00001000  RWIX
  FLASH_BANK1_SEC2      00092000   00001000  00000000  00001000  RWIX
  FLASH_BANK1_SEC3      00093000   00001000  00000000  00001000  RWIX
  FLASH_BANK1_SEC4      00094000   00001000  00000000  00001000  RWIX
  FLASH_BANK1_SEC5      00095000   00001000  00000000  00001000  RWIX
  FLASH_BANK1_SEC6      00096000   00001000  00000000  00001000  RWIX
  FLASH_BANK1_SEC7      00097000   00001000  00000000  00001000  RWIX
  FLASH_BANK1_SEC8      00098000   00001000  00000000  00001000  RWIX
  FLASH_BANK1_SEC9      00099000   00001000  00000000  00001000  RWIX
  FLASH_BANK1_SEC10     0009a000   00001000  00000000  00001000  RWIX
  FLASH_BANK1_SEC11     0009b000   00001000  00000000  00001000  RWIX
  FLASH_BANK1_SEC12     0009c000   00001000  00000000  00001000  RWIX
  FLASH_BANK1_SEC13     0009d000   00001000  00000000  00001000  RWIX
  FLASH_BANK1_SEC14     0009e000   00001000  00000000  00001000  RWIX
  FLASH_BANK1_SEC15     0009f000   00000ff0  00000000  00000ff0  RWIX
  RESET                 003fffc0   00000002  00000000  00000002  RWIX


SECTION ALLOCATION MAP

 output                                  attributes/
section   page    origin      length       input sections
--------  ----  ----------  ----------   ----------------
.reset     0    003fffc0    00000000     DSECT

codestart 
*          0    00000000    00000002     
                  00000000    00000002     f28004x_codestartbranch.obj (codestart)

.data      0    00000000    00000109     FAILED TO ALLOCATE
.TI.ramfunc 
*          0    000000f6    00000004     
                  000000f6    00000004     driverlib_eabi.lib : sysctl.obj (.TI.ramfunc)

.cinit     0    000000fa    00000036     
                  000000fa    00000024     (.cinit..data.load) [load image, compression = lzss]
                  0000011e    00000006     (__TI_handler_table)
                  00000124    00000004     (.cinit..bss.load) [load image, compression = zero_init]
                  00000128    00000008     (__TI_cinit_table)

.stack     0    00000400    000003f8     UNINITIALIZED
                  00000400    000003f8     --HOLE--

.init_array 
*          0    000000f6    00000000     UNINITIALIZED

.bss       0    00000000    000002ce     FAILED TO ALLOCATE
.const     0    0000a000    0000072e     
                  0000a000    000001c0     main.obj (.const:.string)
                  0000a1c0    0000013b     board.obj (.const:.string)
                  0000a2fb    00000101     rts2800_fpu32_eabi.lib : ctype.c.obj (.const:.string:_ctypes_)
                  0000a3fc    000000ae     device.obj (.const:.string)
                  0000a4aa    0000009a     driverlib_eabi.lib : sysctl.obj (.const:.string)
                  0000a544    00000098                        : gpio.obj (.const:.string)
                  0000a5dc    00000097                        : sci.obj (.const:.string)
                  0000a673    00000001     --HOLE-- [fill = 0]
                  0000a674    00000051                        : interrupt.obj (.const:.string)
                  0000a6c5    00000001     --HOLE-- [fill = 0]
                  0000a6c6    00000026     rts2800_fpu32_eabi.lib : _printfi.c.obj (.const:.string)
                  0000a6ec    0000001c                            : _printfi.c.obj (.const)
                  0000a708    0000001c                            : s_scalbn.c.obj (.const)
                  0000a724    00000008                            : s_frexp.c.obj (.const)
                  0000a72c    00000002                            : fputs.c.obj (.const:.string)

.sysmem    0    00000000    00000200     FAILED TO ALLOCATE
.text.1    0    0000a72e    000000d2     
                  0000a72e    00000061     rts2800_fpu32_eabi.lib : hostlseek.c.obj (.text)
                  0000a78f    0000005e     driverlib_eabi.lib : sysctl.obj (.text:SysCtl_getClock)
                  0000a7ed    00000013     board.obj (.text:ADC_enableConverter)

.text.2    0    0000a800    00000800     
                  0000a800    0000005d     rts2800_fpu32_eabi.lib : fclose.c.obj (.text)
                  0000a85d    0000005a                            : s_frexp.c.obj (.text)
                  0000a8b7    00000056     board.obj (.text:myADC0_init)
                  0000a90d    00000055     device.obj (.text:Device_init)
                  0000a962    00000053     rts2800_fpu32_eabi.lib : fputc.c.obj (.text)
                  0000a9b5    00000052     driverlib_eabi.lib : gpio.obj (.text:GPIO_setPadConfig)
                  0000aa07    00000051     rts2800_fpu32_eabi.lib : getdevice.c.obj (.text)
                  0000aa58    0000004e     driverlib_eabi.lib : interrupt.obj (.text:Interrupt_disable)
                  0000aaa6    0000004b     board.obj (.text:EPWM_setInterruptSource)
                  0000aaf1    00000049     driverlib_eabi.lib : sysctl.obj (.text:SysCtl_selectOscSource)
                  0000ab3a    00000047     board.obj (.text:myADC1_init)
                  0000ab81    00000045     driverlib_eabi.lib : sci.obj (.text:SCI_clearInterruptStatus)
                  0000abc6    00000045                        : sci.obj (.text:SCI_disableInterrupt)
                  0000ac0b    00000045                        : sysctl.obj (.text:SysCtl_pollX1Counter)
                  0000ac50    00000044                        : sci.obj (.text:SCI_enableInterrupt)
                  0000ac94    00000043     main.obj (.text:INT_mySCI0_TX_ISR)
                  0000acd7    00000043     board.obj (.text:PinMux_init)
                  0000ad1a    00000041     driverlib_eabi.lib : sci.obj (.text:SCI_writeCharArray)
                  0000ad5b    00000040     board.obj (.text:EPWM_setActionQualifierAction)
                  0000ad9b    0000003e     board.obj (.text:EPWM_setCounterCompareShadowLoadMode)
                  0000add9    0000003e     driverlib_eabi.lib : sci.obj (.text:SCI_setConfig)
                  0000ae17    0000003e     rts2800_fpu32_eabi.lib : hostrename.c.obj (.text)
                  0000ae55    0000003d     driverlib_eabi.lib : interrupt.obj (.text:Interrupt_initModule)
                  0000ae92    0000003d     board.obj (.text:mySCI0_init)
                  0000aecf    0000003d     rts2800_fpu32_eabi.lib : fseek.c.obj (.text)
                  0000af0c    0000003a     board.obj (.text:EPWM_setADCTriggerEventPrescale)
                  0000af46    0000003a     driverlib_eabi.lib : gpio.obj (.text:GPIO_setAnalogMode)
                  0000af80    0000003a     rts2800_fpu32_eabi.lib : hostopen.c.obj (.text)
                  0000afba    00000039                            : hostwrite.c.obj (.text)
                  0000aff3    0000000d     driverlib_eabi.lib : interrupt.obj (.text:Interrupt_disableGlobal)

.text.3    0    0000b000    000007ff     
                  0000b000    00000038     rts2800_fpu32_eabi.lib : hostread.c.obj (.text)
                  0000b038    00000037     driverlib_eabi.lib : gpio.obj (.text:GPIO_setControllerCore)
                  0000b06f    00000037                        : gpio.obj (.text:GPIO_setPinConfig)
                  0000b0a6    00000037                        : gpio.obj (.text:GPIO_setQualificationMode)
                  0000b0dd    00000037                        : interrupt.obj (.text:Interrupt_enable)
                  0000b114    00000036     board.obj (.text:ADC_setupSOC)
                  0000b14a    00000036     driverlib_eabi.lib : sysctl.obj (.text:SysCtl_selectXTAL)
                  0000b180    00000034     rts2800_fpu32_eabi.lib : printf.c.obj (.text)
                  0000b1b4    00000033                            : close.c.obj (.text)
                  0000b1e7    00000031     driverlib_eabi.lib : gpio.obj (.text:GPIO_setDirectionMode)
                  0000b218    00000031     rts2800_fpu32_eabi.lib : atoi.c.obj (.text)
                  0000b249    00000030                            : copy_decompress_lzss.c.obj (.text:decompress:lzss)
                  0000b279    00000030                            : _ltoa.c.obj (.text)
                  0000b2a9    0000002e     board.obj (.text:ADC_setInterruptSOCTrigger)
                  0000b2d7    0000002d     device.obj (.text:CAN_selectClockSource)
                  0000b304    0000002c     board.obj (.text:EPWM_setDeadBandDelayMode)
                  0000b330    0000002b     board.obj (.text:EPWM_isBaseValid)
                  0000b35b    0000002b     main.obj (.text:EPWM_isBaseValid)
                  0000b386    0000002b     rts2800_fpu32_eabi.lib : autoinit.c.obj (.text:__TI_auto_init_nobinit_nopinit)
                  0000b3b1    0000002a                            : fd_cmp28.asm.obj (.text)
                  0000b3db    0000002a                            : l_div28.asm.obj (.text)
                  0000b405    00000029                            : exit.c.obj (.text)
                  0000b42e    00000029                            : hostclose.c.obj (.text)
                  0000b457    00000028     driverlib_eabi.lib : adc.obj (.text:ADC_setOffsetTrimAll)
                  0000b47f    00000028     board.obj (.text:EPWM_setInterruptEventCount)
                  0000b4a7    00000027     board.obj (.text:HRPWM_setSyncPulseSource)
                  0000b4ce    00000027     board.obj (.text:SysCtl_setSyncInputConfig)
                  0000b4f5    00000026     board.obj (.text:SCI_setFIFOInterruptLevel)
                  0000b51b    00000025     board.obj (.text:INTERRUPT_init)
                  0000b540    00000024     driverlib_eabi.lib : sysctl.obj (.text:DCC_enableSingleShotMode)
                  0000b564    00000024     board.obj (.text:EPWM_setDeadBandDelayPolarity)
                  0000b588    00000024     board.obj (.text:EPWM_setupEPWMLinks)
                  0000b5ac    00000024     rts2800_fpu32_eabi.lib : hostunlink.c.obj (.text)
                  0000b5d0    00000024                            : s_copysign.c.obj (.text)
                  0000b5f4    00000022     board.obj (.text:EPWM_setCounterCompareValue)
                  0000b616    00000021     board.obj (.text:EPWM_enableGlobalLoadRegisters)
                  0000b637    00000021     rts2800_fpu32_eabi.lib : fd_toi28.asm.obj (.text)
                  0000b658    00000020     driverlib_eabi.lib : sci.obj (.text:SCI_isFIFOEnabled)
                  0000b678    00000020                        : sysctl.obj (.text:SysCtl_selectXTALSingleEnded)
                  0000b698    0000001f     board.obj (.text:EPWM_setFallingEdgeDelayCountShadowLoadMode)
                  0000b6b7    0000001f     board.obj (.text:EPWM_setRisingEdgeDelayCountShadowLoadMode)
                  0000b6d6    0000001f     main.obj (.text:GPIO_togglePin)
                  0000b6f5    0000001f     rts2800_fpu32_eabi.lib : fd_tol28.asm.obj (.text)
                  0000b714    0000001e     driverlib_eabi.lib : sysctl.obj (.text:DCC_setCounter1ClkSource)
                  0000b732    0000001e     board.obj (.text:EPWM_setPhaseShift)
                  0000b750    0000001e     driverlib_eabi.lib : interrupt.obj (.text:Interrupt_initVectorTable)
                  0000b76e    0000001e     main.obj (.text:SCI_readCharBlockingFIFO)
                  0000b78c    0000001e     board.obj (.text:SYNC_init)
                  0000b7aa    0000001e     rts2800_fpu32_eabi.lib : ll_cmp28.asm.obj (.text)
                  0000b7c8    0000001d     board.obj (.text:EPWM_setFallingEdgeDelayCount)
                  0000b7e5    0000001a     main.obj (.text:ADC_readResult)

.text.4    0    0000b800    000007ad     
                  0000b800    0000001d     board.obj (.text:EPWM_setRisingEdgeDelayCount)
                  0000b81d    0000001d     board.obj (.text:SCI_enableFIFO)
                  0000b83a    0000001d     rts2800_fpu32_eabi.lib : i_tofd28.asm.obj (.text)
                  0000b857    0000001d                            : memcpy.c.obj (.text)
                  0000b874    0000001c     board.obj (.text:ADC_setSOCPriority)
                  0000b890    0000001c     driverlib_eabi.lib : sysctl.obj (.text:DCC_setCounter0ClkSource)
                  0000b8ac    0000001c     board.obj (.text:EPWM_enableADCTrigger)
                  0000b8c8    0000001c     board.obj (.text:EPWM_setClockPrescaler)
                  0000b8e4    0000001c     rts2800_fpu32_eabi.lib : l_tofd28.asm.obj (.text)
                  0000b900    0000001a     driverlib_eabi.lib : sci.obj (.text:SCI_isSpaceAvailableNonFIFO)
                  0000b91a    0000001a                        : sysctl.obj (.text:SysCtl_getLowSpeedClock)
                  0000b934    00000019     main.obj (.text:SCI_writeCharBlockingFIFO)
                  0000b94d    00000019     rts2800_fpu32_eabi.lib : unlink.c.obj (.text)
                  0000b966    00000019                            : write.c.obj (.text)
                  0000b97f    00000018     board.obj (.text:ASysCtl_setAnalogReferenceExternal)
                  0000b997    00000018     board.obj (.text:EPWM_disableFallingEdgeDelayCountShadowLoadMode)
                  0000b9af    00000018     board.obj (.text:EPWM_disableRisingEdgeDelayCountShadowLoadMode)
                  0000b9c7    00000018     board.obj (.text:EPWM_enableADCTriggerEventCountInit)
                  0000b9df    00000018     driverlib_eabi.lib : sci.obj (.text:SCI_disableModule)
                  0000b9f7    00000018     board.obj (.text:SCI_performSoftwareReset)
                  0000ba0f    00000018     driverlib_eabi.lib : sci.obj (.text:SCI_performSoftwareReset)
                  0000ba27    00000018     board.obj (.text:SCI_resetChannels)
                  0000ba3f    00000018     board.obj (.text:SCI_resetRxFIFO)
                  0000ba57    00000018     board.obj (.text:SCI_resetTxFIFO)
                  0000ba6f    00000018     board.obj (.text:SysCtl_disablePeripheral)
                  0000ba87    00000018     main.obj (.text:SysCtl_disablePeripheral)
                  0000ba9f    00000018     rts2800_fpu32_eabi.lib : ll_aox28.asm.obj (.text)
                  0000bab7    00000018                            : lseek.c.obj (.text)
                  0000bacf    00000017     board.obj (.text:ADC_isBaseValid)
                  0000bae6    00000017     board.obj (.text:SysCtl_enablePeripheral)
                  0000bafd    00000017     driverlib_eabi.lib : sysctl.obj (.text:SysCtl_enablePeripheral)
                  0000bb14    00000017     main.obj (.text:SysCtl_enablePeripheral)
                  0000bb2b    00000017     rts2800_fpu32_eabi.lib : boot28.asm.obj (.text)
                  0000bb42    00000016     board.obj (.text:ADC_setInterruptCycleOffset)
                  0000bb58    00000016     board.obj (.text:ADC_setInterruptPulseMode)
                  0000bb6e    00000016     board.obj (.text:ADC_setPrescaler)
                  0000bb84    00000016     driverlib_eabi.lib : sysctl.obj (.text:DCC_disableDoneSignal)
                  0000bb9a    00000016                        : sysctl.obj (.text:DCC_enableDoneSignal)
                  0000bbb0    00000016                        : interrupt.obj (.text:Interrupt_defaultHandler)
                  0000bbc6    00000015     board.obj (.text:ADC_disableBurstMode)
                  0000bbdb    00000015     board.obj (.text:Board_init)
                  0000bbf0    00000015     device.obj (.text:CAN_isBaseValid)
                  0000bc05    00000015     driverlib_eabi.lib : sysctl.obj (.text:DCC_clearDoneFlag)
                  0000bc1a    00000015                        : sysctl.obj (.text:DCC_clearErrorFlag)
                  0000bc2f    00000015                        : sysctl.obj (.text:DCC_disableErrorSignal)
                  0000bc44    00000015                        : sysctl.obj (.text:DCC_enableErrorSignal)
                  0000bc59    00000015     rts2800_fpu32_eabi.lib : strncpy.c.obj (.text)
                  0000bc6e    00000014     driverlib_eabi.lib : sysctl.obj (.text:DCC_disableModule)
                  0000bc82    00000014                        : sysctl.obj (.text:DCC_enableModule)
                  0000bc96    00000014     board.obj (.text:EPWM_setTimeBaseCounterMode)
                  0000bcaa    00000014     board.obj (.text:EPWM_setTimeBasePeriod)
                  0000bcbe    00000014     driverlib_eabi.lib : gpio.obj (.text:GPIO_isPinValid)
                  0000bcd2    00000014     main.obj (.text:GPIO_isPinValid)
                  0000bce6    00000014     main.obj (.text:SCI_getRxFIFOStatus)
                  0000bcfa    00000014     driverlib_eabi.lib : sci.obj (.text:SCI_getTxFIFOStatus)
                  0000bd0e    00000014     main.obj (.text:SCI_getTxFIFOStatus)
                  0000bd22    00000014     device.obj (.text:SysCtl_deviceCal)
                  0000bd36    00000014     board.obj (.text:SysCtl_setPeripheralAccessControl)
                  0000bd4a    00000014     board.obj (.text:myBoardLED0_GPIO_init)
                  0000bd5e    00000014     board.obj (.text:myGPIOOutput0_init)
                  0000bd72    00000013     main.obj (.text:EPWM_clearEventTriggerInterruptFlag)
                  0000bd85    00000013     board.obj (.text:EPWM_enableInterrupt)
                  0000bd98    00000013     board.obj (.text:SCI_clearOverflowStatus)
                  0000bdab    00000013     board.obj (.text:SCI_enableModule)
                  0000bdbe    00000013     driverlib_eabi.lib : sci.obj (.text:SCI_enableModule)
                  0000bdd1    00000013     board.obj (.text:SCI_isBaseValid)
                  0000bde4    00000013     driverlib_eabi.lib : sci.obj (.text:SCI_isBaseValid)
                  0000bdf7    00000013     main.obj (.text:SCI_isBaseValid)
                  0000be0a    00000012     board.obj (.text:EPWM_setTimeBaseCounter)
                  0000be1c    00000012     board.obj (.text:SysCtl_setSyncOutputConfig)
                  0000be2e    00000011     board.obj (.text:EPWM_disablePhaseShiftLoad)
                  0000be3f    00000011     board.obj (.text:SCI_disableLoopback)
                  0000be50    00000010     driverlib_eabi.lib : sysctl.obj (.text:DCC_isBaseValid)
                  0000be60    00000010     main.obj (.text:SCI_getRxStatus)
                  0000be70    00000010     rts2800_fpu32_eabi.lib : memccpy.c.obj (.text)
                  0000be80    0000000f     device.obj (.text:ASysCtl_disableDCDC)
                  0000be8f    0000000f     board.obj (.text:Interrupt_register)
                  0000be9e    0000000e     rts2800_fpu32_eabi.lib : fd_sub28.asm.obj (.text)
                  0000beac    0000000d     driverlib_eabi.lib : interrupt.obj (.text:Interrupt_enableGlobal)
                  0000beb9    0000000d     device.obj (.text:SysCtl_setLowSpeedClock)
                  0000bec6    0000000d     rts2800_fpu32_eabi.lib : copy_zero_init.c.obj (.text:decompress:ZI:__TI_zero_init_nomemset)
                  0000bed3    0000000d                            : memchr.c.obj (.text)
                  0000bee0    0000000c     board.obj (.text:SysCtl_enableExtADCSOCSource)
                  0000beec    0000000c     rts2800_fpu32_eabi.lib : args_main.c.obj (.text)
                  0000bef8    0000000c                            : strchr.c.obj (.text)
                  0000bf04    0000000b     driverlib_eabi.lib : sysctl.obj (.text:SysCtl_isMCDClockFailureDetected)
                  0000bf0f    0000000b     rts2800_fpu32_eabi.lib : wcslen.c.obj (.text)
                  0000bf1a    0000000a     driverlib_eabi.lib : interrupt.obj (.text:Interrupt_illegalOperationHandler)
                  0000bf24    0000000a                        : interrupt.obj (.text:Interrupt_nmiHandler)
                  0000bf2e    0000000a     rts2800_fpu32_eabi.lib : strcmp.c.obj (.text)
                  0000bf38    00000009                            : _lock.c.obj (.text)
                  0000bf41    00000009                            : fd_neg28.asm.obj (.text)
                  0000bf4a    00000008     device.obj (.text:SysCtl_disableWatchdog)
                  0000bf52    00000008     rts2800_fpu32_eabi.lib : copy_decompress_none.c.obj (.text:decompress:none)
                  0000bf5a    00000008     f28004x_codestartbranch.obj (.text)
                  0000bf62    00000008     rts2800_fpu32_eabi.lib : strlen.c.obj (.text)
                  0000bf6a    00000007     board.obj (.text:ASysCtl_disableTemperatureSensor)
                  0000bf71    00000007     board.obj (.text:SysCtl_disableMCD)
                  0000bf78    00000007     driverlib_eabi.lib : sysctl.obj (.text:SysCtl_resetMCD)
                  0000bf7f    00000007     device.obj (.text:__error__)
                  0000bf86    00000007     rts2800_fpu32_eabi.lib : memset.c.obj (.text)
                  0000bf8d    00000006     board.obj (.text:ASYSCTL_init)
                  0000bf93    00000006     main.obj (.text:Interrupt_clearACKGroup)
                  0000bf99    00000005     board.obj (.text:ADC_init)
                  0000bf9e    00000005     board.obj (.text:GPIO_init)
                  0000bfa3    00000005     rts2800_fpu32_eabi.lib : strcpy.c.obj (.text)
                  0000bfa8    00000003     board.obj (.text:SCI_init)
                  0000bfab    00000002     rts2800_fpu32_eabi.lib : pre_init.c.obj (.text)

.text.5    0    0000c000    00002000     
                  0000c000    000006c2     rts2800_fpu32_eabi.lib : _printfi.c.obj (.text)
                  0000c6c2    00000614                            : _printfi.c.obj (.text:__TI_printfi)
                  0000ccd6    000003d5     board.obj (.text:SYSCTL_init)
                  0000d0ab    00000298     rts2800_fpu32_eabi.lib : memory.c.obj (.text)
                  0000d343    00000121                            : fopen.c.obj (.text)
                  0000d464    00000110     board.obj (.text:EPWM_init)
                  0000d574    00000107     rts2800_fpu32_eabi.lib : ll_div28.asm.obj (.text)
                  0000d67b    000000c0     driverlib_eabi.lib : sysctl.obj (.text:SysCtl_setClock)
                  0000d73b    000000bd                        : sysctl.obj (.text:SysCtl_isPLLValid)
                  0000d7f8    000000a9     rts2800_fpu32_eabi.lib : s_scalbn.c.obj (.text)
                  0000d8a1    000000a8                            : fputs.c.obj (.text)
                  0000d949    0000009c                            : fd_add28.asm.obj (.text)
                  0000d9e5    00000001     device_cmd.obj (.text:generic_ram_lnk_init)
                  0000d9e6    00000095     rts2800_fpu32_eabi.lib : trgmsg.c.obj (.text)
                  0000da7b    0000008b                            : fd_div28.asm.obj (.text)
                  0000db06    00000083                            : fd_mpy28.asm.obj (.text)
                  0000db89    0000007f     driverlib_eabi.lib : interrupt.obj (.text:Interrupt_clearIFR)
                  0000dc08    0000007c     rts2800_fpu32_eabi.lib : setvbuf.c.obj (.text)
                  0000dc84    00000075     board.obj (.text:EPWM_setADCTriggerSource)
                  0000dcf9    00000074     main.obj (.text:INT_myEPWM0_ISR)
                  0000dd6d    00000073     driverlib_eabi.lib : sysctl.obj (.text:DCC_setCounterSeeds)
                  0000dde0    00000073     rts2800_fpu32_eabi.lib : fflush.c.obj (.text)
                  0000de53    00000071                            : open.c.obj (.text)
                  0000dec4    00000070     main.obj (.text:main)
                  0000df34    00000065     rts2800_fpu32_eabi.lib : _io_perm.c.obj (.text)
                  0000df99    00000063     main.obj (.text:INT_mySCI0_RX_ISR)
                  0000dffc    00000003     device_cmd.obj (.text:CMD_init)
                  0000dfff    00000001     rts2800_fpu32_eabi.lib : startup.c.obj (.text)

MODULE SUMMARY

       Module                        code    ro data   rw data
       ------                        ----    -------   -------
    .\
       main.obj                      716     448       0      
       f28004x_codestartbranch.obj   10      0         0      
    +--+-----------------------------+-------+---------+---------+
       Total:                        726     448       0      
                                                              
    .\syscfg\
       board.obj                     3421    315       0      
       device.obj                    214     174       0      
       device_cmd.obj                4       0         0      
    +--+-----------------------------+-------+---------+---------+
       Total:                        3639    489       0      
                                                              
    D:\workTools\ti\c2000\C2000Ware_5_01_00_00\driverlib\f28004x\driverlib\ccs\Debug\driverlib_eabi.lib
       sysctl.obj                    1167    154       0      
       sci.obj                       497     151       0      
       gpio.obj                      374     152       0      
       interrupt.obj                 419     81        0      
       adc.obj                       40      0         0      
    +--+-----------------------------+-------+---------+---------+
       Total:                        2497    538       0      
                                                              
    D:\workTools\ti\ccs1260\ccs\tools\compiler\ti-cgt-c2000_22.6.1.LTS\lib\rts2800_fpu32_eabi.lib
       _printfi.c.obj                3286    66        0      
       memory.c.obj                  664     0         0      
       fopen.c.obj                   289     0         0      
       ll_div28.asm.obj              263     0         0      
       ctype.c.obj                   0       257       0      
       s_scalbn.c.obj                169     28        0      
       fputs.c.obj                   168     2         0      
       fd_add28.asm.obj              156     0         0      
       trgmsg.c.obj                  149     0         0      
       fd_div28.asm.obj              139     0         0      
       fd_mpy28.asm.obj              131     0         0      
       setvbuf.c.obj                 124     0         0      
       fflush.c.obj                  115     0         0      
       open.c.obj                    113     0         0      
       _io_perm.c.obj                101     0         0      
       s_frexp.c.obj                 90      8         0      
       hostlseek.c.obj               97      0         0      
       fclose.c.obj                  93      0         0      
       fputc.c.obj                   83      0         0      
       getdevice.c.obj               81      0         0      
       hostrename.c.obj              62      0         0      
       fseek.c.obj                   61      0         0      
       hostopen.c.obj                58      0         0      
       hostwrite.c.obj               57      0         0      
       hostread.c.obj                56      0         0      
       printf.c.obj                  52      0         0      
       close.c.obj                   51      0         0      
       atoi.c.obj                    49      0         0      
       _ltoa.c.obj                   48      0         0      
       copy_decompress_lzss.c.obj    48      0         0      
       autoinit.c.obj                43      0         0      
       fd_cmp28.asm.obj              42      0         0      
       l_div28.asm.obj               42      0         0      
       exit.c.obj                    41      0         0      
       hostclose.c.obj               41      0         0      
       hostunlink.c.obj              36      0         0      
       s_copysign.c.obj              36      0         0      
       fd_toi28.asm.obj              33      0         0      
       fd_tol28.asm.obj              31      0         0      
       ll_cmp28.asm.obj              30      0         0      
       i_tofd28.asm.obj              29      0         0      
       memcpy.c.obj                  29      0         0      
       l_tofd28.asm.obj              28      0         0      
       unlink.c.obj                  25      0         0      
       write.c.obj                   25      0         0      
       ll_aox28.asm.obj              24      0         0      
       lseek.c.obj                   24      0         0      
       boot28.asm.obj                23      0         0      
       strncpy.c.obj                 21      0         0      
       memccpy.c.obj                 16      0         0      
       fd_sub28.asm.obj              14      0         0      
       copy_zero_init.c.obj          13      0         0      
       memchr.c.obj                  13      0         0      
       args_main.c.obj               12      0         0      
       strchr.c.obj                  12      0         0      
       wcslen.c.obj                  11      0         0      
       strcmp.c.obj                  10      0         0      
       _lock.c.obj                   9       0         0      
       fd_neg28.asm.obj              9       0         0      
       copy_decompress_none.c.obj    8       0         0      
       strlen.c.obj                  8       0         0      
       memset.c.obj                  7       0         0      
       strcpy.c.obj                  5       0         0      
       pre_init.c.obj                2       0         0      
       startup.c.obj                 1       0         0      
    +--+-----------------------------+-------+---------+---------+
       Total:                        7606    361       0      
                                                              
       Stack:                        0       0         1016   
       Linker Generated:             0       54        0      
    +--+-----------------------------+-------+---------+---------+
       Grand Total:                  14468   1890      1016   


LINKER GENERATED COPY TABLES

__TI_cinit_table @ 00000128 records: 2, size/record: 4, table size: 8
	.data: load addr=000000fa, load size=00000024 bytes, run addr=00000000, run size=00000109 bytes, compression=lzss
	.bss: load addr=00000124, load size=00000004 bytes, run addr=00000000, run size=000002ce bytes, compression=zero_init


LINKER GENERATED HANDLER TABLE

__TI_handler_table @ 0000011e records: 3, size/record: 2, table size: 6
	index: 0, handler: __TI_zero_init
	index: 1, handler: __TI_decompress_lzss
	index: 2, handler: __TI_decompress_none


GLOBAL DATA SYMBOLS: SORTED BY DATA PAGE

address     data page           name
--------    ----------------    ----
00000000       0 (00000000)     __CIOBUF_
00000000       0 (00000000)     _ftable
00000000       0 (00000000)     _sys_memory

00000078       1 (00000040)     _device

000000c0       3 (000000c0)     _stream
000000e8       3 (000000c0)     counter
000000ea       3 (000000c0)     isr_counter
000000ec       3 (000000c0)     pwmSignal
000000fa       3 (000000c0)     __TI_enable_exit_profile_output
000000fc       3 (000000c0)     __TI_cleanup_ptr
000000fe       3 (000000c0)     __TI_dtors_ptr

00000100       4 (00000100)     _lock
00000102       4 (00000100)     _unlock
00000104       4 (00000100)     __TI_ft_end
00000105       4 (00000100)     errno
00000120       4 (00000100)     myADC0Results

00000220       8 (00000200)     __TI_tmpnams

000002c0       b (000002c0)     parmbuf
000002c8       b (000002c0)     index
000002c9       b (000002c0)     bufferFull
000002ca       b (000002c0)     msg

00000400      10 (00000400)     __stack

0000a2fb     28b (0000a2c0)     _ctypes_


GLOBAL SYMBOLS: SORTED ALPHABETICALLY BY Name 

page  address   name                             
----  -------   ----                             
0     0000bf99  ADC_init                         
0     0000b457  ADC_setOffsetTrimAll             
0     0000bf8d  ASYSCTL_init                     
0     0000bbdb  Board_init                       
0     0000b405  C$$EXIT                          
0     0000da39  C$$IO$$                          
0     0000dffc  CMD_init                         
0     0000a90d  Device_init                      
0     0000d464  EPWM_init                        
0     0000bf9e  GPIO_init                        
0     0000af46  GPIO_setAnalogMode               
0     0000b038  GPIO_setControllerCore           
0     0000b1e7  GPIO_setDirectionMode            
0     0000a9b5  GPIO_setPadConfig                
0     0000b06f  GPIO_setPinConfig                
0     0000b0a6  GPIO_setQualificationMode        
0     0000b42e  HOSTclose                        
0     0000a72e  HOSTlseek                        
0     0000af80  HOSTopen                         
0     0000b000  HOSTread                         
0     0000ae17  HOSTrename                       
0     0000b5ac  HOSTunlink                       
0     0000afba  HOSTwrite                        
0     0000b51b  INTERRUPT_init                   
0     0000dcf9  INT_myEPWM0_ISR                  
0     0000df99  INT_mySCI0_RX_ISR                
0     0000ac94  INT_mySCI0_TX_ISR                
0     0000bbb0  Interrupt_defaultHandler         
0     0000aa58  Interrupt_disable                
0     0000b0dd  Interrupt_enable                 
0     0000bf1a  Interrupt_illegalOperationHandler
0     0000ae55  Interrupt_initModule             
0     0000b750  Interrupt_initVectorTable        
0     0000bf24  Interrupt_nmiHandler             
0     0000acd7  PinMux_init                      
0     0000ab81  SCI_clearInterruptStatus         
0     0000abc6  SCI_disableInterrupt             
0     0000ac50  SCI_enableInterrupt              
0     0000bfa8  SCI_init                         
0     0000add9  SCI_setConfig                    
0     0000ad1a  SCI_writeCharArray               
0     0000b78c  SYNC_init                        
0     0000ccd6  SYSCTL_init                      
0     000000f6  SysCtl_delay                     
0     0000a78f  SysCtl_getClock                  
0     0000b91a  SysCtl_getLowSpeedClock          
0     0000d73b  SysCtl_isPLLValid                
0     0000aaf1  SysCtl_selectOscSource           
0     0000b14a  SysCtl_selectXTAL                
0     0000b678  SysCtl_selectXTALSingleEnded     
0     0000d67b  SysCtl_setClock                  
0     00000000  __CIOBUF_                        
0     00000128  __TI_CINIT_Base                  
0     00000130  __TI_CINIT_Limit                 
0     00000130  __TI_CINIT_Warm                  
0     0000011e  __TI_Handler_Table_Base          
0     00000124  __TI_Handler_Table_Limit         
0     000007f8  __TI_STACK_END                   
abs   000003f8  __TI_STACK_SIZE                  
abs   00000200  __TI_SYSMEM_SIZE                 
0     0000b386  __TI_auto_init_nobinit_nopinit   
0     0000d3e2  __TI_cleanup                     
0     000000fc  __TI_cleanup_ptr                 
0     0000a800  __TI_closefile                   
0     0000b249  __TI_decompress_lzss             
0     0000bf52  __TI_decompress_none             
0     0000dde0  __TI_doflush                     
0     000000fe  __TI_dtors_ptr                   
0     000000fa  __TI_enable_exit_profile_output  
0     00000104  __TI_ft_end                      
0     0000d341  __TI_heap_check                  
0     0000d322  __TI_heap_largest_available      
0     0000d303  __TI_heap_total_available        
0     0000b279  __TI_ltoa                        
abs   ffffffff  __TI_pprof_out_hndl              
0     0000cb51  __TI_printfi                     
abs   ffffffff  __TI_prof_data_size              
abs   ffffffff  __TI_prof_data_start             
0     0000df6e  __TI_rd_ok                       
0     0000da3e  __TI_readmsg                     
0     00000220  __TI_tmpnams                     
0     0000d9e6  __TI_writemsg                    
0     0000df34  __TI_wrt_ok                      
0     0000bec6  __TI_zero_init_nomemset          
0     0000d949  __c28xabi_addd                   
0     0000ba9f  __c28xabi_andll                  
0     0000b3b1  __c28xabi_cmpd                   
0     0000b7aa  __c28xabi_cmpll                  
0     0000b7bc  __c28xabi_cmpull                 
0     0000da7b  __c28xabi_divd                   
0     0000b3db  __c28xabi_divl                   
0     0000d574  __c28xabi_divll                  
0     0000b3f8  __c28xabi_divul                  
0     0000d5ea  __c28xabi_divull                 
0     0000b637  __c28xabi_dtoi                   
0     0000b6f5  __c28xabi_dtol                   
0     0000b83a  __c28xabi_itod                   
0     0000b8e4  __c28xabi_ltod                   
0     0000b3ea  __c28xabi_modl                   
0     0000d5b0  __c28xabi_modll                  
0     0000b3ff  __c28xabi_modul                  
0     0000d619  __c28xabi_modull                 
0     0000db06  __c28xabi_mpyd                   
0     0000bf41  __c28xabi_negd                   
0     0000baa7  __c28xabi_orll                   
0     0000be9e  __c28xabi_subd                   
0     0000baaf  __c28xabi_xorll                  
n/a   UNDEFED   __c_args__                       
0     0000bf7f  __error__                        
0     00000400  __stack                          
0     0000beec  _args_main                       
0     0000bb2b  _c_int00                         
0     0000a2fb  _ctypes_                         
0     00000078  _device                          
0     00000000  _ftable                          
0     00000100  _lock                            
0     0000bf40  _nop                             
0     0000bf3c  _register_lock                   
0     0000bf38  _register_unlock                 
0     000000c0  _stream                          
0     00000000  _sys_memory                      
0     0000dfff  _system_post_cinit               
0     0000bfab  _system_pre_init                 
0     00000102  _unlock                          
0     0000b405  abort                            
0     0000d255  aligned_alloc                    
0     0000b218  atoi                             
0     000002c9  bufferFull                       
0     0000d228  calloc                           
0     0000b1b4  close                            
0     00000000  code_start                       
0     0000b5d0  copysign                         
0     0000b5d0  copysignl                        
0     000000e8  counter                          
0     00000105  errno                            
0     0000b407  exit                             
0     0000a844  fclose                           
0     0000de0f  fflush                           
0     0000aa07  finddevice                       
0     0000d41d  fopen                            
0     0000a962  fputc                            
0     0000d8a1  fputs                            
0     0000d0d6  free                             
0     0000d3ff  freopen                          
0     0000a85d  frexp                            
0     0000a85d  frexpl                           
0     0000aecf  fseek                            
0     0000aecf  fseeko                           
0     0000d9e5  generic_ram_lnk_init             
0     0000aa22  getdevice                        
0     000002c8  index                            
0     000000ea  isr_counter                      
0     0000d7f8  ldexp                            
0     0000d7f8  ldexpl                           
0     0000bab7  lseek                            
0     0000dec4  main                             
0     0000d0ab  malloc                           
0     0000d255  memalign                         
0     0000be70  memccpy                          
0     0000bed3  memchr                           
0     0000b857  memcpy                           
0     0000bf86  memset                           
0     0000d224  minit                            
0     000002ca  msg                              
0     00000120  myADC0Results                    
0     0000a8b7  myADC0_init                      
0     0000ab3a  myADC1_init                      
0     0000bd4a  myBoardLED0_GPIO_init            
0     0000bd5e  myGPIOOutput0_init               
0     0000ae92  mySCI0_init                      
0     0000de53  open                             
0     000002c0  parmbuf                          
0     0000b186  printf                           
0     0000a962  putc                             
0     0000a9b0  putchar                          
0     0000d936  puts                             
0     000000ec  pwmSignal                        
0     0000d1a0  realloc                          
0     0000b94d  remove                           
0     0000d7f8  scalbn                           
0     0000d7f8  scalbnl                          
0     0000dc08  setvbuf                          
0     0000bef8  strchr                           
0     0000bf2e  strcmp                           
0     0000bfa3  strcpy                           
0     0000bf62  strlen                           
0     0000bc59  strncpy                          
0     0000b94d  unlink                           
0     0000bf0f  wcslen                           
0     0000b966  write                            


GLOBAL SYMBOLS: SORTED BY Symbol Address 

page  address   name                             
----  -------   ----                             
0     00000000  __CIOBUF_                        
0     00000000  _ftable                          
0     00000000  _sys_memory                      
0     00000000  code_start                       
0     00000078  _device                          
0     000000c0  _stream                          
0     000000e8  counter                          
0     000000ea  isr_counter                      
0     000000ec  pwmSignal                        
0     000000f6  SysCtl_delay                     
0     000000fa  __TI_enable_exit_profile_output  
0     000000fc  __TI_cleanup_ptr                 
0     000000fe  __TI_dtors_ptr                   
0     00000100  _lock                            
0     00000102  _unlock                          
0     00000104  __TI_ft_end                      
0     00000105  errno                            
0     0000011e  __TI_Handler_Table_Base          
0     00000120  myADC0Results                    
0     00000124  __TI_Handler_Table_Limit         
0     00000128  __TI_CINIT_Base                  
0     00000130  __TI_CINIT_Limit                 
0     00000130  __TI_CINIT_Warm                  
0     00000220  __TI_tmpnams                     
0     000002c0  parmbuf                          
0     000002c8  index                            
0     000002c9  bufferFull                       
0     000002ca  msg                              
0     00000400  __stack                          
0     000007f8  __TI_STACK_END                   
0     0000a2fb  _ctypes_                         
0     0000a72e  HOSTlseek                        
0     0000a78f  SysCtl_getClock                  
0     0000a800  __TI_closefile                   
0     0000a844  fclose                           
0     0000a85d  frexp                            
0     0000a85d  frexpl                           
0     0000a8b7  myADC0_init                      
0     0000a90d  Device_init                      
0     0000a962  fputc                            
0     0000a962  putc                             
0     0000a9b0  putchar                          
0     0000a9b5  GPIO_setPadConfig                
0     0000aa07  finddevice                       
0     0000aa22  getdevice                        
0     0000aa58  Interrupt_disable                
0     0000aaf1  SysCtl_selectOscSource           
0     0000ab3a  myADC1_init                      
0     0000ab81  SCI_clearInterruptStatus         
0     0000abc6  SCI_disableInterrupt             
0     0000ac50  SCI_enableInterrupt              
0     0000ac94  INT_mySCI0_TX_ISR                
0     0000acd7  PinMux_init                      
0     0000ad1a  SCI_writeCharArray               
0     0000add9  SCI_setConfig                    
0     0000ae17  HOSTrename                       
0     0000ae55  Interrupt_initModule             
0     0000ae92  mySCI0_init                      
0     0000aecf  fseek                            
0     0000aecf  fseeko                           
0     0000af46  GPIO_setAnalogMode               
0     0000af80  HOSTopen                         
0     0000afba  HOSTwrite                        
0     0000b000  HOSTread                         
0     0000b038  GPIO_setControllerCore           
0     0000b06f  GPIO_setPinConfig                
0     0000b0a6  GPIO_setQualificationMode        
0     0000b0dd  Interrupt_enable                 
0     0000b14a  SysCtl_selectXTAL                
0     0000b186  printf                           
0     0000b1b4  close                            
0     0000b1e7  GPIO_setDirectionMode            
0     0000b218  atoi                             
0     0000b249  __TI_decompress_lzss             
0     0000b279  __TI_ltoa                        
0     0000b386  __TI_auto_init_nobinit_nopinit   
0     0000b3b1  __c28xabi_cmpd                   
0     0000b3db  __c28xabi_divl                   
0     0000b3ea  __c28xabi_modl                   
0     0000b3f8  __c28xabi_divul                  
0     0000b3ff  __c28xabi_modul                  
0     0000b405  C$$EXIT                          
0     0000b405  abort                            
0     0000b407  exit                             
0     0000b42e  HOSTclose                        
0     0000b457  ADC_setOffsetTrimAll             
0     0000b51b  INTERRUPT_init                   
0     0000b5ac  HOSTunlink                       
0     0000b5d0  copysign                         
0     0000b5d0  copysignl                        
0     0000b637  __c28xabi_dtoi                   
0     0000b678  SysCtl_selectXTALSingleEnded     
0     0000b6f5  __c28xabi_dtol                   
0     0000b750  Interrupt_initVectorTable        
0     0000b78c  SYNC_init                        
0     0000b7aa  __c28xabi_cmpll                  
0     0000b7bc  __c28xabi_cmpull                 
0     0000b83a  __c28xabi_itod                   
0     0000b857  memcpy                           
0     0000b8e4  __c28xabi_ltod                   
0     0000b91a  SysCtl_getLowSpeedClock          
0     0000b94d  remove                           
0     0000b94d  unlink                           
0     0000b966  write                            
0     0000ba9f  __c28xabi_andll                  
0     0000baa7  __c28xabi_orll                   
0     0000baaf  __c28xabi_xorll                  
0     0000bab7  lseek                            
0     0000bb2b  _c_int00                         
0     0000bbb0  Interrupt_defaultHandler         
0     0000bbdb  Board_init                       
0     0000bc59  strncpy                          
0     0000bd4a  myBoardLED0_GPIO_init            
0     0000bd5e  myGPIOOutput0_init               
0     0000be70  memccpy                          
0     0000be9e  __c28xabi_subd                   
0     0000bec6  __TI_zero_init_nomemset          
0     0000bed3  memchr                           
0     0000beec  _args_main                       
0     0000bef8  strchr                           
0     0000bf0f  wcslen                           
0     0000bf1a  Interrupt_illegalOperationHandler
0     0000bf24  Interrupt_nmiHandler             
0     0000bf2e  strcmp                           
0     0000bf38  _register_unlock                 
0     0000bf3c  _register_lock                   
0     0000bf40  _nop                             
0     0000bf41  __c28xabi_negd                   
0     0000bf52  __TI_decompress_none             
0     0000bf62  strlen                           
0     0000bf7f  __error__                        
0     0000bf86  memset                           
0     0000bf8d  ASYSCTL_init                     
0     0000bf99  ADC_init                         
0     0000bf9e  GPIO_init                        
0     0000bfa3  strcpy                           
0     0000bfa8  SCI_init                         
0     0000bfab  _system_pre_init                 
0     0000cb51  __TI_printfi                     
0     0000ccd6  SYSCTL_init                      
0     0000d0ab  malloc                           
0     0000d0d6  free                             
0     0000d1a0  realloc                          
0     0000d224  minit                            
0     0000d228  calloc                           
0     0000d255  aligned_alloc                    
0     0000d255  memalign                         
0     0000d303  __TI_heap_total_available        
0     0000d322  __TI_heap_largest_available      
0     0000d341  __TI_heap_check                  
0     0000d3e2  __TI_cleanup                     
0     0000d3ff  freopen                          
0     0000d41d  fopen                            
0     0000d464  EPWM_init                        
0     0000d574  __c28xabi_divll                  
0     0000d5b0  __c28xabi_modll                  
0     0000d5ea  __c28xabi_divull                 
0     0000d619  __c28xabi_modull                 
0     0000d67b  SysCtl_setClock                  
0     0000d73b  SysCtl_isPLLValid                
0     0000d7f8  ldexp                            
0     0000d7f8  ldexpl                           
0     0000d7f8  scalbn                           
0     0000d7f8  scalbnl                          
0     0000d8a1  fputs                            
0     0000d936  puts                             
0     0000d949  __c28xabi_addd                   
0     0000d9e5  generic_ram_lnk_init             
0     0000d9e6  __TI_writemsg                    
0     0000da39  C$$IO$$                          
0     0000da3e  __TI_readmsg                     
0     0000da7b  __c28xabi_divd                   
0     0000db06  __c28xabi_mpyd                   
0     0000dc08  setvbuf                          
0     0000dcf9  INT_myEPWM0_ISR                  
0     0000dde0  __TI_doflush                     
0     0000de0f  fflush                           
0     0000de53  open                             
0     0000dec4  main                             
0     0000df34  __TI_wrt_ok                      
0     0000df6e  __TI_rd_ok                       
0     0000df99  INT_mySCI0_RX_ISR                
0     0000dffc  CMD_init                         
0     0000dfff  _system_post_cinit               
abs   00000200  __TI_SYSMEM_SIZE                 
abs   000003f8  __TI_STACK_SIZE                  
abs   ffffffff  __TI_pprof_out_hndl              
abs   ffffffff  __TI_prof_data_size              
abs   ffffffff  __TI_prof_data_start             
n/a   UNDEFED   __c_args__                       

[190 symbols]
