<?xml version="1.0" encoding="ISO-8859-1" ?>
<link_info>
   <banner>TMS320C2000 Linker PC v22.6.1.LTS</banner>
   <copyright>Copyright (c) 1996-2018 Texas Instruments Incorporated</copyright>
   <link_time>0x65e5cea7</link_time>
   <link_errors>0x0</link_errors>
   <output_file>F280049C_Demo.out</output_file>
   <entry_point>
      <name>code_start</name>
      <address>0x0</address>
   </entry_point>
   <input_file_list>
      <input_file id="fl-2">
         <path>.\syscfg\</path>
         <kind>object</kind>
         <file>board.obj</file>
         <name>board.obj</name>
      </input_file>
      <input_file id="fl-3">
         <path>.\syscfg\</path>
         <kind>object</kind>
         <file>device.obj</file>
         <name>device.obj</name>
      </input_file>
      <input_file id="fl-4">
         <path>.\syscfg\</path>
         <kind>object</kind>
         <file>device_cmd.obj</file>
         <name>device_cmd.obj</name>
      </input_file>
      <input_file id="fl-5">
         <path>.\syscfg\</path>
         <kind>object</kind>
         <file>c2000ware_libraries.obj</file>
         <name>c2000ware_libraries.obj</name>
      </input_file>
      <input_file id="fl-6">
         <path>.\</path>
         <kind>object</kind>
         <file>f28004x_codestartbranch.obj</file>
         <name>f28004x_codestartbranch.obj</name>
      </input_file>
      <input_file id="fl-7">
         <path>.\</path>
         <kind>object</kind>
         <file>main.obj</file>
         <name>main.obj</name>
      </input_file>
      <input_file id="fl-f">
         <kind>object</kind>
         <file>&lt;internal&gt;</file>
         <name>&lt;internal&gt;</name>
      </input_file>
      <input_file id="fl-13">
         <path>D:\workTools\ti\c2000\C2000Ware_5_01_00_00\driverlib\f28004x\driverlib\ccs\Debug\</path>
         <kind>archive</kind>
         <file>driverlib_eabi.lib</file>
         <name>adc.obj</name>
      </input_file>
      <input_file id="fl-14">
         <path>D:\workTools\ti\c2000\C2000Ware_5_01_00_00\driverlib\f28004x\driverlib\ccs\Debug\</path>
         <kind>archive</kind>
         <file>driverlib_eabi.lib</file>
         <name>dcc.obj</name>
      </input_file>
      <input_file id="fl-15">
         <path>D:\workTools\ti\c2000\C2000Ware_5_01_00_00\driverlib\f28004x\driverlib\ccs\Debug\</path>
         <kind>archive</kind>
         <file>driverlib_eabi.lib</file>
         <name>gpio.obj</name>
      </input_file>
      <input_file id="fl-16">
         <path>D:\workTools\ti\c2000\C2000Ware_5_01_00_00\driverlib\f28004x\driverlib\ccs\Debug\</path>
         <kind>archive</kind>
         <file>driverlib_eabi.lib</file>
         <name>interrupt.obj</name>
      </input_file>
      <input_file id="fl-17">
         <path>D:\workTools\ti\c2000\C2000Ware_5_01_00_00\driverlib\f28004x\driverlib\ccs\Debug\</path>
         <kind>archive</kind>
         <file>driverlib_eabi.lib</file>
         <name>sci.obj</name>
      </input_file>
      <input_file id="fl-18">
         <path>D:\workTools\ti\c2000\C2000Ware_5_01_00_00\driverlib\f28004x\driverlib\ccs\Debug\</path>
         <kind>archive</kind>
         <file>driverlib_eabi.lib</file>
         <name>sysctl.obj</name>
      </input_file>
      <input_file id="fl-24">
         <path>D:\workTools\ti\ccs1260\ccs\tools\compiler\ti-cgt-c2000_22.6.1.LTS\lib\</path>
         <kind>archive</kind>
         <file>rts2800_fpu32_eabi.lib</file>
         <name>boot28.asm.obj</name>
      </input_file>
      <input_file id="fl-25">
         <path>D:\workTools\ti\ccs1260\ccs\tools\compiler\ti-cgt-c2000_22.6.1.LTS\lib\</path>
         <kind>archive</kind>
         <file>rts2800_fpu32_eabi.lib</file>
         <name>fs_div28.asm.obj</name>
      </input_file>
      <input_file id="fl-26">
         <path>D:\workTools\ti\ccs1260\ccs\tools\compiler\ti-cgt-c2000_22.6.1.LTS\lib\</path>
         <kind>archive</kind>
         <file>rts2800_fpu32_eabi.lib</file>
         <name>pre_init.c.obj</name>
      </input_file>
      <input_file id="fl-27">
         <path>D:\workTools\ti\ccs1260\ccs\tools\compiler\ti-cgt-c2000_22.6.1.LTS\lib\</path>
         <kind>archive</kind>
         <file>rts2800_fpu32_eabi.lib</file>
         <name>autoinit.c.obj</name>
      </input_file>
      <input_file id="fl-28">
         <path>D:\workTools\ti\ccs1260\ccs\tools\compiler\ti-cgt-c2000_22.6.1.LTS\lib\</path>
         <kind>archive</kind>
         <file>rts2800_fpu32_eabi.lib</file>
         <name>copy_zero_init.c.obj</name>
      </input_file>
      <input_file id="fl-29">
         <path>D:\workTools\ti\ccs1260\ccs\tools\compiler\ti-cgt-c2000_22.6.1.LTS\lib\</path>
         <kind>archive</kind>
         <file>rts2800_fpu32_eabi.lib</file>
         <name>copy_decompress_none.c.obj</name>
      </input_file>
      <input_file id="fl-2a">
         <path>D:\workTools\ti\ccs1260\ccs\tools\compiler\ti-cgt-c2000_22.6.1.LTS\lib\</path>
         <kind>archive</kind>
         <file>rts2800_fpu32_eabi.lib</file>
         <name>copy_decompress_lzss.c.obj</name>
      </input_file>
      <input_file id="fl-2b">
         <path>D:\workTools\ti\ccs1260\ccs\tools\compiler\ti-cgt-c2000_22.6.1.LTS\lib\</path>
         <kind>archive</kind>
         <file>rts2800_fpu32_eabi.lib</file>
         <name>exit.c.obj</name>
      </input_file>
      <input_file id="fl-2c">
         <path>D:\workTools\ti\ccs1260\ccs\tools\compiler\ti-cgt-c2000_22.6.1.LTS\lib\</path>
         <kind>archive</kind>
         <file>rts2800_fpu32_eabi.lib</file>
         <name>_lock.c.obj</name>
      </input_file>
      <input_file id="fl-2d">
         <path>D:\workTools\ti\ccs1260\ccs\tools\compiler\ti-cgt-c2000_22.6.1.LTS\lib\</path>
         <kind>archive</kind>
         <file>rts2800_fpu32_eabi.lib</file>
         <name>args_main.c.obj</name>
      </input_file>
      <input_file id="fl-2e">
         <path>D:\workTools\ti\ccs1260\ccs\tools\compiler\ti-cgt-c2000_22.6.1.LTS\lib\</path>
         <kind>archive</kind>
         <file>rts2800_fpu32_eabi.lib</file>
         <name>memset.c.obj</name>
      </input_file>
      <input_file id="fl-2f">
         <path>D:\workTools\ti\ccs1260\ccs\tools\compiler\ti-cgt-c2000_22.6.1.LTS\lib\</path>
         <kind>archive</kind>
         <file>rts2800_fpu32_eabi.lib</file>
         <name>cpy_tbl.c.obj</name>
      </input_file>
      <input_file id="fl-30">
         <path>D:\workTools\ti\ccs1260\ccs\tools\compiler\ti-cgt-c2000_22.6.1.LTS\lib\</path>
         <kind>archive</kind>
         <file>rts2800_fpu32_eabi.lib</file>
         <name>memcpy.c.obj</name>
      </input_file>
      <input_file id="fl-31">
         <path>D:\workTools\ti\ccs1260\ccs\tools\compiler\ti-cgt-c2000_22.6.1.LTS\lib\</path>
         <kind>archive</kind>
         <file>rts2800_fpu32_eabi.lib</file>
         <name>startup.c.obj</name>
      </input_file>
   </input_file_list>
   <object_component_list>
      <object_component id="oc-1c">
         <name>codestart</name>
         <load_address>0x0</load_address>
         <run_address>0x0</run_address>
         <size>0x2</size>
         <input_file_ref idref="fl-6"/>
      </object_component>
      <object_component id="oc-277">
         <name>.text:SYSCTL_init</name>
         <load_address>0xc000</load_address>
         <run_address>0xc000</run_address>
         <size>0x3d5</size>
         <input_file_ref idref="fl-2"/>
      </object_component>
      <object_component id="oc-28f">
         <name>.text:EPWM_init</name>
         <load_address>0xc3d5</load_address>
         <run_address>0xc3d5</run_address>
         <size>0x110</size>
         <input_file_ref idref="fl-2"/>
      </object_component>
      <object_component id="oc-231">
         <name>.text:SysCtl_setClock</name>
         <load_address>0xc4e5</load_address>
         <run_address>0xc4e5</run_address>
         <size>0xc0</size>
         <input_file_ref idref="fl-18"/>
      </object_component>
      <object_component id="oc-2c9">
         <name>.text:SysCtl_isPLLValid</name>
         <load_address>0xc5a5</load_address>
         <run_address>0xc5a5</run_address>
         <size>0xbd</size>
         <input_file_ref idref="fl-18"/>
      </object_component>
      <object_component id="oc-fd">
         <name>.text:Interrupt_clearIFR</name>
         <load_address>0xc662</load_address>
         <run_address>0xc662</run_address>
         <size>0x7f</size>
         <input_file_ref idref="fl-16"/>
      </object_component>
      <object_component id="oc-1b9">
         <name>.text:main</name>
         <load_address>0xc6e1</load_address>
         <run_address>0xc6e1</run_address>
         <size>0x78</size>
         <input_file_ref idref="fl-7"/>
      </object_component>
      <object_component id="oc-3cb">
         <name>.text:EPWM_setADCTriggerSource</name>
         <load_address>0xc759</load_address>
         <run_address>0xc759</run_address>
         <size>0x75</size>
         <input_file_ref idref="fl-2"/>
      </object_component>
      <object_component id="oc-436">
         <name>.text:DCC_setCounterSeeds</name>
         <load_address>0xc7ce</load_address>
         <run_address>0xc7ce</run_address>
         <size>0x73</size>
         <input_file_ref idref="fl-18"/>
      </object_component>
      <object_component id="oc-33">
         <name>.text:INT_mySCI0_RX_ISR</name>
         <load_address>0xc841</load_address>
         <run_address>0xc841</run_address>
         <size>0x63</size>
         <input_file_ref idref="fl-7"/>
      </object_component>
      <object_component id="oc-243">
         <name>.text:SysCtl_getClock</name>
         <load_address>0xc8a4</load_address>
         <run_address>0xc8a4</run_address>
         <size>0x5e</size>
         <input_file_ref idref="fl-18"/>
      </object_component>
      <object_component id="oc-1e4">
         <name>.text:Device_init</name>
         <load_address>0xc902</load_address>
         <run_address>0xc902</run_address>
         <size>0x55</size>
         <input_file_ref idref="fl-3"/>
      </object_component>
      <object_component id="oc-25c">
         <name>.text:GPIO_setPadConfig</name>
         <load_address>0xc957</load_address>
         <run_address>0xc957</run_address>
         <size>0x52</size>
         <input_file_ref idref="fl-15"/>
      </object_component>
      <object_component id="oc-32e">
         <name>.text:myADC0_init</name>
         <load_address>0xc9a9</load_address>
         <run_address>0xc9a9</run_address>
         <size>0x51</size>
         <input_file_ref idref="fl-2"/>
      </object_component>
      <object_component id="oc-89">
         <name>.text:Interrupt_disable</name>
         <load_address>0xc9fa</load_address>
         <run_address>0xc9fa</run_address>
         <size>0x4e</size>
         <input_file_ref idref="fl-16"/>
      </object_component>
      <object_component id="oc-3b9">
         <name>.text:EPWM_setInterruptSource</name>
         <load_address>0xca48</load_address>
         <run_address>0xca48</run_address>
         <size>0x4b</size>
         <input_file_ref idref="fl-2"/>
      </object_component>
      <object_component id="oc-2c3">
         <name>.text:SysCtl_selectOscSource</name>
         <load_address>0xca93</load_address>
         <run_address>0xca93</run_address>
         <size>0x49</size>
         <input_file_ref idref="fl-18"/>
      </object_component>
      <object_component id="oc-bc">
         <name>.text:SCI_clearInterruptStatus</name>
         <load_address>0xcadc</load_address>
         <run_address>0xcadc</run_address>
         <size>0x45</size>
         <input_file_ref idref="fl-17"/>
      </object_component>
      <object_component id="oc-99">
         <name>.text:SCI_disableInterrupt</name>
         <load_address>0xcb21</load_address>
         <run_address>0xcb21</run_address>
         <size>0x45</size>
         <input_file_ref idref="fl-17"/>
      </object_component>
      <object_component id="oc-501">
         <name>.text:SysCtl_pollX1Counter</name>
         <load_address>0xcb66</load_address>
         <run_address>0xcb66</run_address>
         <size>0x45</size>
         <input_file_ref idref="fl-18"/>
      </object_component>
      <object_component id="oc-aa">
         <name>.text:SCI_enableInterrupt</name>
         <load_address>0xcbab</load_address>
         <run_address>0xcbab</run_address>
         <size>0x44</size>
         <input_file_ref idref="fl-17"/>
      </object_component>
      <object_component id="oc-21">
         <name>.text:INT_myEPWM0_ISR</name>
         <load_address>0xcbef</load_address>
         <run_address>0xcbef</run_address>
         <size>0x43</size>
         <input_file_ref idref="fl-7"/>
      </object_component>
      <object_component id="oc-2d">
         <name>.text:INT_mySCI0_TX_ISR</name>
         <load_address>0xcc32</load_address>
         <run_address>0xcc32</run_address>
         <size>0x43</size>
         <input_file_ref idref="fl-7"/>
      </object_component>
      <object_component id="oc-271">
         <name>.text:PinMux_init</name>
         <load_address>0xcc75</load_address>
         <run_address>0xcc75</run_address>
         <size>0x43</size>
         <input_file_ref idref="fl-2"/>
      </object_component>
      <object_component id="oc-334">
         <name>.text:myADC1_init</name>
         <load_address>0xccb8</load_address>
         <run_address>0xccb8</run_address>
         <size>0x42</size>
         <input_file_ref idref="fl-2"/>
      </object_component>
      <object_component id="oc-a0">
         <name>.text:SCI_writeCharArray</name>
         <load_address>0xccfa</load_address>
         <run_address>0xccfa</run_address>
         <size>0x41</size>
         <input_file_ref idref="fl-17"/>
      </object_component>
      <object_component id="oc-37d">
         <name>.text:EPWM_setActionQualifierAction</name>
         <load_address>0xcd3b</load_address>
         <run_address>0xcd3b</run_address>
         <size>0x40</size>
         <input_file_ref idref="fl-2"/>
      </object_component>
      <object_component id="oc-371">
         <name>.text:EPWM_setCounterCompareShadowLoadMode</name>
         <load_address>0xcd7b</load_address>
         <run_address>0xcd7b</run_address>
         <size>0x3e</size>
         <input_file_ref idref="fl-2"/>
      </object_component>
      <object_component id="oc-4dc">
         <name>.text:SCI_setConfig</name>
         <load_address>0xcdb9</load_address>
         <run_address>0xcdb9</run_address>
         <size>0x3e</size>
         <input_file_ref idref="fl-17"/>
      </object_component>
      <object_component id="oc-1ea">
         <name>.text:Interrupt_initModule</name>
         <load_address>0xcdf7</load_address>
         <run_address>0xcdf7</run_address>
         <size>0x3d</size>
         <input_file_ref idref="fl-16"/>
      </object_component>
      <object_component id="oc-3eb">
         <name>.text:mySCI0_init</name>
         <load_address>0xce34</load_address>
         <run_address>0xce34</run_address>
         <size>0x3d</size>
         <input_file_ref idref="fl-2"/>
      </object_component>
      <object_component id="oc-3d1">
         <name>.text:EPWM_setADCTriggerEventPrescale</name>
         <load_address>0xce71</load_address>
         <run_address>0xce71</run_address>
         <size>0x3a</size>
         <input_file_ref idref="fl-2"/>
      </object_component>
      <object_component id="oc-268">
         <name>.text:GPIO_setAnalogMode</name>
         <load_address>0xceab</load_address>
         <run_address>0xceab</run_address>
         <size>0x3a</size>
         <input_file_ref idref="fl-15"/>
      </object_component>
      <object_component id="oc-4bc">
         <name>.text:GPIO_setControllerCore</name>
         <load_address>0xcee5</load_address>
         <run_address>0xcee5</run_address>
         <size>0x37</size>
         <input_file_ref idref="fl-15"/>
      </object_component>
      <object_component id="oc-2e8">
         <name>.text:GPIO_setPinConfig</name>
         <load_address>0xcf1c</load_address>
         <run_address>0xcf1c</run_address>
         <size>0x37</size>
         <input_file_ref idref="fl-15"/>
      </object_component>
      <object_component id="oc-2ee">
         <name>.text:GPIO_setQualificationMode</name>
         <load_address>0xcf53</load_address>
         <run_address>0xcf53</run_address>
         <size>0x37</size>
         <input_file_ref idref="fl-15"/>
      </object_component>
      <object_component id="oc-8f">
         <name>.text:Interrupt_enable</name>
         <load_address>0xcf8a</load_address>
         <run_address>0xcf8a</run_address>
         <size>0x37</size>
         <input_file_ref idref="fl-16"/>
      </object_component>
      <object_component id="oc-48d">
         <name>.text:ADC_setupSOC</name>
         <load_address>0xcfc1</load_address>
         <run_address>0xcfc1</run_address>
         <size>0x36</size>
         <input_file_ref idref="fl-2"/>
      </object_component>
      <object_component id="oc-3f9">
         <name>.text:SysCtl_selectXTAL</name>
         <load_address>0xcff7</load_address>
         <run_address>0xcff7</run_address>
         <size>0x36</size>
         <input_file_ref idref="fl-18"/>
      </object_component>
      <object_component id="oc-262">
         <name>.text:GPIO_setDirectionMode</name>
         <load_address>0xd02d</load_address>
         <run_address>0xd02d</run_address>
         <size>0x31</size>
         <input_file_ref idref="fl-15"/>
      </object_component>
      <object_component id="oc-f">
         <name>.text:decompress:lzss</name>
         <load_address>0xd05e</load_address>
         <run_address>0xd05e</run_address>
         <size>0x30</size>
         <input_file_ref idref="fl-2a"/>
      </object_component>
      <object_component id="oc-493">
         <name>.text:ADC_setInterruptSOCTrigger</name>
         <load_address>0xd08e</load_address>
         <run_address>0xd08e</run_address>
         <size>0x2e</size>
         <input_file_ref idref="fl-2"/>
      </object_component>
      <object_component id="oc-23d">
         <name>.text:CAN_selectClockSource</name>
         <load_address>0xd0bc</load_address>
         <run_address>0xd0bc</run_address>
         <size>0x2d</size>
         <input_file_ref idref="fl-3"/>
      </object_component>
      <object_component id="oc-389">
         <name>.text:EPWM_setDeadBandDelayMode</name>
         <load_address>0xd0e9</load_address>
         <run_address>0xd0e9</run_address>
         <size>0x2c</size>
         <input_file_ref idref="fl-2"/>
      </object_component>
      <object_component id="oc-49b">
         <name>.text:EPWM_isBaseValid</name>
         <load_address>0xd115</load_address>
         <run_address>0xd115</run_address>
         <size>0x2b</size>
         <input_file_ref idref="fl-2"/>
      </object_component>
      <object_component id="oc-ee">
         <name>.text:EPWM_isBaseValid</name>
         <load_address>0xd140</load_address>
         <run_address>0xd140</run_address>
         <size>0x2b</size>
         <input_file_ref idref="fl-7"/>
      </object_component>
      <object_component id="oc-189">
         <name>.text:__TI_auto_init_nobinit_nopinit</name>
         <load_address>0xd16b</load_address>
         <run_address>0xd16b</run_address>
         <size>0x2b</size>
         <input_file_ref idref="fl-27"/>
      </object_component>
      <object_component id="oc-169">
         <name>.text</name>
         <load_address>0xd196</load_address>
         <run_address>0xd196</run_address>
         <size>0x29</size>
         <input_file_ref idref="fl-2b"/>
      </object_component>
      <object_component id="oc-469">
         <name>.text:ADC_setOffsetTrimAll</name>
         <load_address>0xd1bf</load_address>
         <run_address>0xd1bf</run_address>
         <size>0x28</size>
         <input_file_ref idref="fl-13"/>
      </object_component>
      <object_component id="oc-3bf">
         <name>.text:EPWM_setInterruptEventCount</name>
         <load_address>0xd1e7</load_address>
         <run_address>0xd1e7</run_address>
         <size>0x28</size>
         <input_file_ref idref="fl-2"/>
      </object_component>
      <object_component id="oc-35f">
         <name>.text:HRPWM_setSyncPulseSource</name>
         <load_address>0xd20f</load_address>
         <run_address>0xd20f</run_address>
         <size>0x27</size>
         <input_file_ref idref="fl-2"/>
      </object_component>
      <object_component id="oc-314">
         <name>.text:SysCtl_setSyncInputConfig</name>
         <load_address>0xd236</load_address>
         <run_address>0xd236</run_address>
         <size>0x27</size>
         <input_file_ref idref="fl-2"/>
      </object_component>
      <object_component id="oc-4ee">
         <name>.text:SCI_setFIFOInterruptLevel</name>
         <load_address>0xd25d</load_address>
         <run_address>0xd25d</run_address>
         <size>0x26</size>
         <input_file_ref idref="fl-2"/>
      </object_component>
      <object_component id="oc-22">
         <name>.text:INTERRUPT_init</name>
         <load_address>0xd283</load_address>
         <run_address>0xd283</run_address>
         <size>0x25</size>
         <input_file_ref idref="fl-2"/>
      </object_component>
      <object_component id="oc-43c">
         <name>.text:DCC_enableSingleShotMode</name>
         <load_address>0xd2a8</load_address>
         <run_address>0xd2a8</run_address>
         <size>0x24</size>
         <input_file_ref idref="fl-18"/>
      </object_component>
      <object_component id="oc-383">
         <name>.text:EPWM_setDeadBandDelayPolarity</name>
         <load_address>0xd2cc</load_address>
         <run_address>0xd2cc</run_address>
         <size>0x24</size>
         <input_file_ref idref="fl-2"/>
      </object_component>
      <object_component id="oc-377">
         <name>.text:EPWM_setupEPWMLinks</name>
         <load_address>0xd2f0</load_address>
         <run_address>0xd2f0</run_address>
         <size>0x24</size>
         <input_file_ref idref="fl-2"/>
      </object_component>
      <object_component id="oc-365">
         <name>.text:EPWM_setCounterCompareValue</name>
         <load_address>0xd314</load_address>
         <run_address>0xd314</run_address>
         <size>0x22</size>
         <input_file_ref idref="fl-2"/>
      </object_component>
      <object_component id="oc-36b">
         <name>.text:EPWM_enableGlobalLoadRegisters</name>
         <load_address>0xd336</load_address>
         <run_address>0xd336</run_address>
         <size>0x21</size>
         <input_file_ref idref="fl-2"/>
      </object_component>
      <object_component id="oc-11a">
         <name>.text:SCI_isFIFOEnabled</name>
         <load_address>0xd357</load_address>
         <run_address>0xd357</run_address>
         <size>0x20</size>
         <input_file_ref idref="fl-17"/>
      </object_component>
      <object_component id="oc-3ff">
         <name>.text:SysCtl_selectXTALSingleEnded</name>
         <load_address>0xd377</load_address>
         <run_address>0xd377</run_address>
         <size>0x20</size>
         <input_file_ref idref="fl-18"/>
      </object_component>
      <object_component id="oc-3a1">
         <name>.text:EPWM_setFallingEdgeDelayCountShadowLoadMode</name>
         <load_address>0xd397</load_address>
         <run_address>0xd397</run_address>
         <size>0x1f</size>
         <input_file_ref idref="fl-2"/>
      </object_component>
      <object_component id="oc-38f">
         <name>.text:EPWM_setRisingEdgeDelayCountShadowLoadMode</name>
         <load_address>0xd3b6</load_address>
         <run_address>0xd3b6</run_address>
         <size>0x1f</size>
         <input_file_ref idref="fl-2"/>
      </object_component>
      <object_component id="oc-71">
         <name>.text:GPIO_togglePin</name>
         <load_address>0xd3d5</load_address>
         <run_address>0xd3d5</run_address>
         <size>0x1f</size>
         <input_file_ref idref="fl-7"/>
      </object_component>
      <object_component id="oc-430">
         <name>.text:DCC_setCounter1ClkSource</name>
         <load_address>0xd3f4</load_address>
         <run_address>0xd3f4</run_address>
         <size>0x1e</size>
         <input_file_ref idref="fl-18"/>
      </object_component>
      <object_component id="oc-359">
         <name>.text:EPWM_setPhaseShift</name>
         <load_address>0xd412</load_address>
         <run_address>0xd412</run_address>
         <size>0x1e</size>
         <input_file_ref idref="fl-2"/>
      </object_component>
      <object_component id="oc-3b">
         <name>.text:Interrupt_initVectorTable</name>
         <load_address>0xd430</load_address>
         <run_address>0xd430</run_address>
         <size>0x1e</size>
         <input_file_ref idref="fl-16"/>
      </object_component>
      <object_component id="oc-b0">
         <name>.text:SCI_readCharBlockingFIFO</name>
         <load_address>0xd44e</load_address>
         <run_address>0xd44e</run_address>
         <size>0x1e</size>
         <input_file_ref idref="fl-7"/>
      </object_component>
      <object_component id="oc-27d">
         <name>.text:SYNC_init</name>
         <load_address>0xd46c</load_address>
         <run_address>0xd46c</run_address>
         <size>0x1e</size>
         <input_file_ref idref="fl-2"/>
      </object_component>
      <object_component id="oc-3ad">
         <name>.text:EPWM_setFallingEdgeDelayCount</name>
         <load_address>0xd48a</load_address>
         <run_address>0xd48a</run_address>
         <size>0x1d</size>
         <input_file_ref idref="fl-2"/>
      </object_component>
      <object_component id="oc-39b">
         <name>.text:EPWM_setRisingEdgeDelayCount</name>
         <load_address>0xd4a7</load_address>
         <run_address>0xd4a7</run_address>
         <size>0x1d</size>
         <input_file_ref idref="fl-2"/>
      </object_component>
      <object_component id="oc-4f4">
         <name>.text:SCI_enableFIFO</name>
         <load_address>0xd4c4</load_address>
         <run_address>0xd4c4</run_address>
         <size>0x1d</size>
         <input_file_ref idref="fl-2"/>
      </object_component>
      <object_component id="oc-54">
         <name>.text</name>
         <load_address>0xd4e1</load_address>
         <run_address>0xd4e1</run_address>
         <size>0x1d</size>
         <input_file_ref idref="fl-30"/>
      </object_component>
      <object_component id="oc-487">
         <name>.text:ADC_setSOCPriority</name>
         <load_address>0xd4fe</load_address>
         <run_address>0xd4fe</run_address>
         <size>0x1c</size>
         <input_file_ref idref="fl-2"/>
      </object_component>
      <object_component id="oc-42a">
         <name>.text:DCC_setCounter0ClkSource</name>
         <load_address>0xd51a</load_address>
         <run_address>0xd51a</run_address>
         <size>0x1c</size>
         <input_file_ref idref="fl-18"/>
      </object_component>
      <object_component id="oc-3c5">
         <name>.text:EPWM_enableADCTrigger</name>
         <load_address>0xd536</load_address>
         <run_address>0xd536</run_address>
         <size>0x1c</size>
         <input_file_ref idref="fl-2"/>
      </object_component>
      <object_component id="oc-33b">
         <name>.text:EPWM_setClockPrescaler</name>
         <load_address>0xd552</load_address>
         <run_address>0xd552</run_address>
         <size>0x1c</size>
         <input_file_ref idref="fl-2"/>
      </object_component>
      <object_component id="oc-206">
         <name>.text:ADC_readResult</name>
         <load_address>0xd56e</load_address>
         <run_address>0xd56e</run_address>
         <size>0x1a</size>
         <input_file_ref idref="fl-7"/>
      </object_component>
      <object_component id="oc-126">
         <name>.text:SCI_isSpaceAvailableNonFIFO</name>
         <load_address>0xd588</load_address>
         <run_address>0xd588</run_address>
         <size>0x1a</size>
         <input_file_ref idref="fl-17"/>
      </object_component>
      <object_component id="oc-24a">
         <name>.text:SysCtl_getLowSpeedClock</name>
         <load_address>0xd5a2</load_address>
         <run_address>0xd5a2</run_address>
         <size>0x1a</size>
         <input_file_ref idref="fl-18"/>
      </object_component>
      <object_component id="oc-b6">
         <name>.text:SCI_writeCharBlockingFIFO</name>
         <load_address>0xd5bc</load_address>
         <run_address>0xd5bc</run_address>
         <size>0x19</size>
         <input_file_ref idref="fl-7"/>
      </object_component>
      <object_component id="oc-327">
         <name>.text:ASysCtl_setAnalogReferenceExternal</name>
         <load_address>0xd5d5</load_address>
         <run_address>0xd5d5</run_address>
         <size>0x18</size>
         <input_file_ref idref="fl-2"/>
      </object_component>
      <object_component id="oc-3a7">
         <name>.text:EPWM_disableFallingEdgeDelayCountShadowLoadMode</name>
         <load_address>0xd5ed</load_address>
         <run_address>0xd5ed</run_address>
         <size>0x18</size>
         <input_file_ref idref="fl-2"/>
      </object_component>
      <object_component id="oc-395">
         <name>.text:EPWM_disableRisingEdgeDelayCountShadowLoadMode</name>
         <load_address>0xd605</load_address>
         <run_address>0xd605</run_address>
         <size>0x18</size>
         <input_file_ref idref="fl-2"/>
      </object_component>
      <object_component id="oc-3d7">
         <name>.text:EPWM_enableADCTriggerEventCountInit</name>
         <load_address>0xd61d</load_address>
         <run_address>0xd61d</run_address>
         <size>0x18</size>
         <input_file_ref idref="fl-2"/>
      </object_component>
      <object_component id="oc-53d">
         <name>.text:SCI_disableModule</name>
         <load_address>0xd635</load_address>
         <run_address>0xd635</run_address>
         <size>0x18</size>
         <input_file_ref idref="fl-17"/>
      </object_component>
      <object_component id="oc-4e8">
         <name>.text:SCI_performSoftwareReset</name>
         <load_address>0xd64d</load_address>
         <run_address>0xd64d</run_address>
         <size>0x18</size>
         <input_file_ref idref="fl-2"/>
      </object_component>
      <object_component id="oc-14a">
         <name>.text:SCI_performSoftwareReset</name>
         <load_address>0xd665</load_address>
         <run_address>0xd665</run_address>
         <size>0x18</size>
         <input_file_ref idref="fl-17"/>
      </object_component>
      <object_component id="oc-4d6">
         <name>.text:SCI_resetChannels</name>
         <load_address>0xd67d</load_address>
         <run_address>0xd67d</run_address>
         <size>0x18</size>
         <input_file_ref idref="fl-2"/>
      </object_component>
      <object_component id="oc-4d0">
         <name>.text:SCI_resetRxFIFO</name>
         <load_address>0xd695</load_address>
         <run_address>0xd695</run_address>
         <size>0x18</size>
         <input_file_ref idref="fl-2"/>
      </object_component>
      <object_component id="oc-4ca">
         <name>.text:SCI_resetTxFIFO</name>
         <load_address>0xd6ad</load_address>
         <run_address>0xd6ad</run_address>
         <size>0x18</size>
         <input_file_ref idref="fl-2"/>
      </object_component>
      <object_component id="oc-307">
         <name>.text:SysCtl_disablePeripheral</name>
         <load_address>0xd6c5</load_address>
         <run_address>0xd6c5</run_address>
         <size>0x18</size>
         <input_file_ref idref="fl-2"/>
      </object_component>
      <object_component id="oc-1f0">
         <name>.text:SysCtl_disablePeripheral</name>
         <load_address>0xd6dd</load_address>
         <run_address>0xd6dd</run_address>
         <size>0x18</size>
         <input_file_ref idref="fl-7"/>
      </object_component>
      <object_component id="oc-524">
         <name>.text:ADC_isBaseValid</name>
         <load_address>0xd6f5</load_address>
         <run_address>0xd6f5</run_address>
         <size>0x17</size>
         <input_file_ref idref="fl-2"/>
      </object_component>
      <object_component id="oc-301">
         <name>.text:SysCtl_enablePeripheral</name>
         <load_address>0xd70c</load_address>
         <run_address>0xd70c</run_address>
         <size>0x17</size>
         <input_file_ref idref="fl-2"/>
      </object_component>
      <object_component id="oc-406">
         <name>.text:SysCtl_enablePeripheral</name>
         <load_address>0xd723</load_address>
         <run_address>0xd723</run_address>
         <size>0x17</size>
         <input_file_ref idref="fl-18"/>
      </object_component>
      <object_component id="oc-1fc">
         <name>.text:SysCtl_enablePeripheral</name>
         <load_address>0xd73a</load_address>
         <run_address>0xd73a</run_address>
         <size>0x17</size>
         <input_file_ref idref="fl-7"/>
      </object_component>
      <object_component id="oc-d9">
         <name>.text</name>
         <load_address>0xd751</load_address>
         <run_address>0xd751</run_address>
         <size>0x17</size>
         <input_file_ref idref="fl-24"/>
      </object_component>
      <object_component id="oc-475">
         <name>.text:ADC_setInterruptPulseMode</name>
         <load_address>0xd768</load_address>
         <run_address>0xd768</run_address>
         <size>0x16</size>
         <input_file_ref idref="fl-2"/>
      </object_component>
      <object_component id="oc-46f">
         <name>.text:ADC_setPrescaler</name>
         <load_address>0xd77e</load_address>
         <run_address>0xd77e</run_address>
         <size>0x16</size>
         <input_file_ref idref="fl-2"/>
      </object_component>
      <object_component id="oc-424">
         <name>.text:DCC_disableDoneSignal</name>
         <load_address>0xd794</load_address>
         <run_address>0xd794</run_address>
         <size>0x16</size>
         <input_file_ref idref="fl-18"/>
      </object_component>
      <object_component id="oc-448">
         <name>.text:DCC_enableDoneSignal</name>
         <load_address>0xd7aa</load_address>
         <run_address>0xd7aa</run_address>
         <size>0x16</size>
         <input_file_ref idref="fl-18"/>
      </object_component>
      <object_component id="oc-39">
         <name>.text:Interrupt_defaultHandler</name>
         <load_address>0xd7c0</load_address>
         <run_address>0xd7c0</run_address>
         <size>0x16</size>
         <input_file_ref idref="fl-16"/>
      </object_component>
      <object_component id="oc-481">
         <name>.text:ADC_disableBurstMode</name>
         <load_address>0xd7d6</load_address>
         <run_address>0xd7d6</run_address>
         <size>0x15</size>
         <input_file_ref idref="fl-2"/>
      </object_component>
      <object_component id="oc-1f6">
         <name>.text:Board_init</name>
         <load_address>0xd7eb</load_address>
         <run_address>0xd7eb</run_address>
         <size>0x15</size>
         <input_file_ref idref="fl-2"/>
      </object_component>
      <object_component id="oc-2d2">
         <name>.text:CAN_isBaseValid</name>
         <load_address>0xd800</load_address>
         <run_address>0xd800</run_address>
         <size>0x15</size>
         <input_file_ref idref="fl-3"/>
      </object_component>
      <object_component id="oc-412">
         <name>.text:DCC_clearDoneFlag</name>
         <load_address>0xd815</load_address>
         <run_address>0xd815</run_address>
         <size>0x15</size>
         <input_file_ref idref="fl-18"/>
      </object_component>
      <object_component id="oc-40c">
         <name>.text:DCC_clearErrorFlag</name>
         <load_address>0xd82a</load_address>
         <run_address>0xd82a</run_address>
         <size>0x15</size>
         <input_file_ref idref="fl-18"/>
      </object_component>
      <object_component id="oc-41e">
         <name>.text:DCC_disableErrorSignal</name>
         <load_address>0xd83f</load_address>
         <run_address>0xd83f</run_address>
         <size>0x15</size>
         <input_file_ref idref="fl-18"/>
      </object_component>
      <object_component id="oc-442">
         <name>.text:DCC_enableErrorSignal</name>
         <load_address>0xd854</load_address>
         <run_address>0xd854</run_address>
         <size>0x15</size>
         <input_file_ref idref="fl-18"/>
      </object_component>
      <object_component id="oc-418">
         <name>.text:DCC_disableModule</name>
         <load_address>0xd869</load_address>
         <run_address>0xd869</run_address>
         <size>0x14</size>
         <input_file_ref idref="fl-18"/>
      </object_component>
      <object_component id="oc-44e">
         <name>.text:DCC_enableModule</name>
         <load_address>0xd87d</load_address>
         <run_address>0xd87d</run_address>
         <size>0x14</size>
         <input_file_ref idref="fl-18"/>
      </object_component>
      <object_component id="oc-34d">
         <name>.text:EPWM_setTimeBaseCounterMode</name>
         <load_address>0xd891</load_address>
         <run_address>0xd891</run_address>
         <size>0x14</size>
         <input_file_ref idref="fl-2"/>
      </object_component>
      <object_component id="oc-341">
         <name>.text:EPWM_setTimeBasePeriod</name>
         <load_address>0xd8a5</load_address>
         <run_address>0xd8a5</run_address>
         <size>0x14</size>
         <input_file_ref idref="fl-2"/>
      </object_component>
      <object_component id="oc-2dd">
         <name>.text:GPIO_isPinValid</name>
         <load_address>0xd8b9</load_address>
         <run_address>0xd8b9</run_address>
         <size>0x14</size>
         <input_file_ref idref="fl-15"/>
      </object_component>
      <object_component id="oc-e1">
         <name>.text:GPIO_isPinValid</name>
         <load_address>0xd8cd</load_address>
         <run_address>0xd8cd</run_address>
         <size>0x14</size>
         <input_file_ref idref="fl-7"/>
      </object_component>
      <object_component id="oc-13c">
         <name>.text:SCI_getRxFIFOStatus</name>
         <load_address>0xd8e1</load_address>
         <run_address>0xd8e1</run_address>
         <size>0x14</size>
         <input_file_ref idref="fl-7"/>
      </object_component>
      <object_component id="oc-120">
         <name>.text:SCI_getTxFIFOStatus</name>
         <load_address>0xd8f5</load_address>
         <run_address>0xd8f5</run_address>
         <size>0x14</size>
         <input_file_ref idref="fl-17"/>
      </object_component>
      <object_component id="oc-143">
         <name>.text:SCI_getTxFIFOStatus</name>
         <load_address>0xd909</load_address>
         <run_address>0xd909</run_address>
         <size>0x14</size>
         <input_file_ref idref="fl-7"/>
      </object_component>
      <object_component id="oc-250">
         <name>.text:SysCtl_deviceCal</name>
         <load_address>0xd91d</load_address>
         <run_address>0xd91d</run_address>
         <size>0x14</size>
         <input_file_ref idref="fl-3"/>
      </object_component>
      <object_component id="oc-2fb">
         <name>.text:SysCtl_setPeripheralAccessControl</name>
         <load_address>0xd931</load_address>
         <run_address>0xd931</run_address>
         <size>0x14</size>
         <input_file_ref idref="fl-2"/>
      </object_component>
      <object_component id="oc-3de">
         <name>.text:myBoardLED0_GPIO_init</name>
         <load_address>0xd945</load_address>
         <run_address>0xd945</run_address>
         <size>0x14</size>
         <input_file_ref idref="fl-2"/>
      </object_component>
      <object_component id="oc-3e4">
         <name>.text:myGPIOOutput0_init</name>
         <load_address>0xd959</load_address>
         <run_address>0xd959</run_address>
         <size>0x14</size>
         <input_file_ref idref="fl-2"/>
      </object_component>
      <object_component id="oc-47b">
         <name>.text:ADC_enableConverter</name>
         <load_address>0xd96d</load_address>
         <run_address>0xd96d</run_address>
         <size>0x13</size>
         <input_file_ref idref="fl-2"/>
      </object_component>
      <object_component id="oc-77">
         <name>.text:EPWM_clearEventTriggerInterruptFlag</name>
         <load_address>0xd980</load_address>
         <run_address>0xd980</run_address>
         <size>0x13</size>
         <input_file_ref idref="fl-7"/>
      </object_component>
      <object_component id="oc-3b3">
         <name>.text:EPWM_enableInterrupt</name>
         <load_address>0xd993</load_address>
         <run_address>0xd993</run_address>
         <size>0x13</size>
         <input_file_ref idref="fl-2"/>
      </object_component>
      <object_component id="oc-4c4">
         <name>.text:SCI_clearOverflowStatus</name>
         <load_address>0xd9a6</load_address>
         <run_address>0xd9a6</run_address>
         <size>0x13</size>
         <input_file_ref idref="fl-2"/>
      </object_component>
      <object_component id="oc-4fa">
         <name>.text:SCI_enableModule</name>
         <load_address>0xd9b9</load_address>
         <run_address>0xd9b9</run_address>
         <size>0x13</size>
         <input_file_ref idref="fl-2"/>
      </object_component>
      <object_component id="oc-543">
         <name>.text:SCI_enableModule</name>
         <load_address>0xd9cc</load_address>
         <run_address>0xd9cc</run_address>
         <size>0x13</size>
         <input_file_ref idref="fl-17"/>
      </object_component>
      <object_component id="oc-533">
         <name>.text:SCI_isBaseValid</name>
         <load_address>0xd9df</load_address>
         <run_address>0xd9df</run_address>
         <size>0x13</size>
         <input_file_ref idref="fl-2"/>
      </object_component>
      <object_component id="oc-111">
         <name>.text:SCI_isBaseValid</name>
         <load_address>0xd9f2</load_address>
         <run_address>0xd9f2</run_address>
         <size>0x13</size>
         <input_file_ref idref="fl-17"/>
      </object_component>
      <object_component id="oc-130">
         <name>.text:SCI_isBaseValid</name>
         <load_address>0xda05</load_address>
         <run_address>0xda05</run_address>
         <size>0x13</size>
         <input_file_ref idref="fl-7"/>
      </object_component>
      <object_component id="oc-347">
         <name>.text:EPWM_setTimeBaseCounter</name>
         <load_address>0xda18</load_address>
         <run_address>0xda18</run_address>
         <size>0x12</size>
         <input_file_ref idref="fl-2"/>
      </object_component>
      <object_component id="oc-30e">
         <name>.text:SysCtl_setSyncOutputConfig</name>
         <load_address>0xda2a</load_address>
         <run_address>0xda2a</run_address>
         <size>0x12</size>
         <input_file_ref idref="fl-2"/>
      </object_component>
      <object_component id="oc-353">
         <name>.text:EPWM_disablePhaseShiftLoad</name>
         <load_address>0xda3c</load_address>
         <run_address>0xda3c</run_address>
         <size>0x11</size>
         <input_file_ref idref="fl-2"/>
      </object_component>
      <object_component id="oc-4e2">
         <name>.text:SCI_disableLoopback</name>
         <load_address>0xda4d</load_address>
         <run_address>0xda4d</run_address>
         <size>0x11</size>
         <input_file_ref idref="fl-2"/>
      </object_component>
      <object_component id="oc-510">
         <name>.text:DCC_isBaseValid</name>
         <load_address>0xda5e</load_address>
         <run_address>0xda5e</run_address>
         <size>0x10</size>
         <input_file_ref idref="fl-18"/>
      </object_component>
      <object_component id="oc-136">
         <name>.text:SCI_getRxStatus</name>
         <load_address>0xda6e</load_address>
         <run_address>0xda6e</run_address>
         <size>0x10</size>
         <input_file_ref idref="fl-7"/>
      </object_component>
      <object_component id="oc-256">
         <name>.text:ASysCtl_disableDCDC</name>
         <load_address>0xda7e</load_address>
         <run_address>0xda7e</run_address>
         <size>0xf</size>
         <input_file_ref idref="fl-3"/>
      </object_component>
      <object_component id="oc-83">
         <name>.text:Interrupt_register</name>
         <load_address>0xda8d</load_address>
         <run_address>0xda8d</run_address>
         <size>0xf</size>
         <input_file_ref idref="fl-2"/>
      </object_component>
      <object_component id="oc-f7">
         <name>.text:Interrupt_disableGlobal</name>
         <load_address>0xda9c</load_address>
         <run_address>0xda9c</run_address>
         <size>0xd</size>
         <input_file_ref idref="fl-16"/>
      </object_component>
      <object_component id="oc-103">
         <name>.text:Interrupt_enableGlobal</name>
         <load_address>0xdaa9</load_address>
         <run_address>0xdaa9</run_address>
         <size>0xd</size>
         <input_file_ref idref="fl-16"/>
      </object_component>
      <object_component id="oc-237">
         <name>.text:SysCtl_setLowSpeedClock</name>
         <load_address>0xdab6</load_address>
         <run_address>0xdab6</run_address>
         <size>0xd</size>
         <input_file_ref idref="fl-3"/>
      </object_component>
      <object_component id="oc-5c">
         <name>.text:decompress:ZI:__TI_zero_init_nomemset</name>
         <load_address>0xdac3</load_address>
         <run_address>0xdac3</run_address>
         <size>0xd</size>
         <input_file_ref idref="fl-28"/>
      </object_component>
      <object_component id="oc-31a">
         <name>.text:SysCtl_enableExtADCSOCSource</name>
         <load_address>0xdad0</load_address>
         <run_address>0xdad0</run_address>
         <size>0xc</size>
         <input_file_ref idref="fl-2"/>
      </object_component>
      <object_component id="oc-163">
         <name>.text</name>
         <load_address>0xdadc</load_address>
         <run_address>0xdadc</run_address>
         <size>0xc</size>
         <input_file_ref idref="fl-2d"/>
      </object_component>
      <object_component id="oc-2bd">
         <name>.text:SysCtl_isMCDClockFailureDetected</name>
         <load_address>0xdae8</load_address>
         <run_address>0xdae8</run_address>
         <size>0xb</size>
         <input_file_ref idref="fl-18"/>
      </object_component>
      <object_component id="oc-45">
         <name>.text:Interrupt_illegalOperationHandler</name>
         <load_address>0xdaf3</load_address>
         <run_address>0xdaf3</run_address>
         <size>0xa</size>
         <input_file_ref idref="fl-16"/>
      </object_component>
      <object_component id="oc-4b">
         <name>.text:Interrupt_nmiHandler</name>
         <load_address>0xdafd</load_address>
         <run_address>0xdafd</run_address>
         <size>0xa</size>
         <input_file_ref idref="fl-16"/>
      </object_component>
      <object_component id="oc-212">
         <name>.text</name>
         <load_address>0xdb07</load_address>
         <run_address>0xdb07</run_address>
         <size>0x9</size>
         <input_file_ref idref="fl-2c"/>
      </object_component>
      <object_component id="oc-225">
         <name>.text:SysCtl_disableWatchdog</name>
         <load_address>0xdb10</load_address>
         <run_address>0xdb10</run_address>
         <size>0x8</size>
         <input_file_ref idref="fl-3"/>
      </object_component>
      <object_component id="oc-15">
         <name>.text:decompress:none</name>
         <load_address>0xdb18</load_address>
         <run_address>0xdb18</run_address>
         <size>0x8</size>
         <input_file_ref idref="fl-29"/>
      </object_component>
      <object_component id="oc-68">
         <name>.text</name>
         <load_address>0xdb20</load_address>
         <run_address>0xdb20</run_address>
         <size>0x8</size>
         <input_file_ref idref="fl-6"/>
      </object_component>
      <object_component id="oc-321">
         <name>.text:ASysCtl_disableTemperatureSensor</name>
         <load_address>0xdb28</load_address>
         <run_address>0xdb28</run_address>
         <size>0x7</size>
         <input_file_ref idref="fl-2"/>
      </object_component>
      <object_component id="oc-2f5">
         <name>.text:SysCtl_disableMCD</name>
         <load_address>0xdb2f</load_address>
         <run_address>0xdb2f</run_address>
         <size>0x7</size>
         <input_file_ref idref="fl-2"/>
      </object_component>
      <object_component id="oc-507">
         <name>.text:SysCtl_resetMCD</name>
         <load_address>0xdb36</load_address>
         <run_address>0xdb36</run_address>
         <size>0x7</size>
         <input_file_ref idref="fl-18"/>
      </object_component>
      <object_component id="oc-e7">
         <name>.text:__error__</name>
         <load_address>0xdb3d</load_address>
         <run_address>0xdb3d</run_address>
         <size>0x7</size>
         <input_file_ref idref="fl-3"/>
      </object_component>
      <object_component id="oc-283">
         <name>.text:ASYSCTL_init</name>
         <load_address>0xdb44</load_address>
         <run_address>0xdb44</run_address>
         <size>0x6</size>
         <input_file_ref idref="fl-2"/>
      </object_component>
      <object_component id="oc-7d">
         <name>.text:Interrupt_clearACKGroup</name>
         <load_address>0xdb4a</load_address>
         <run_address>0xdb4a</run_address>
         <size>0x6</size>
         <input_file_ref idref="fl-7"/>
      </object_component>
      <object_component id="oc-289">
         <name>.text:ADC_init</name>
         <load_address>0xdb50</load_address>
         <run_address>0xdb50</run_address>
         <size>0x5</size>
         <input_file_ref idref="fl-2"/>
      </object_component>
      <object_component id="oc-295">
         <name>.text:GPIO_init</name>
         <load_address>0xdb55</load_address>
         <run_address>0xdb55</run_address>
         <size>0x5</size>
         <input_file_ref idref="fl-2"/>
      </object_component>
      <object_component id="oc-22b">
         <name>.text:CMD_init</name>
         <load_address>0xdb5a</load_address>
         <run_address>0xdb5a</run_address>
         <size>0x3</size>
         <input_file_ref idref="fl-4"/>
      </object_component>
      <object_component id="oc-29b">
         <name>.text:SCI_init</name>
         <load_address>0xdb5d</load_address>
         <run_address>0xdb5d</run_address>
         <size>0x3</size>
         <input_file_ref idref="fl-2"/>
      </object_component>
      <object_component id="oc-15c">
         <name>.text</name>
         <load_address>0xdb60</load_address>
         <run_address>0xdb60</run_address>
         <size>0x2</size>
         <input_file_ref idref="fl-26"/>
      </object_component>
      <object_component id="oc-2b4">
         <name>.text:generic_ram_lnk_init</name>
         <load_address>0xdb62</load_address>
         <run_address>0xdb62</run_address>
         <size>0x1</size>
         <input_file_ref idref="fl-4"/>
      </object_component>
      <object_component id="oc-1cf">
         <name>.text</name>
         <load_address>0xdb63</load_address>
         <run_address>0xdb63</run_address>
         <size>0x1</size>
         <input_file_ref idref="fl-31"/>
      </object_component>
      <object_component id="oc-205">
         <name>.TI.ramfunc</name>
         <load_address>0xf6</load_address>
         <run_address>0xf6</run_address>
         <size>0x4</size>
         <input_file_ref idref="fl-18"/>
      </object_component>
      <object_component id="oc-57e">
         <name>.cinit..data.load</name>
         <load_address>0xfa</load_address>
         <run_address>0xfa</run_address>
         <size>0x15</size>
      </object_component>
      <object_component id="oc-57b">
         <name>__TI_handler_table</name>
         <load_address>0x110</load_address>
         <run_address>0x110</run_address>
         <size>0x6</size>
      </object_component>
      <object_component id="oc-57d">
         <name>.cinit..bss.load</name>
         <load_address>0x116</load_address>
         <run_address>0x116</run_address>
         <size>0x4</size>
      </object_component>
      <object_component id="oc-57c">
         <name>__TI_cinit_table</name>
         <load_address>0x11a</load_address>
         <run_address>0x11a</run_address>
         <size>0x8</size>
      </object_component>
      <object_component id="oc-51">
         <name>.stack</name>
         <uninitialized>true</uninitialized>
         <run_address>0x400</run_address>
         <size>0x0</size>
         <input_file_ref idref="fl-24"/>
      </object_component>
      <object_component id="oc-57f">
         <name>.stack</name>
         <uninitialized>true</uninitialized>
         <run_address>0x400</run_address>
         <size>0x0</size>
      </object_component>
      <object_component id="oc-a6">
         <name>.bss</name>
         <uninitialized>true</uninitialized>
         <run_address>0xa6b8</run_address>
         <size>0x4</size>
         <input_file_ref idref="fl-7"/>
      </object_component>
      <object_component id="oc-202">
         <name>.bss:myADC0Results</name>
         <uninitialized>true</uninitialized>
         <run_address>0xa5b8</run_address>
         <size>0x100</size>
         <input_file_ref idref="fl-7"/>
      </object_component>
      <object_component id="oc-9f">
         <name>.const:.string</name>
         <load_address>0xa000</load_address>
         <run_address>0xa000</run_address>
         <size>0x1b2</size>
         <input_file_ref idref="fl-7"/>
      </object_component>
      <object_component id="oc-467">
         <name>.const:.string</name>
         <load_address>0xa1b2</load_address>
         <run_address>0xa1b2</run_address>
         <size>0x13b</size>
         <input_file_ref idref="fl-2"/>
      </object_component>
      <object_component id="oc-249">
         <name>.const:.string</name>
         <load_address>0xa2ee</load_address>
         <run_address>0xa2ee</run_address>
         <size>0xae</size>
         <input_file_ref idref="fl-3"/>
      </object_component>
      <object_component id="oc-2bc">
         <name>.const:.string</name>
         <load_address>0xa39c</load_address>
         <run_address>0xa39c</run_address>
         <size>0x9a</size>
         <input_file_ref idref="fl-18"/>
      </object_component>
      <object_component id="oc-2e3">
         <name>.const:.string</name>
         <load_address>0xa436</load_address>
         <run_address>0xa436</run_address>
         <size>0x98</size>
         <input_file_ref idref="fl-15"/>
      </object_component>
      <object_component id="oc-117">
         <name>.const:.string</name>
         <load_address>0xa4ce</load_address>
         <run_address>0xa4ce</run_address>
         <size>0x97</size>
         <input_file_ref idref="fl-17"/>
      </object_component>
      <object_component id="oc-175">
         <name>.const:.string</name>
         <load_address>0xa566</load_address>
         <run_address>0xa566</run_address>
         <size>0x51</size>
         <input_file_ref idref="fl-16"/>
      </object_component>
      <object_component id="oc-6e">
         <name>.data</name>
         <load_address>0xa6c0</load_address>
         <run_address>0xa6c0</run_address>
         <size>0x12</size>
         <input_file_ref idref="fl-7"/>
      </object_component>
      <object_component id="oc-1c1">
         <name>.data</name>
         <load_address>0xa6d2</load_address>
         <run_address>0xa6d2</run_address>
         <size>0x6</size>
         <input_file_ref idref="fl-2b"/>
      </object_component>
      <object_component id="oc-1c4">
         <name>.data:_lock</name>
         <load_address>0xa6bc</load_address>
         <run_address>0xa6bc</run_address>
         <size>0x2</size>
         <input_file_ref idref="fl-2c"/>
      </object_component>
      <object_component id="oc-2a6">
         <name>.data:_unlock</name>
         <load_address>0xa6be</load_address>
         <run_address>0xa6be</run_address>
         <size>0x2</size>
         <input_file_ref idref="fl-2c"/>
      </object_component>
      <object_component id="oc-96">
         <name>.debug_types</name>
         <load_address>0x0</load_address>
         <run_address>0x0</run_address>
         <size>0x3a6f</size>
         <input_file_ref idref="fl-2"/>
      </object_component>
      <object_component id="oc-172">
         <name>.debug_types</name>
         <load_address>0x3a6f</load_address>
         <run_address>0x3a6f</run_address>
         <size>0x560</size>
         <input_file_ref idref="fl-3"/>
      </object_component>
      <object_component id="oc-2bb">
         <name>.debug_types</name>
         <load_address>0x0</load_address>
         <run_address>0x0</run_address>
         <size>0x0</size>
         <input_file_ref idref="fl-4"/>
      </object_component>
      <object_component id="oc-98">
         <name>.debug_types</name>
         <load_address>0x3fcf</load_address>
         <run_address>0x3fcf</run_address>
         <size>0x259</size>
         <input_file_ref idref="fl-7"/>
      </object_component>
      <object_component id="oc-523">
         <name>.debug_types</name>
         <load_address>0x4228</load_address>
         <run_address>0x4228</run_address>
         <size>0x151</size>
         <input_file_ref idref="fl-13"/>
      </object_component>
      <object_component id="oc-2e5">
         <name>.debug_types</name>
         <load_address>0x4379</load_address>
         <run_address>0x4379</run_address>
         <size>0x24d</size>
         <input_file_ref idref="fl-15"/>
      </object_component>
      <object_component id="oc-c4">
         <name>.debug_types</name>
         <load_address>0x0</load_address>
         <run_address>0x0</run_address>
         <size>0x0</size>
         <input_file_ref idref="fl-16"/>
      </object_component>
      <object_component id="oc-119">
         <name>.debug_types</name>
         <load_address>0x45c6</load_address>
         <run_address>0x45c6</run_address>
         <size>0x2f</size>
         <input_file_ref idref="fl-17"/>
      </object_component>
      <object_component id="oc-2d0">
         <name>.debug_types</name>
         <load_address>0x45f5</load_address>
         <run_address>0x45f5</run_address>
         <size>0x1d4</size>
         <input_file_ref idref="fl-18"/>
      </object_component>
      <object_component id="oc-188">
         <name>.debug_types</name>
         <load_address>0x0</load_address>
         <run_address>0x0</run_address>
         <size>0x0</size>
         <input_file_ref idref="fl-26"/>
      </object_component>
      <object_component id="oc-1d6">
         <name>.debug_types</name>
         <load_address>0x47c9</load_address>
         <run_address>0x47c9</run_address>
         <size>0x46c</size>
         <input_file_ref idref="fl-27"/>
      </object_component>
      <object_component id="oc-d1">
         <name>.debug_types</name>
         <load_address>0x4c35</load_address>
         <run_address>0x4c35</run_address>
         <size>0x1c8</size>
         <input_file_ref idref="fl-28"/>
      </object_component>
      <object_component id="oc-5b">
         <name>.debug_types</name>
         <load_address>0x0</load_address>
         <run_address>0x0</run_address>
         <size>0x0</size>
         <input_file_ref idref="fl-29"/>
      </object_component>
      <object_component id="oc-53">
         <name>.debug_types</name>
         <load_address>0x4dfd</load_address>
         <run_address>0x4dfd</run_address>
         <size>0x191</size>
         <input_file_ref idref="fl-2a"/>
      </object_component>
      <object_component id="oc-1c8">
         <name>.debug_types</name>
         <load_address>0x4f8e</load_address>
         <run_address>0x4f8e</run_address>
         <size>0xbf</size>
         <input_file_ref idref="fl-2b"/>
      </object_component>
      <object_component id="oc-21a">
         <name>.debug_types</name>
         <load_address>0x504d</load_address>
         <run_address>0x504d</run_address>
         <size>0x2f</size>
         <input_file_ref idref="fl-2c"/>
      </object_component>
      <object_component id="oc-1c0">
         <name>.debug_types</name>
         <load_address>0x507c</load_address>
         <run_address>0x507c</run_address>
         <size>0xe1</size>
         <input_file_ref idref="fl-2d"/>
      </object_component>
      <object_component id="oc-cc">
         <name>.debug_types</name>
         <load_address>0x515d</load_address>
         <run_address>0x515d</run_address>
         <size>0xb8</size>
         <input_file_ref idref="fl-30"/>
      </object_component>
      <object_component id="oc-21f">
         <name>.debug_types</name>
         <load_address>0x0</load_address>
         <run_address>0x0</run_address>
         <size>0x0</size>
         <input_file_ref idref="fl-31"/>
      </object_component>
      <object_component id="oc-525">
         <name>.debug_info</name>
         <load_address>0x0</load_address>
         <run_address>0x0</run_address>
         <size>0x190</size>
         <input_file_ref idref="fl-2"/>
      </object_component>
      <object_component id="oc-470">
         <name>.debug_info</name>
         <load_address>0x190</load_address>
         <run_address>0x190</run_address>
         <size>0x1dd</size>
         <input_file_ref idref="fl-2"/>
      </object_component>
      <object_component id="oc-48e">
         <name>.debug_info</name>
         <load_address>0x36d</load_address>
         <run_address>0x36d</run_address>
         <size>0x24b</size>
         <input_file_ref idref="fl-2"/>
      </object_component>
      <object_component id="oc-494">
         <name>.debug_info</name>
         <load_address>0x5b8</load_address>
         <run_address>0x5b8</run_address>
         <size>0x229</size>
         <input_file_ref idref="fl-2"/>
      </object_component>
      <object_component id="oc-476">
         <name>.debug_info</name>
         <load_address>0x7e1</load_address>
         <run_address>0x7e1</run_address>
         <size>0x1eb</size>
         <input_file_ref idref="fl-2"/>
      </object_component>
      <object_component id="oc-47c">
         <name>.debug_info</name>
         <load_address>0x9cc</load_address>
         <run_address>0x9cc</run_address>
         <size>0x1b4</size>
         <input_file_ref idref="fl-2"/>
      </object_component>
      <object_component id="oc-482">
         <name>.debug_info</name>
         <load_address>0xb80</load_address>
         <run_address>0xb80</run_address>
         <size>0x1b6</size>
         <input_file_ref idref="fl-2"/>
      </object_component>
      <object_component id="oc-488">
         <name>.debug_info</name>
         <load_address>0xd36</load_address>
         <run_address>0xd36</run_address>
         <size>0x1d9</size>
         <input_file_ref idref="fl-2"/>
      </object_component>
      <object_component id="oc-84">
         <name>.debug_info</name>
         <load_address>0xf0f</load_address>
         <run_address>0xf0f</run_address>
         <size>0x1e4</size>
         <input_file_ref idref="fl-2"/>
      </object_component>
      <object_component id="oc-302">
         <name>.debug_info</name>
         <load_address>0x10f3</load_address>
         <run_address>0x10f3</run_address>
         <size>0x1d1</size>
         <input_file_ref idref="fl-2"/>
      </object_component>
      <object_component id="oc-308">
         <name>.debug_info</name>
         <load_address>0x12c4</load_address>
         <run_address>0x12c4</run_address>
         <size>0x1d3</size>
         <input_file_ref idref="fl-2"/>
      </object_component>
      <object_component id="oc-2f6">
         <name>.debug_info</name>
         <load_address>0x1497</load_address>
         <run_address>0x1497</run_address>
         <size>0x16e</size>
         <input_file_ref idref="fl-2"/>
      </object_component>
      <object_component id="oc-2fc">
         <name>.debug_info</name>
         <load_address>0x1605</load_address>
         <run_address>0x1605</run_address>
         <size>0x215</size>
         <input_file_ref idref="fl-2"/>
      </object_component>
      <object_component id="oc-315">
         <name>.debug_info</name>
         <load_address>0x181a</load_address>
         <run_address>0x181a</run_address>
         <size>0x1e6</size>
         <input_file_ref idref="fl-2"/>
      </object_component>
      <object_component id="oc-30f">
         <name>.debug_info</name>
         <load_address>0x1a00</load_address>
         <run_address>0x1a00</run_address>
         <size>0x1a7</size>
         <input_file_ref idref="fl-2"/>
      </object_component>
      <object_component id="oc-31b">
         <name>.debug_info</name>
         <load_address>0x1ba7</load_address>
         <run_address>0x1ba7</run_address>
         <size>0x1af</size>
         <input_file_ref idref="fl-2"/>
      </object_component>
      <object_component id="oc-322">
         <name>.debug_info</name>
         <load_address>0x1d56</load_address>
         <run_address>0x1d56</run_address>
         <size>0x18b</size>
         <input_file_ref idref="fl-2"/>
      </object_component>
      <object_component id="oc-328">
         <name>.debug_info</name>
         <load_address>0x1ee1</load_address>
         <run_address>0x1ee1</run_address>
         <size>0x1ca</size>
         <input_file_ref idref="fl-2"/>
      </object_component>
      <object_component id="oc-49c">
         <name>.debug_info</name>
         <load_address>0x20ab</load_address>
         <run_address>0x20ab</run_address>
         <size>0x193</size>
         <input_file_ref idref="fl-2"/>
      </object_component>
      <object_component id="oc-348">
         <name>.debug_info</name>
         <load_address>0x223e</load_address>
         <run_address>0x223e</run_address>
         <size>0x1e1</size>
         <input_file_ref idref="fl-2"/>
      </object_component>
      <object_component id="oc-33c">
         <name>.debug_info</name>
         <load_address>0x241f</load_address>
         <run_address>0x241f</run_address>
         <size>0x224</size>
         <input_file_ref idref="fl-2"/>
      </object_component>
      <object_component id="oc-354">
         <name>.debug_info</name>
         <load_address>0x2643</load_address>
         <run_address>0x2643</run_address>
         <size>0x1c4</size>
         <input_file_ref idref="fl-2"/>
      </object_component>
      <object_component id="oc-34e">
         <name>.debug_info</name>
         <load_address>0x2807</load_address>
         <run_address>0x2807</run_address>
         <size>0x1f5</size>
         <input_file_ref idref="fl-2"/>
      </object_component>
      <object_component id="oc-35a">
         <name>.debug_info</name>
         <load_address>0x29fc</load_address>
         <run_address>0x29fc</run_address>
         <size>0x1e1</size>
         <input_file_ref idref="fl-2"/>
      </object_component>
      <object_component id="oc-342">
         <name>.debug_info</name>
         <load_address>0x2bdd</load_address>
         <run_address>0x2bdd</run_address>
         <size>0x1eb</size>
         <input_file_ref idref="fl-2"/>
      </object_component>
      <object_component id="oc-378">
         <name>.debug_info</name>
         <load_address>0x2dc8</load_address>
         <run_address>0x2dc8</run_address>
         <size>0x223</size>
         <input_file_ref idref="fl-2"/>
      </object_component>
      <object_component id="oc-372">
         <name>.debug_info</name>
         <load_address>0x2feb</load_address>
         <run_address>0x2feb</run_address>
         <size>0x29c</size>
         <input_file_ref idref="fl-2"/>
      </object_component>
      <object_component id="oc-366">
         <name>.debug_info</name>
         <load_address>0x3287</load_address>
         <run_address>0x3287</run_address>
         <size>0x239</size>
         <input_file_ref idref="fl-2"/>
      </object_component>
      <object_component id="oc-37e">
         <name>.debug_info</name>
         <load_address>0x34c0</load_address>
         <run_address>0x34c0</run_address>
         <size>0x265</size>
         <input_file_ref idref="fl-2"/>
      </object_component>
      <object_component id="oc-38a">
         <name>.debug_info</name>
         <load_address>0x3725</load_address>
         <run_address>0x3725</run_address>
         <size>0x235</size>
         <input_file_ref idref="fl-2"/>
      </object_component>
      <object_component id="oc-384">
         <name>.debug_info</name>
         <load_address>0x395a</load_address>
         <run_address>0x395a</run_address>
         <size>0x230</size>
         <input_file_ref idref="fl-2"/>
      </object_component>
      <object_component id="oc-390">
         <name>.debug_info</name>
         <load_address>0x3b8a</load_address>
         <run_address>0x3b8a</run_address>
         <size>0x20d</size>
         <input_file_ref idref="fl-2"/>
      </object_component>
      <object_component id="oc-396">
         <name>.debug_info</name>
         <load_address>0x3d97</load_address>
         <run_address>0x3d97</run_address>
         <size>0x1ec</size>
         <input_file_ref idref="fl-2"/>
      </object_component>
      <object_component id="oc-3a2">
         <name>.debug_info</name>
         <load_address>0x3f83</load_address>
         <run_address>0x3f83</run_address>
         <size>0x20f</size>
         <input_file_ref idref="fl-2"/>
      </object_component>
      <object_component id="oc-3a8">
         <name>.debug_info</name>
         <load_address>0x4192</load_address>
         <run_address>0x4192</run_address>
         <size>0x1ee</size>
         <input_file_ref idref="fl-2"/>
      </object_component>
      <object_component id="oc-39c">
         <name>.debug_info</name>
         <load_address>0x4380</load_address>
         <run_address>0x4380</run_address>
         <size>0x200</size>
         <input_file_ref idref="fl-2"/>
      </object_component>
      <object_component id="oc-3ae">
         <name>.debug_info</name>
         <load_address>0x4580</load_address>
         <run_address>0x4580</run_address>
         <size>0x202</size>
         <input_file_ref idref="fl-2"/>
      </object_component>
      <object_component id="oc-3b4">
         <name>.debug_info</name>
         <load_address>0x4782</load_address>
         <run_address>0x4782</run_address>
         <size>0x1b8</size>
         <input_file_ref idref="fl-2"/>
      </object_component>
      <object_component id="oc-3ba">
         <name>.debug_info</name>
         <load_address>0x493a</load_address>
         <run_address>0x493a</run_address>
         <size>0x21a</size>
         <input_file_ref idref="fl-2"/>
      </object_component>
      <object_component id="oc-3c0">
         <name>.debug_info</name>
         <load_address>0x4b54</load_address>
         <run_address>0x4b54</run_address>
         <size>0x202</size>
         <input_file_ref idref="fl-2"/>
      </object_component>
      <object_component id="oc-3c6">
         <name>.debug_info</name>
         <load_address>0x4d56</load_address>
         <run_address>0x4d56</run_address>
         <size>0x1e7</size>
         <input_file_ref idref="fl-2"/>
      </object_component>
      <object_component id="oc-3cc">
         <name>.debug_info</name>
         <load_address>0x4f3d</load_address>
         <run_address>0x4f3d</run_address>
         <size>0x22b</size>
         <input_file_ref idref="fl-2"/>
      </object_component>
      <object_component id="oc-3d2">
         <name>.debug_info</name>
         <load_address>0x5168</load_address>
         <run_address>0x5168</run_address>
         <size>0x23d</size>
         <input_file_ref idref="fl-2"/>
      </object_component>
      <object_component id="oc-3d8">
         <name>.debug_info</name>
         <load_address>0x53a5</load_address>
         <run_address>0x53a5</run_address>
         <size>0x203</size>
         <input_file_ref idref="fl-2"/>
      </object_component>
      <object_component id="oc-36c">
         <name>.debug_info</name>
         <load_address>0x55a8</load_address>
         <run_address>0x55a8</run_address>
         <size>0x20c</size>
         <input_file_ref idref="fl-2"/>
      </object_component>
      <object_component id="oc-360">
         <name>.debug_info</name>
         <load_address>0x57b4</load_address>
         <run_address>0x57b4</run_address>
         <size>0x1d3</size>
         <input_file_ref idref="fl-2"/>
      </object_component>
      <object_component id="oc-534">
         <name>.debug_info</name>
         <load_address>0x5987</load_address>
         <run_address>0x5987</run_address>
         <size>0x18e</size>
         <input_file_ref idref="fl-2"/>
      </object_component>
      <object_component id="oc-4ef">
         <name>.debug_info</name>
         <load_address>0x5b15</load_address>
         <run_address>0x5b15</run_address>
         <size>0x20e</size>
         <input_file_ref idref="fl-2"/>
      </object_component>
      <object_component id="oc-4fb">
         <name>.debug_info</name>
         <load_address>0x5d23</load_address>
         <run_address>0x5d23</run_address>
         <size>0x1ae</size>
         <input_file_ref idref="fl-2"/>
      </object_component>
      <object_component id="oc-4f5">
         <name>.debug_info</name>
         <load_address>0x5ed1</load_address>
         <run_address>0x5ed1</run_address>
         <size>0x1aa</size>
         <input_file_ref idref="fl-2"/>
      </object_component>
      <object_component id="oc-4d1">
         <name>.debug_info</name>
         <load_address>0x607b</load_address>
         <run_address>0x607b</run_address>
         <size>0x1ac</size>
         <input_file_ref idref="fl-2"/>
      </object_component>
      <object_component id="oc-4cb">
         <name>.debug_info</name>
         <load_address>0x6227</load_address>
         <run_address>0x6227</run_address>
         <size>0x1ac</size>
         <input_file_ref idref="fl-2"/>
      </object_component>
      <object_component id="oc-4d7">
         <name>.debug_info</name>
         <load_address>0x63d3</load_address>
         <run_address>0x63d3</run_address>
         <size>0x1b0</size>
         <input_file_ref idref="fl-2"/>
      </object_component>
      <object_component id="oc-4e9">
         <name>.debug_info</name>
         <load_address>0x6583</load_address>
         <run_address>0x6583</run_address>
         <size>0x1be</size>
         <input_file_ref idref="fl-2"/>
      </object_component>
      <object_component id="oc-4e3">
         <name>.debug_info</name>
         <load_address>0x6741</load_address>
         <run_address>0x6741</run_address>
         <size>0x1b4</size>
         <input_file_ref idref="fl-2"/>
      </object_component>
      <object_component id="oc-4c5">
         <name>.debug_info</name>
         <load_address>0x68f5</load_address>
         <run_address>0x68f5</run_address>
         <size>0x1bc</size>
         <input_file_ref idref="fl-2"/>
      </object_component>
      <object_component id="oc-1f7">
         <name>.debug_info</name>
         <load_address>0x6ab1</load_address>
         <run_address>0x6ab1</run_address>
         <size>0x1ae</size>
         <input_file_ref idref="fl-2"/>
      </object_component>
      <object_component id="oc-272">
         <name>.debug_info</name>
         <load_address>0x6c5f</load_address>
         <run_address>0x6c5f</run_address>
         <size>0x281</size>
         <input_file_ref idref="fl-2"/>
      </object_component>
      <object_component id="oc-28a">
         <name>.debug_info</name>
         <load_address>0x6ee0</load_address>
         <run_address>0x6ee0</run_address>
         <size>0x13b</size>
         <input_file_ref idref="fl-2"/>
      </object_component>
      <object_component id="oc-32f">
         <name>.debug_info</name>
         <load_address>0x701b</load_address>
         <run_address>0x701b</run_address>
         <size>0x261</size>
         <input_file_ref idref="fl-2"/>
      </object_component>
      <object_component id="oc-335">
         <name>.debug_info</name>
         <load_address>0x727c</load_address>
         <run_address>0x727c</run_address>
         <size>0x22f</size>
         <input_file_ref idref="fl-2"/>
      </object_component>
      <object_component id="oc-284">
         <name>.debug_info</name>
         <load_address>0x74ab</load_address>
         <run_address>0x74ab</run_address>
         <size>0x170</size>
         <input_file_ref idref="fl-2"/>
      </object_component>
      <object_component id="oc-290">
         <name>.debug_info</name>
         <load_address>0x761b</load_address>
         <run_address>0x761b</run_address>
         <size>0x734</size>
         <input_file_ref idref="fl-2"/>
      </object_component>
      <object_component id="oc-296">
         <name>.debug_info</name>
         <load_address>0x7d4f</load_address>
         <run_address>0x7d4f</run_address>
         <size>0x150</size>
         <input_file_ref idref="fl-2"/>
      </object_component>
      <object_component id="oc-3df">
         <name>.debug_info</name>
         <load_address>0x7e9f</load_address>
         <run_address>0x7e9f</run_address>
         <size>0x1a2</size>
         <input_file_ref idref="fl-2"/>
      </object_component>
      <object_component id="oc-3e5">
         <name>.debug_info</name>
         <load_address>0x8041</load_address>
         <run_address>0x8041</run_address>
         <size>0x19c</size>
         <input_file_ref idref="fl-2"/>
      </object_component>
      <object_component id="oc-23">
         <name>.debug_info</name>
         <load_address>0x81dd</load_address>
         <run_address>0x81dd</run_address>
         <size>0x1b2</size>
         <input_file_ref idref="fl-2"/>
      </object_component>
      <object_component id="oc-29c">
         <name>.debug_info</name>
         <load_address>0x838f</load_address>
         <run_address>0x838f</run_address>
         <size>0x12c</size>
         <input_file_ref idref="fl-2"/>
      </object_component>
      <object_component id="oc-3ec">
         <name>.debug_info</name>
         <load_address>0x84bb</load_address>
         <run_address>0x84bb</run_address>
         <size>0x230</size>
         <input_file_ref idref="fl-2"/>
      </object_component>
      <object_component id="oc-27e">
         <name>.debug_info</name>
         <load_address>0x86eb</load_address>
         <run_address>0x86eb</run_address>
         <size>0x21c</size>
         <input_file_ref idref="fl-2"/>
      </object_component>
      <object_component id="oc-278">
         <name>.debug_info</name>
         <load_address>0x8907</load_address>
         <run_address>0x8907</run_address>
         <size>0x1e43</size>
         <input_file_ref idref="fl-2"/>
      </object_component>
      <object_component id="oc-254">
         <name>.debug_info</name>
         <load_address>0xa74a</load_address>
         <run_address>0xa74a</run_address>
         <size>0x172</size>
         <input_file_ref idref="fl-3"/>
      </object_component>
      <object_component id="oc-23b">
         <name>.debug_info</name>
         <load_address>0xa8bc</load_address>
         <run_address>0xa8bc</run_address>
         <size>0x1a6</size>
         <input_file_ref idref="fl-3"/>
      </object_component>
      <object_component id="oc-228">
         <name>.debug_info</name>
         <load_address>0xaa62</load_address>
         <run_address>0xaa62</run_address>
         <size>0x179</size>
         <input_file_ref idref="fl-3"/>
      </object_component>
      <object_component id="oc-259">
         <name>.debug_info</name>
         <load_address>0xabdb</load_address>
         <run_address>0xabdb</run_address>
         <size>0x186</size>
         <input_file_ref idref="fl-3"/>
      </object_component>
      <object_component id="oc-2d6">
         <name>.debug_info</name>
         <load_address>0xad61</load_address>
         <run_address>0xad61</run_address>
         <size>0x191</size>
         <input_file_ref idref="fl-3"/>
      </object_component>
      <object_component id="oc-23f">
[...]
         </usage_details>
      </memory_area>
      <memory_area display="yes" color="green">
         <name>FLASH_BANK1_SEC4</name>
         <page_id>0x0</page_id>
         <origin>0x94000</origin>
         <length>0x1000</length>
         <used_space>0x0</used_space>
         <unused_space>0x1000</unused_space>
         <attributes>RWIX</attributes>
         <usage_details>
         </usage_details>
      </memory_area>
      <memory_area display="yes" color="green">
         <name>FLASH_BANK1_SEC5</name>
         <page_id>0x0</page_id>
         <origin>0x95000</origin>
         <length>0x1000</length>
         <used_space>0x0</used_space>
         <unused_space>0x1000</unused_space>
         <attributes>RWIX</attributes>
         <usage_details>
         </usage_details>
      </memory_area>
      <memory_area display="yes" color="green">
         <name>FLASH_BANK1_SEC6</name>
         <page_id>0x0</page_id>
         <origin>0x96000</origin>
         <length>0x1000</length>
         <used_space>0x0</used_space>
         <unused_space>0x1000</unused_space>
         <attributes>RWIX</attributes>
         <usage_details>
         </usage_details>
      </memory_area>
      <memory_area display="yes" color="green">
         <name>FLASH_BANK1_SEC7</name>
         <page_id>0x0</page_id>
         <origin>0x97000</origin>
         <length>0x1000</length>
         <used_space>0x0</used_space>
         <unused_space>0x1000</unused_space>
         <attributes>RWIX</attributes>
         <usage_details>
         </usage_details>
      </memory_area>
      <memory_area display="yes" color="green">
         <name>FLASH_BANK1_SEC8</name>
         <page_id>0x0</page_id>
         <origin>0x98000</origin>
         <length>0x1000</length>
         <used_space>0x0</used_space>
         <unused_space>0x1000</unused_space>
         <attributes>RWIX</attributes>
         <usage_details>
         </usage_details>
      </memory_area>
      <memory_area display="yes" color="green">
         <name>FLASH_BANK1_SEC9</name>
         <page_id>0x0</page_id>
         <origin>0x99000</origin>
         <length>0x1000</length>
         <used_space>0x0</used_space>
         <unused_space>0x1000</unused_space>
         <attributes>RWIX</attributes>
         <usage_details>
         </usage_details>
      </memory_area>
      <memory_area display="yes" color="green">
         <name>FLASH_BANK1_SEC10</name>
         <page_id>0x0</page_id>
         <origin>0x9a000</origin>
         <length>0x1000</length>
         <used_space>0x0</used_space>
         <unused_space>0x1000</unused_space>
         <attributes>RWIX</attributes>
         <usage_details>
         </usage_details>
      </memory_area>
      <memory_area display="yes" color="green">
         <name>FLASH_BANK1_SEC11</name>
         <page_id>0x0</page_id>
         <origin>0x9b000</origin>
         <length>0x1000</length>
         <used_space>0x0</used_space>
         <unused_space>0x1000</unused_space>
         <attributes>RWIX</attributes>
         <usage_details>
         </usage_details>
      </memory_area>
      <memory_area display="yes" color="green">
         <name>FLASH_BANK1_SEC12</name>
         <page_id>0x0</page_id>
         <origin>0x9c000</origin>
         <length>0x1000</length>
         <used_space>0x0</used_space>
         <unused_space>0x1000</unused_space>
         <attributes>RWIX</attributes>
         <usage_details>
         </usage_details>
      </memory_area>
      <memory_area display="yes" color="green">
         <name>FLASH_BANK1_SEC13</name>
         <page_id>0x0</page_id>
         <origin>0x9d000</origin>
         <length>0x1000</length>
         <used_space>0x0</used_space>
         <unused_space>0x1000</unused_space>
         <attributes>RWIX</attributes>
         <usage_details>
         </usage_details>
      </memory_area>
      <memory_area display="yes" color="green">
         <name>FLASH_BANK1_SEC14</name>
         <page_id>0x0</page_id>
         <origin>0x9e000</origin>
         <length>0x1000</length>
         <used_space>0x0</used_space>
         <unused_space>0x1000</unused_space>
         <attributes>RWIX</attributes>
         <usage_details>
         </usage_details>
      </memory_area>
      <memory_area display="yes" color="green">
         <name>FLASH_BANK1_SEC15</name>
         <page_id>0x0</page_id>
         <origin>0x9f000</origin>
         <length>0xff0</length>
         <used_space>0x0</used_space>
         <unused_space>0xff0</unused_space>
         <attributes>RWIX</attributes>
         <usage_details>
         </usage_details>
      </memory_area>
      <memory_area display="no" color="green">
         <name>RESET</name>
         <page_id>0x0</page_id>
         <origin>0x3fffc0</origin>
         <length>0x2</length>
         <used_space>0x0</used_space>
         <unused_space>0x2</unused_space>
         <attributes>RWIX</attributes>
         <usage_details>
         </usage_details>
      </memory_area>
   </placement_map>
   <cptbl_list>
      <cptbl>
         <name>__TI_cinit_table</name>
         <cprec>
            <name>.data</name>
            <load_address>0xfa</load_address>
            <load_size>0x15</load_size>
            <run_address>0xa6bc</run_address>
            <run_size>0x1c</run_size>
            <compression>lzss</compression>
         </cprec>
         <cprec>
            <name>.bss</name>
            <load_address>0x116</load_address>
            <load_size>0x4</load_size>
            <run_address>0xa5b8</run_address>
            <run_size>0x104</run_size>
            <compression>zero_init</compression>
         </cprec>
      </cptbl>
   </cptbl_list>
   <handler_table>
      <handler_table_name>__TI_handler_table</handler_table_name>
      <handler>
         <index>0x0</index>
         <name>__TI_zero_init</name>
      </handler>
      <handler>
         <index>0x1</index>
         <name>__TI_decompress_lzss</name>
      </handler>
      <handler>
         <index>0x2</index>
         <name>__TI_decompress_none</name>
      </handler>
   </handler_table>
   <symbol_table>
      <symbol id="sm-1">
         <name>__TI_CINIT_Base</name>
         <value>0x11a</value>
      </symbol>
      <symbol id="sm-2">
         <name>__TI_CINIT_Limit</name>
         <value>0x122</value>
      </symbol>
      <symbol id="sm-3">
         <name>__TI_CINIT_Warm</name>
         <value>0x122</value>
      </symbol>
      <symbol id="sm-4">
         <name>__TI_Handler_Table_Base</name>
         <value>0x110</value>
      </symbol>
      <symbol id="sm-5">
         <name>__TI_Handler_Table_Limit</name>
         <value>0x116</value>
      </symbol>
      <symbol id="sm-6">
         <name>__TI_STACK_SIZE</name>
         <value>0x3f8</value>
      </symbol>
      <symbol id="sm-7">
         <name>__TI_STACK_END</name>
         <value>0x7f8</value>
      </symbol>
      <symbol id="sm-8">
         <name>__TI_pprof_out_hndl</name>
         <value>0xffffffff</value>
      </symbol>
      <symbol id="sm-9">
         <name>__TI_prof_data_start</name>
         <value>0xffffffff</value>
      </symbol>
      <symbol id="sm-a">
         <name>__TI_prof_data_size</name>
         <value>0xffffffff</value>
      </symbol>
      <symbol id="sm-2b0">
         <name>myGPIOOutput0_init</name>
         <value>0xd959</value>
         <object_component_ref idref="oc-3e4"/>
      </symbol>
      <symbol id="sm-2b1">
         <name>INTERRUPT_init</name>
         <value>0xd283</value>
         <object_component_ref idref="oc-22"/>
      </symbol>
      <symbol id="sm-2b2">
         <name>PinMux_init</name>
         <value>0xcc75</value>
         <object_component_ref idref="oc-271"/>
      </symbol>
      <symbol id="sm-2b3">
         <name>SCI_init</name>
         <value>0xdb5d</value>
         <object_component_ref idref="oc-29b"/>
      </symbol>
      <symbol id="sm-2b4">
         <name>Board_init</name>
         <value>0xd7eb</value>
         <object_component_ref idref="oc-1f6"/>
      </symbol>
      <symbol id="sm-2b5">
         <name>GPIO_init</name>
         <value>0xdb55</value>
         <object_component_ref idref="oc-295"/>
      </symbol>
      <symbol id="sm-2b6">
         <name>myBoardLED0_GPIO_init</name>
         <value>0xd945</value>
         <object_component_ref idref="oc-3de"/>
      </symbol>
      <symbol id="sm-2b7">
         <name>SYSCTL_init</name>
         <value>0xc000</value>
         <object_component_ref idref="oc-277"/>
      </symbol>
      <symbol id="sm-2b8">
         <name>ADC_init</name>
         <value>0xdb50</value>
         <object_component_ref idref="oc-289"/>
      </symbol>
      <symbol id="sm-2b9">
         <name>myADC0_init</name>
         <value>0xc9a9</value>
         <object_component_ref idref="oc-32e"/>
      </symbol>
      <symbol id="sm-2ba">
         <name>myADC1_init</name>
         <value>0xccb8</value>
         <object_component_ref idref="oc-334"/>
      </symbol>
      <symbol id="sm-2bb">
         <name>SYNC_init</name>
         <value>0xd46c</value>
         <object_component_ref idref="oc-27d"/>
      </symbol>
      <symbol id="sm-2bc">
         <name>EPWM_init</name>
         <value>0xc3d5</value>
         <object_component_ref idref="oc-28f"/>
      </symbol>
      <symbol id="sm-2bd">
         <name>mySCI0_init</name>
         <value>0xce34</value>
         <object_component_ref idref="oc-3eb"/>
      </symbol>
      <symbol id="sm-2be">
         <name>ASYSCTL_init</name>
         <value>0xdb44</value>
         <object_component_ref idref="oc-283"/>
      </symbol>
      <symbol id="sm-30f">
         <name>Device_init</name>
         <value>0xc902</value>
         <object_component_ref idref="oc-1e4"/>
      </symbol>
      <symbol id="sm-310">
         <name>__error__</name>
         <value>0xdb3d</value>
         <object_component_ref idref="oc-e7"/>
      </symbol>
      <symbol id="sm-324">
         <name>generic_ram_lnk_init</name>
         <value>0xdb62</value>
         <object_component_ref idref="oc-2b4"/>
      </symbol>
      <symbol id="sm-325">
         <name>CMD_init</name>
         <value>0xdb5a</value>
         <object_component_ref idref="oc-22b"/>
      </symbol>
      <symbol id="sm-335">
         <name>code_start</name>
         <value>0x0</value>
         <object_component_ref idref="oc-1c"/>
      </symbol>
      <symbol id="sm-3f7">
         <name>INT_mySCI0_RX_ISR</name>
         <value>0xc841</value>
         <object_component_ref idref="oc-33"/>
      </symbol>
      <symbol id="sm-3f8">
         <name>INT_mySCI0_TX_ISR</name>
         <value>0xcc32</value>
         <object_component_ref idref="oc-2d"/>
      </symbol>
      <symbol id="sm-3f9">
         <name>pwmSignal</name>
         <value>0xa6c4</value>
         <object_component_ref idref="oc-6e"/>
      </symbol>
      <symbol id="sm-3fa">
         <name>msg</name>
         <value>0xa6ba</value>
         <object_component_ref idref="oc-a6"/>
      </symbol>
      <symbol id="sm-3fb">
         <name>main</name>
         <value>0xc6e1</value>
         <object_component_ref idref="oc-1b9"/>
      </symbol>
      <symbol id="sm-3fc">
         <name>myADC0Results</name>
         <value>0xa5b8</value>
         <object_component_ref idref="oc-202"/>
      </symbol>
      <symbol id="sm-3fd">
         <name>index</name>
         <value>0xa6b8</value>
         <object_component_ref idref="oc-a6"/>
      </symbol>
      <symbol id="sm-3fe">
         <name>bufferFull</name>
         <value>0xa6b9</value>
         <object_component_ref idref="oc-a6"/>
      </symbol>
      <symbol id="sm-3ff">
         <name>isr_counter</name>
         <value>0xa6c2</value>
         <object_component_ref idref="oc-6e"/>
      </symbol>
      <symbol id="sm-400">
         <name>counter</name>
         <value>0xa6c0</value>
         <object_component_ref idref="oc-6e"/>
      </symbol>
      <symbol id="sm-401">
         <name>INT_myEPWM0_ISR</name>
         <value>0xcbef</value>
         <object_component_ref idref="oc-21"/>
      </symbol>
      <symbol id="sm-410">
         <name>ADC_setOffsetTrimAll</name>
         <value>0xd1bf</value>
         <object_component_ref idref="oc-469"/>
      </symbol>
      <symbol id="sm-45f">
         <name>GPIO_setQualificationMode</name>
         <value>0xcf53</value>
         <object_component_ref idref="oc-2ee"/>
      </symbol>
      <symbol id="sm-460">
         <name>GPIO_setPadConfig</name>
         <value>0xc957</value>
         <object_component_ref idref="oc-25c"/>
      </symbol>
      <symbol id="sm-461">
         <name>GPIO_setAnalogMode</name>
         <value>0xceab</value>
         <object_component_ref idref="oc-268"/>
      </symbol>
      <symbol id="sm-462">
         <name>GPIO_setDirectionMode</name>
         <value>0xd02d</value>
         <object_component_ref idref="oc-262"/>
      </symbol>
      <symbol id="sm-463">
         <name>GPIO_setPinConfig</name>
         <value>0xcf1c</value>
         <object_component_ref idref="oc-2e8"/>
      </symbol>
      <symbol id="sm-464">
         <name>GPIO_setControllerCore</name>
         <value>0xcee5</value>
         <object_component_ref idref="oc-4bc"/>
      </symbol>
      <symbol id="sm-4dd">
         <name>Interrupt_defaultHandler</name>
         <value>0xd7c0</value>
         <object_component_ref idref="oc-39"/>
      </symbol>
      <symbol id="sm-4de">
         <name>Interrupt_disable</name>
         <value>0xc9fa</value>
         <object_component_ref idref="oc-89"/>
      </symbol>
      <symbol id="sm-4df">
         <name>Interrupt_initModule</name>
         <value>0xcdf7</value>
         <object_component_ref idref="oc-1ea"/>
      </symbol>
      <symbol id="sm-4e0">
         <name>Interrupt_nmiHandler</name>
         <value>0xdafd</value>
         <object_component_ref idref="oc-4b"/>
      </symbol>
      <symbol id="sm-4e1">
         <name>Interrupt_enable</name>
         <value>0xcf8a</value>
         <object_component_ref idref="oc-8f"/>
      </symbol>
      <symbol id="sm-4e2">
         <name>Interrupt_initVectorTable</name>
         <value>0xd430</value>
         <object_component_ref idref="oc-3b"/>
      </symbol>
      <symbol id="sm-4e3">
         <name>Interrupt_illegalOperationHandler</name>
         <value>0xdaf3</value>
         <object_component_ref idref="oc-45"/>
      </symbol>
      <symbol id="sm-56e">
         <name>SCI_clearInterruptStatus</name>
         <value>0xcadc</value>
         <object_component_ref idref="oc-bc"/>
      </symbol>
      <symbol id="sm-56f">
         <name>SCI_writeCharArray</name>
         <value>0xccfa</value>
         <object_component_ref idref="oc-a0"/>
      </symbol>
      <symbol id="sm-570">
         <name>SCI_disableInterrupt</name>
         <value>0xcb21</value>
         <object_component_ref idref="oc-99"/>
      </symbol>
      <symbol id="sm-571">
         <name>SCI_setConfig</name>
         <value>0xcdb9</value>
         <object_component_ref idref="oc-4dc"/>
      </symbol>
      <symbol id="sm-572">
         <name>SCI_enableInterrupt</name>
         <value>0xcbab</value>
         <object_component_ref idref="oc-aa"/>
      </symbol>
      <symbol id="sm-686">
         <name>SysCtl_isPLLValid</name>
         <value>0xc5a5</value>
         <object_component_ref idref="oc-2c9"/>
      </symbol>
      <symbol id="sm-687">
         <name>SysCtl_delay</name>
         <value>0xf6</value>
         <object_component_ref idref="oc-205"/>
      </symbol>
      <symbol id="sm-688">
         <name>SysCtl_selectXTALSingleEnded</name>
         <value>0xd377</value>
         <object_component_ref idref="oc-3ff"/>
      </symbol>
      <symbol id="sm-689">
         <name>SysCtl_selectXTAL</name>
         <value>0xcff7</value>
         <object_component_ref idref="oc-3f9"/>
      </symbol>
      <symbol id="sm-68a">
         <name>SysCtl_selectOscSource</name>
         <value>0xca93</value>
         <object_component_ref idref="oc-2c3"/>
      </symbol>
      <symbol id="sm-68b">
         <name>SysCtl_getLowSpeedClock</name>
         <value>0xd5a2</value>
         <object_component_ref idref="oc-24a"/>
      </symbol>
      <symbol id="sm-68c">
         <name>SysCtl_setClock</name>
         <value>0xc4e5</value>
         <object_component_ref idref="oc-231"/>
      </symbol>
      <symbol id="sm-68d">
         <name>SysCtl_getClock</name>
         <value>0xc8a4</value>
         <object_component_ref idref="oc-243"/>
      </symbol>
      <symbol id="sm-697">
         <name>_c_int00</name>
         <value>0xd751</value>
         <object_component_ref idref="oc-d9"/>
      </symbol>
      <symbol id="sm-698">
         <name>__stack</name>
         <value>0x400</value>
         <object_component_ref idref="oc-51"/>
      </symbol>
      <symbol id="sm-6a6">
         <name>_system_pre_init</name>
         <value>0xdb60</value>
         <object_component_ref idref="oc-15c"/>
      </symbol>
      <symbol id="sm-6b5">
         <name>__TI_auto_init_nobinit_nopinit</name>
         <value>0xd16b</value>
         <object_component_ref idref="oc-189"/>
      </symbol>
      <symbol id="sm-6c4">
         <name>__TI_zero_init_nomemset</name>
         <value>0xdac3</value>
         <object_component_ref idref="oc-5c"/>
      </symbol>
      <symbol id="sm-6d1">
         <name>__TI_decompress_none</name>
         <value>0xdb18</value>
         <object_component_ref idref="oc-15"/>
      </symbol>
      <symbol id="sm-6e5">
         <name>__TI_decompress_lzss</name>
         <value>0xd05e</value>
         <object_component_ref idref="oc-f"/>
      </symbol>
      <symbol id="sm-6fb">
         <name>C$$EXIT</name>
         <value>0xd196</value>
         <object_component_ref idref="oc-169"/>
      </symbol>
      <symbol id="sm-6fc">
         <name>abort</name>
         <value>0xd196</value>
         <object_component_ref idref="oc-169"/>
      </symbol>
      <symbol id="sm-6fd">
         <name>exit</name>
         <value>0xd198</value>
         <object_component_ref idref="oc-169"/>
      </symbol>
      <symbol id="sm-6fe">
         <name>__TI_dtors_ptr</name>
         <value>0xa6d6</value>
         <object_component_ref idref="oc-1c1"/>
      </symbol>
      <symbol id="sm-6ff">
         <name>__TI_cleanup_ptr</name>
         <value>0xa6d4</value>
         <object_component_ref idref="oc-1c1"/>
      </symbol>
      <symbol id="sm-700">
         <name>__TI_enable_exit_profile_output</name>
         <value>0xa6d2</value>
         <object_component_ref idref="oc-1c1"/>
      </symbol>
      <symbol id="sm-717">
         <name>_nop</name>
         <value>0xdb0f</value>
         <object_component_ref idref="oc-212"/>
      </symbol>
      <symbol id="sm-718">
         <name>_lock</name>
         <value>0xa6bc</value>
         <object_component_ref idref="oc-1c4"/>
      </symbol>
      <symbol id="sm-719">
         <name>_unlock</name>
         <value>0xa6be</value>
         <object_component_ref idref="oc-2a6"/>
      </symbol>
      <symbol id="sm-71a">
         <name>_register_lock</name>
         <value>0xdb0b</value>
         <object_component_ref idref="oc-212"/>
      </symbol>
      <symbol id="sm-71b">
         <name>_register_unlock</name>
         <value>0xdb07</value>
         <object_component_ref idref="oc-212"/>
      </symbol>
      <symbol id="sm-72a">
         <name>_args_main</name>
         <value>0xdadc</value>
         <object_component_ref idref="oc-163"/>
      </symbol>
      <symbol id="sm-73e">
         <name>memcpy</name>
         <value>0xd4e1</value>
         <object_component_ref idref="oc-54"/>
      </symbol>
      <symbol id="sm-74b">
         <name>_system_post_cinit</name>
         <value>0xdb63</value>
         <object_component_ref idref="oc-1cf"/>
      </symbol>
      <symbol id="sm-74d">
         <name>__c_args__</name>
         <value>0x0</value>
      </symbol>
   </symbol_table>
   <title>Link successful</title>
</link_info>
