******************************************************************************
             TMS320C2000 Linker PC v22.6.1                     
******************************************************************************
>> Linked Mon Mar  4 21:37:43 2024

OUTPUT FILE NAME:   <F280049C_Demo.out>
ENTRY POINT SYMBOL: "code_start"  address: 00000000


MEMORY CONFIGURATION

         name            origin    length      used     unused   attr    fill
----------------------  --------  ---------  --------  --------  ----  --------
  RAMM0_BEGIN           00000000   00000002  00000002  00000000  RWIX
  RAMM0                 000000f6   0000030a  0000002c  000002de  RWIX
  RAMM1                 00000400   000003f8  000003f8  00000000  RWIX
  CLATOCPU_MSGRAM       00001480   00000080  00000000  00000080  RWIX
  CPUTOCLA_MSGRAM       00001500   00000080  00000000  00000080  RWIX
  RAMLS0                00008000   00000800  00000000  00000800  RWIX
  RAMLS1                00008800   00000800  00000000  00000800  RWIX
  RAMLS2                00009000   00000800  00000000  00000800  RWIX
  RAMLS3                00009800   00000800  00000000  00000800  RWIX
  RAMLS4                0000a000   00000800  000006d7  00000129  RWIX
  RAMLS5                0000a800   00000800  00000000  00000800  RWIX
  RAMLS6                0000b000   00000800  00000000  00000800  RWIX
  RAMLS7                0000b800   00000800  00000000  00000800  RWIX
  RAMGS0                0000c000   00002000  00001b64  0000049c  RWIX
  RAMGS1                0000e000   00002000  00000000  00002000  RWIX
  RAMGS2                00010000   00002000  00000000  00002000  RWIX
  RAMGS3                00012000   00001ff8  00000000  00001ff8  RWIX
  FLASH_BANK0_SEC0      00080000   00001000  00000000  00001000  RWIX
  FLASH_BANK0_SEC1      00081000   00001000  00000000  00001000  RWIX
  FLASH_BANK0_SEC2      00082000   00001000  00000000  00001000  RWIX
  FLASH_BANK0_SEC3      00083000   00001000  00000000  00001000  RWIX
  FLASH_BANK0_SEC4      00084000   00001000  00000000  00001000  RWIX
  FLASH_BANK0_SEC5      00085000   00001000  00000000  00001000  RWIX
  FLASH_BANK0_SEC6      00086000   00001000  00000000  00001000  RWIX
  FLASH_BANK0_SEC7      00087000   00001000  00000000  00001000  RWIX
  FLASH_BANK0_SEC8      00088000   00001000  00000000  00001000  RWIX
  FLASH_BANK0_SEC9      00089000   00001000  00000000  00001000  RWIX
  FLASH_BANK0_SEC10     0008a000   00001000  00000000  00001000  RWIX
  FLASH_BANK0_SEC11     0008b000   00001000  00000000  00001000  RWIX
  FLASH_BANK0_SEC12     0008c000   00001000  00000000  00001000  RWIX
  FLASH_BANK0_SEC13     0008d000   00001000  00000000  00001000  RWIX
  FLASH_BANK0_SEC14     0008e000   00001000  00000000  00001000  RWIX
  FLASH_BANK0_SEC15     0008f000   00001000  00000000  00001000  RWIX
  FLASH_BANK1_SEC0      00090000   00001000  00000000  00001000  RWIX
  FLASH_BANK1_SEC1      00091000   00001000  00000000  00001000  RWIX
  FLASH_BANK1_SEC2      00092000   00001000  00000000  00001000  RWIX
  FLASH_BANK1_SEC3      00093000   00001000  00000000  00001000  RWIX
  FLASH_BANK1_SEC4      00094000   00001000  00000000  00001000  RWIX
  FLASH_BANK1_SEC5      00095000   00001000  00000000  00001000  RWIX
  FLASH_BANK1_SEC6      00096000   00001000  00000000  00001000  RWIX
  FLASH_BANK1_SEC7      00097000   00001000  00000000  00001000  RWIX
  FLASH_BANK1_SEC8      00098000   00001000  00000000  00001000  RWIX
  FLASH_BANK1_SEC9      00099000   00001000  00000000  00001000  RWIX
  FLASH_BANK1_SEC10     0009a000   00001000  00000000  00001000  RWIX
  FLASH_BANK1_SEC11     0009b000   00001000  00000000  00001000  RWIX
  FLASH_BANK1_SEC12     0009c000   00001000  00000000  00001000  RWIX
  FLASH_BANK1_SEC13     0009d000   00001000  00000000  00001000  RWIX
  FLASH_BANK1_SEC14     0009e000   00001000  00000000  00001000  RWIX
  FLASH_BANK1_SEC15     0009f000   00000ff0  00000000  00000ff0  RWIX
  RESET                 003fffc0   00000002  00000000  00000002  RWIX


SECTION ALLOCATION MAP

 output                                  attributes/
section   page    origin      length       input sections
--------  ----  ----------  ----------   ----------------
.reset     0    003fffc0    00000000     DSECT

codestart 
*          0    00000000    00000002     
                  00000000    00000002     f28004x_codestartbranch.obj (codestart)

.TI.ramfunc 
*          0    000000f6    00000004     
                  000000f6    00000004     driverlib_eabi.lib : sysctl.obj (.TI.ramfunc)

.cinit     0    000000fa    00000028     
                  000000fa    00000015     (.cinit..data.load) [load image, compression = lzss]
                  0000010f    00000001     --HOLE-- [fill = 0]
                  00000110    00000006     (__TI_handler_table)
                  00000116    00000004     (.cinit..bss.load) [load image, compression = zero_init]
                  0000011a    00000008     (__TI_cinit_table)

.stack     0    00000400    000003f8     UNINITIALIZED
                  00000400    000003f8     --HOLE--

.init_array 
*          0    000000f6    00000000     UNINITIALIZED

.const     0    0000a000    000005b7     
                  0000a000    000001b2     main.obj (.const:.string)
                  0000a1b2    0000013b     board.obj (.const:.string)
                  0000a2ed    00000001     --HOLE-- [fill = 0]
                  0000a2ee    000000ae     device.obj (.const:.string)
                  0000a39c    0000009a     driverlib_eabi.lib : sysctl.obj (.const:.string)
                  0000a436    00000098                        : gpio.obj (.const:.string)
                  0000a4ce    00000097                        : sci.obj (.const:.string)
                  0000a565    00000001     --HOLE-- [fill = 0]
                  0000a566    00000051                        : interrupt.obj (.const:.string)

.bss       0    0000a5b8    00000104     UNINITIALIZED
                  0000a5b8    00000100     main.obj (.bss:myADC0Results)
                  0000a6b8    00000004     main.obj (.bss)

.data      0    0000a6bc    0000001c     UNINITIALIZED
                  0000a6bc    00000002     rts2800_fpu32_eabi.lib : _lock.c.obj (.data:_lock)
                  0000a6be    00000002                            : _lock.c.obj (.data:_unlock)
                  0000a6c0    00000012     main.obj (.data)
                  0000a6d2    00000006     rts2800_fpu32_eabi.lib : exit.c.obj (.data)

.text      0    0000c000    00001b64     
                  0000c000    000003d5     board.obj (.text:SYSCTL_init)
                  0000c3d5    00000110     board.obj (.text:EPWM_init)
                  0000c4e5    000000c0     driverlib_eabi.lib : sysctl.obj (.text:SysCtl_setClock)
                  0000c5a5    000000bd                        : sysctl.obj (.text:SysCtl_isPLLValid)
                  0000c662    0000007f                        : interrupt.obj (.text:Interrupt_clearIFR)
                  0000c6e1    00000078     main.obj (.text:main)
                  0000c759    00000075     board.obj (.text:EPWM_setADCTriggerSource)
                  0000c7ce    00000073     driverlib_eabi.lib : sysctl.obj (.text:DCC_setCounterSeeds)
                  0000c841    00000063     main.obj (.text:INT_mySCI0_RX_ISR)
                  0000c8a4    0000005e     driverlib_eabi.lib : sysctl.obj (.text:SysCtl_getClock)
                  0000c902    00000055     device.obj (.text:Device_init)
                  0000c957    00000052     driverlib_eabi.lib : gpio.obj (.text:GPIO_setPadConfig)
                  0000c9a9    00000051     board.obj (.text:myADC0_init)
                  0000c9fa    0000004e     driverlib_eabi.lib : interrupt.obj (.text:Interrupt_disable)
                  0000ca48    0000004b     board.obj (.text:EPWM_setInterruptSource)
                  0000ca93    00000049     driverlib_eabi.lib : sysctl.obj (.text:SysCtl_selectOscSource)
                  0000cadc    00000045                        : sci.obj (.text:SCI_clearInterruptStatus)
                  0000cb21    00000045                        : sci.obj (.text:SCI_disableInterrupt)
                  0000cb66    00000045                        : sysctl.obj (.text:SysCtl_pollX1Counter)
                  0000cbab    00000044                        : sci.obj (.text:SCI_enableInterrupt)
                  0000cbef    00000043     main.obj (.text:INT_myEPWM0_ISR)
                  0000cc32    00000043     main.obj (.text:INT_mySCI0_TX_ISR)
                  0000cc75    00000043     board.obj (.text:PinMux_init)
                  0000ccb8    00000042     board.obj (.text:myADC1_init)
                  0000ccfa    00000041     driverlib_eabi.lib : sci.obj (.text:SCI_writeCharArray)
                  0000cd3b    00000040     board.obj (.text:EPWM_setActionQualifierAction)
                  0000cd7b    0000003e     board.obj (.text:EPWM_setCounterCompareShadowLoadMode)
                  0000cdb9    0000003e     driverlib_eabi.lib : sci.obj (.text:SCI_setConfig)
                  0000cdf7    0000003d                        : interrupt.obj (.text:Interrupt_initModule)
                  0000ce34    0000003d     board.obj (.text:mySCI0_init)
                  0000ce71    0000003a     board.obj (.text:EPWM_setADCTriggerEventPrescale)
                  0000ceab    0000003a     driverlib_eabi.lib : gpio.obj (.text:GPIO_setAnalogMode)
                  0000cee5    00000037                        : gpio.obj (.text:GPIO_setControllerCore)
                  0000cf1c    00000037                        : gpio.obj (.text:GPIO_setPinConfig)
                  0000cf53    00000037                        : gpio.obj (.text:GPIO_setQualificationMode)
                  0000cf8a    00000037                        : interrupt.obj (.text:Interrupt_enable)
                  0000cfc1    00000036     board.obj (.text:ADC_setupSOC)
                  0000cff7    00000036     driverlib_eabi.lib : sysctl.obj (.text:SysCtl_selectXTAL)
                  0000d02d    00000031                        : gpio.obj (.text:GPIO_setDirectionMode)
                  0000d05e    00000030     rts2800_fpu32_eabi.lib : copy_decompress_lzss.c.obj (.text:decompress:lzss)
                  0000d08e    0000002e     board.obj (.text:ADC_setInterruptSOCTrigger)
                  0000d0bc    0000002d     device.obj (.text:CAN_selectClockSource)
                  0000d0e9    0000002c     board.obj (.text:EPWM_setDeadBandDelayMode)
                  0000d115    0000002b     board.obj (.text:EPWM_isBaseValid)
                  0000d140    0000002b     main.obj (.text:EPWM_isBaseValid)
                  0000d16b    0000002b     rts2800_fpu32_eabi.lib : autoinit.c.obj (.text:__TI_auto_init_nobinit_nopinit)
                  0000d196    00000029                            : exit.c.obj (.text)
                  0000d1bf    00000028     driverlib_eabi.lib : adc.obj (.text:ADC_setOffsetTrimAll)
                  0000d1e7    00000028     board.obj (.text:EPWM_setInterruptEventCount)
                  0000d20f    00000027     board.obj (.text:HRPWM_setSyncPulseSource)
                  0000d236    00000027     board.obj (.text:SysCtl_setSyncInputConfig)
                  0000d25d    00000026     board.obj (.text:SCI_setFIFOInterruptLevel)
                  0000d283    00000025     board.obj (.text:INTERRUPT_init)
                  0000d2a8    00000024     driverlib_eabi.lib : sysctl.obj (.text:DCC_enableSingleShotMode)
                  0000d2cc    00000024     board.obj (.text:EPWM_setDeadBandDelayPolarity)
                  0000d2f0    00000024     board.obj (.text:EPWM_setupEPWMLinks)
                  0000d314    00000022     board.obj (.text:EPWM_setCounterCompareValue)
                  0000d336    00000021     board.obj (.text:EPWM_enableGlobalLoadRegisters)
                  0000d357    00000020     driverlib_eabi.lib : sci.obj (.text:SCI_isFIFOEnabled)
                  0000d377    00000020                        : sysctl.obj (.text:SysCtl_selectXTALSingleEnded)
                  0000d397    0000001f     board.obj (.text:EPWM_setFallingEdgeDelayCountShadowLoadMode)
                  0000d3b6    0000001f     board.obj (.text:EPWM_setRisingEdgeDelayCountShadowLoadMode)
                  0000d3d5    0000001f     main.obj (.text:GPIO_togglePin)
                  0000d3f4    0000001e     driverlib_eabi.lib : sysctl.obj (.text:DCC_setCounter1ClkSource)
                  0000d412    0000001e     board.obj (.text:EPWM_setPhaseShift)
                  0000d430    0000001e     driverlib_eabi.lib : interrupt.obj (.text:Interrupt_initVectorTable)
                  0000d44e    0000001e     main.obj (.text:SCI_readCharBlockingFIFO)
                  0000d46c    0000001e     board.obj (.text:SYNC_init)
                  0000d48a    0000001d     board.obj (.text:EPWM_setFallingEdgeDelayCount)
                  0000d4a7    0000001d     board.obj (.text:EPWM_setRisingEdgeDelayCount)
                  0000d4c4    0000001d     board.obj (.text:SCI_enableFIFO)
                  0000d4e1    0000001d     rts2800_fpu32_eabi.lib : memcpy.c.obj (.text)
                  0000d4fe    0000001c     board.obj (.text:ADC_setSOCPriority)
                  0000d51a    0000001c     driverlib_eabi.lib : sysctl.obj (.text:DCC_setCounter0ClkSource)
                  0000d536    0000001c     board.obj (.text:EPWM_enableADCTrigger)
                  0000d552    0000001c     board.obj (.text:EPWM_setClockPrescaler)
                  0000d56e    0000001a     main.obj (.text:ADC_readResult)
                  0000d588    0000001a     driverlib_eabi.lib : sci.obj (.text:SCI_isSpaceAvailableNonFIFO)
                  0000d5a2    0000001a                        : sysctl.obj (.text:SysCtl_getLowSpeedClock)
                  0000d5bc    00000019     main.obj (.text:SCI_writeCharBlockingFIFO)
                  0000d5d5    00000018     board.obj (.text:ASysCtl_setAnalogReferenceExternal)
                  0000d5ed    00000018     board.obj (.text:EPWM_disableFallingEdgeDelayCountShadowLoadMode)
                  0000d605    00000018     board.obj (.text:EPWM_disableRisingEdgeDelayCountShadowLoadMode)
                  0000d61d    00000018     board.obj (.text:EPWM_enableADCTriggerEventCountInit)
                  0000d635    00000018     driverlib_eabi.lib : sci.obj (.text:SCI_disableModule)
                  0000d64d    00000018     board.obj (.text:SCI_performSoftwareReset)
                  0000d665    00000018     driverlib_eabi.lib : sci.obj (.text:SCI_performSoftwareReset)
                  0000d67d    00000018     board.obj (.text:SCI_resetChannels)
                  0000d695    00000018     board.obj (.text:SCI_resetRxFIFO)
                  0000d6ad    00000018     board.obj (.text:SCI_resetTxFIFO)
                  0000d6c5    00000018     board.obj (.text:SysCtl_disablePeripheral)
                  0000d6dd    00000018     main.obj (.text:SysCtl_disablePeripheral)
                  0000d6f5    00000017     board.obj (.text:ADC_isBaseValid)
                  0000d70c    00000017     board.obj (.text:SysCtl_enablePeripheral)
                  0000d723    00000017     driverlib_eabi.lib : sysctl.obj (.text:SysCtl_enablePeripheral)
                  0000d73a    00000017     main.obj (.text:SysCtl_enablePeripheral)
                  0000d751    00000017     rts2800_fpu32_eabi.lib : boot28.asm.obj (.text)
                  0000d768    00000016     board.obj (.text:ADC_setInterruptPulseMode)
                  0000d77e    00000016     board.obj (.text:ADC_setPrescaler)
                  0000d794    00000016     driverlib_eabi.lib : sysctl.obj (.text:DCC_disableDoneSignal)
                  0000d7aa    00000016                        : sysctl.obj (.text:DCC_enableDoneSignal)
                  0000d7c0    00000016                        : interrupt.obj (.text:Interrupt_defaultHandler)
                  0000d7d6    00000015     board.obj (.text:ADC_disableBurstMode)
                  0000d7eb    00000015     board.obj (.text:Board_init)
                  0000d800    00000015     device.obj (.text:CAN_isBaseValid)
                  0000d815    00000015     driverlib_eabi.lib : sysctl.obj (.text:DCC_clearDoneFlag)
                  0000d82a    00000015                        : sysctl.obj (.text:DCC_clearErrorFlag)
                  0000d83f    00000015                        : sysctl.obj (.text:DCC_disableErrorSignal)
                  0000d854    00000015                        : sysctl.obj (.text:DCC_enableErrorSignal)
                  0000d869    00000014                        : sysctl.obj (.text:DCC_disableModule)
                  0000d87d    00000014                        : sysctl.obj (.text:DCC_enableModule)
                  0000d891    00000014     board.obj (.text:EPWM_setTimeBaseCounterMode)
                  0000d8a5    00000014     board.obj (.text:EPWM_setTimeBasePeriod)
                  0000d8b9    00000014     driverlib_eabi.lib : gpio.obj (.text:GPIO_isPinValid)
                  0000d8cd    00000014     main.obj (.text:GPIO_isPinValid)
                  0000d8e1    00000014     main.obj (.text:SCI_getRxFIFOStatus)
                  0000d8f5    00000014     driverlib_eabi.lib : sci.obj (.text:SCI_getTxFIFOStatus)
                  0000d909    00000014     main.obj (.text:SCI_getTxFIFOStatus)
                  0000d91d    00000014     device.obj (.text:SysCtl_deviceCal)
                  0000d931    00000014     board.obj (.text:SysCtl_setPeripheralAccessControl)
                  0000d945    00000014     board.obj (.text:myBoardLED0_GPIO_init)
                  0000d959    00000014     board.obj (.text:myGPIOOutput0_init)
                  0000d96d    00000013     board.obj (.text:ADC_enableConverter)
                  0000d980    00000013     main.obj (.text:EPWM_clearEventTriggerInterruptFlag)
                  0000d993    00000013     board.obj (.text:EPWM_enableInterrupt)
                  0000d9a6    00000013     board.obj (.text:SCI_clearOverflowStatus)
                  0000d9b9    00000013     board.obj (.text:SCI_enableModule)
                  0000d9cc    00000013     driverlib_eabi.lib : sci.obj (.text:SCI_enableModule)
                  0000d9df    00000013     board.obj (.text:SCI_isBaseValid)
                  0000d9f2    00000013     driverlib_eabi.lib : sci.obj (.text:SCI_isBaseValid)
                  0000da05    00000013     main.obj (.text:SCI_isBaseValid)
                  0000da18    00000012     board.obj (.text:EPWM_setTimeBaseCounter)
                  0000da2a    00000012     board.obj (.text:SysCtl_setSyncOutputConfig)
                  0000da3c    00000011     board.obj (.text:EPWM_disablePhaseShiftLoad)
                  0000da4d    00000011     board.obj (.text:SCI_disableLoopback)
                  0000da5e    00000010     driverlib_eabi.lib : sysctl.obj (.text:DCC_isBaseValid)
                  0000da6e    00000010     main.obj (.text:SCI_getRxStatus)
                  0000da7e    0000000f     device.obj (.text:ASysCtl_disableDCDC)
                  0000da8d    0000000f     board.obj (.text:Interrupt_register)
                  0000da9c    0000000d     driverlib_eabi.lib : interrupt.obj (.text:Interrupt_disableGlobal)
                  0000daa9    0000000d                        : interrupt.obj (.text:Interrupt_enableGlobal)
                  0000dab6    0000000d     device.obj (.text:SysCtl_setLowSpeedClock)
                  0000dac3    0000000d     rts2800_fpu32_eabi.lib : copy_zero_init.c.obj (.text:decompress:ZI:__TI_zero_init_nomemset)
                  0000dad0    0000000c     board.obj (.text:SysCtl_enableExtADCSOCSource)
                  0000dadc    0000000c     rts2800_fpu32_eabi.lib : args_main.c.obj (.text)
                  0000dae8    0000000b     driverlib_eabi.lib : sysctl.obj (.text:SysCtl_isMCDClockFailureDetected)
                  0000daf3    0000000a                        : interrupt.obj (.text:Interrupt_illegalOperationHandler)
                  0000dafd    0000000a                        : interrupt.obj (.text:Interrupt_nmiHandler)
                  0000db07    00000009     rts2800_fpu32_eabi.lib : _lock.c.obj (.text)
                  0000db10    00000008     device.obj (.text:SysCtl_disableWatchdog)
                  0000db18    00000008     rts2800_fpu32_eabi.lib : copy_decompress_none.c.obj (.text:decompress:none)
                  0000db20    00000008     f28004x_codestartbranch.obj (.text)
                  0000db28    00000007     board.obj (.text:ASysCtl_disableTemperatureSensor)
                  0000db2f    00000007     board.obj (.text:SysCtl_disableMCD)
                  0000db36    00000007     driverlib_eabi.lib : sysctl.obj (.text:SysCtl_resetMCD)
                  0000db3d    00000007     device.obj (.text:__error__)
                  0000db44    00000006     board.obj (.text:ASYSCTL_init)
                  0000db4a    00000006     main.obj (.text:Interrupt_clearACKGroup)
                  0000db50    00000005     board.obj (.text:ADC_init)
                  0000db55    00000005     board.obj (.text:GPIO_init)
                  0000db5a    00000003     device_cmd.obj (.text:CMD_init)
                  0000db5d    00000003     board.obj (.text:SCI_init)
                  0000db60    00000002     rts2800_fpu32_eabi.lib : pre_init.c.obj (.text)
                  0000db62    00000001     device_cmd.obj (.text:generic_ram_lnk_init)
                  0000db63    00000001     rts2800_fpu32_eabi.lib : startup.c.obj (.text)

MODULE SUMMARY

       Module                        code   ro data   rw data
       ------                        ----   -------   -------
    .\
       main.obj                      675    434       278    
       f28004x_codestartbranch.obj   10     0         0      
    +--+-----------------------------+------+---------+---------+
       Total:                        685    434       278    
                                                             
    .\syscfg\
       board.obj                     3389   315       0      
       device.obj                    214    174       0      
       device_cmd.obj                4      0         0      
    +--+-----------------------------+------+---------+---------+
       Total:                        3607   489       0      
                                                             
    D:\workTools\ti\c2000\C2000Ware_5_01_00_00\driverlib\f28004x\driverlib\ccs\Debug\driverlib_eabi.lib
       sysctl.obj                    1167   154       0      
       sci.obj                       497    151       0      
       gpio.obj                      374    152       0      
       interrupt.obj                 419    81        0      
       adc.obj                       40     0         0      
    +--+-----------------------------+------+---------+---------+
       Total:                        2497   538       0      
                                                             
    D:\workTools\ti\ccs1260\ccs\tools\compiler\ti-cgt-c2000_22.6.1.LTS\lib\rts2800_fpu32_eabi.lib
       copy_decompress_lzss.c.obj    48     0         0      
       exit.c.obj                    41     0         6      
       autoinit.c.obj                43     0         0      
       memcpy.c.obj                  29     0         0      
       boot28.asm.obj                23     0         0      
       _lock.c.obj                   9      0         4      
       copy_zero_init.c.obj          13     0         0      
       args_main.c.obj               12     0         0      
       copy_decompress_none.c.obj    8      0         0      
       pre_init.c.obj                2      0         0      
       startup.c.obj                 1      0         0      
    +--+-----------------------------+------+---------+---------+
       Total:                        229    0         10     
                                                             
       Stack:                        0      0         1016   
       Linker Generated:             0      39        0      
    +--+-----------------------------+------+---------+---------+
       Grand Total:                  7018   1500      1304   


LINKER GENERATED COPY TABLES

__TI_cinit_table @ 0000011a records: 2, size/record: 4, table size: 8
	.data: load addr=000000fa, load size=00000015 bytes, run addr=0000a6bc, run size=0000001c bytes, compression=lzss
	.bss: load addr=00000116, load size=00000004 bytes, run addr=0000a5b8, run size=00000104 bytes, compression=zero_init


LINKER GENERATED HANDLER TABLE

__TI_handler_table @ 00000110 records: 3, size/record: 2, table size: 6
	index: 0, handler: __TI_zero_init
	index: 1, handler: __TI_decompress_lzss
	index: 2, handler: __TI_decompress_none


GLOBAL DATA SYMBOLS: SORTED BY DATA PAGE

address     data page           name
--------    ----------------    ----
00000400      10 (00000400)     __stack

0000a5b8     296 (0000a580)     myADC0Results

0000a6b8     29a (0000a680)     index
0000a6b9     29a (0000a680)     bufferFull
0000a6ba     29a (0000a680)     msg
0000a6bc     29a (0000a680)     _lock
0000a6be     29a (0000a680)     _unlock

0000a6c0     29b (0000a6c0)     counter
0000a6c2     29b (0000a6c0)     isr_counter
0000a6c4     29b (0000a6c0)     pwmSignal
0000a6d2     29b (0000a6c0)     __TI_enable_exit_profile_output
0000a6d4     29b (0000a6c0)     __TI_cleanup_ptr
0000a6d6     29b (0000a6c0)     __TI_dtors_ptr


GLOBAL SYMBOLS: SORTED ALPHABETICALLY BY Name 

page  address   name                             
----  -------   ----                             
0     0000db50  ADC_init                         
0     0000d1bf  ADC_setOffsetTrimAll             
0     0000db44  ASYSCTL_init                     
0     0000d7eb  Board_init                       
0     0000d196  C$$EXIT                          
0     0000db5a  CMD_init                         
0     0000c902  Device_init                      
0     0000c3d5  EPWM_init                        
0     0000db55  GPIO_init                        
0     0000ceab  GPIO_setAnalogMode               
0     0000cee5  GPIO_setControllerCore           
0     0000d02d  GPIO_setDirectionMode            
0     0000c957  GPIO_setPadConfig                
0     0000cf1c  GPIO_setPinConfig                
0     0000cf53  GPIO_setQualificationMode        
0     0000d283  INTERRUPT_init                   
0     0000cbef  INT_myEPWM0_ISR                  
0     0000c841  INT_mySCI0_RX_ISR                
0     0000cc32  INT_mySCI0_TX_ISR                
0     0000d7c0  Interrupt_defaultHandler         
0     0000c9fa  Interrupt_disable                
0     0000cf8a  Interrupt_enable                 
0     0000daf3  Interrupt_illegalOperationHandler
0     0000cdf7  Interrupt_initModule             
0     0000d430  Interrupt_initVectorTable        
0     0000dafd  Interrupt_nmiHandler             
0     0000cc75  PinMux_init                      
0     0000cadc  SCI_clearInterruptStatus         
0     0000cb21  SCI_disableInterrupt             
0     0000cbab  SCI_enableInterrupt              
0     0000db5d  SCI_init                         
0     0000cdb9  SCI_setConfig                    
0     0000ccfa  SCI_writeCharArray               
0     0000d46c  SYNC_init                        
0     0000c000  SYSCTL_init                      
0     000000f6  SysCtl_delay                     
0     0000c8a4  SysCtl_getClock                  
0     0000d5a2  SysCtl_getLowSpeedClock          
0     0000c5a5  SysCtl_isPLLValid                
0     0000ca93  SysCtl_selectOscSource           
0     0000cff7  SysCtl_selectXTAL                
0     0000d377  SysCtl_selectXTALSingleEnded     
0     0000c4e5  SysCtl_setClock                  
0     0000011a  __TI_CINIT_Base                  
0     00000122  __TI_CINIT_Limit                 
0     00000122  __TI_CINIT_Warm                  
0     00000110  __TI_Handler_Table_Base          
0     00000116  __TI_Handler_Table_Limit         
0     000007f8  __TI_STACK_END                   
abs   000003f8  __TI_STACK_SIZE                  
0     0000d16b  __TI_auto_init_nobinit_nopinit   
0     0000a6d4  __TI_cleanup_ptr                 
0     0000d05e  __TI_decompress_lzss             
0     0000db18  __TI_decompress_none             
0     0000a6d6  __TI_dtors_ptr                   
0     0000a6d2  __TI_enable_exit_profile_output  
abs   ffffffff  __TI_pprof_out_hndl              
abs   ffffffff  __TI_prof_data_size              
abs   ffffffff  __TI_prof_data_start             
0     0000dac3  __TI_zero_init_nomemset          
n/a   UNDEFED   __c_args__                       
0     0000db3d  __error__                        
0     00000400  __stack                          
0     0000dadc  _args_main                       
0     0000d751  _c_int00                         
0     0000a6bc  _lock                            
0     0000db0f  _nop                             
0     0000db0b  _register_lock                   
0     0000db07  _register_unlock                 
0     0000db63  _system_post_cinit               
0     0000db60  _system_pre_init                 
0     0000a6be  _unlock                          
0     0000d196  abort                            
0     0000a6b9  bufferFull                       
0     00000000  code_start                       
0     0000a6c0  counter                          
0     0000d198  exit                             
0     0000db62  generic_ram_lnk_init             
0     0000a6b8  index                            
0     0000a6c2  isr_counter                      
0     0000c6e1  main                             
0     0000d4e1  memcpy                           
0     0000a6ba  msg                              
0     0000a5b8  myADC0Results                    
0     0000c9a9  myADC0_init                      
0     0000ccb8  myADC1_init                      
0     0000d945  myBoardLED0_GPIO_init            
0     0000d959  myGPIOOutput0_init               
0     0000ce34  mySCI0_init                      
0     0000a6c4  pwmSignal                        


GLOBAL SYMBOLS: SORTED BY Symbol Address 

page  address   name                             
----  -------   ----                             
0     00000000  code_start                       
0     000000f6  SysCtl_delay                     
0     00000110  __TI_Handler_Table_Base          
0     00000116  __TI_Handler_Table_Limit         
0     0000011a  __TI_CINIT_Base                  
0     00000122  __TI_CINIT_Limit                 
0     00000122  __TI_CINIT_Warm                  
0     00000400  __stack                          
0     000007f8  __TI_STACK_END                   
0     0000a5b8  myADC0Results                    
0     0000a6b8  index                            
0     0000a6b9  bufferFull                       
0     0000a6ba  msg                              
0     0000a6bc  _lock                            
0     0000a6be  _unlock                          
0     0000a6c0  counter                          
0     0000a6c2  isr_counter                      
0     0000a6c4  pwmSignal                        
0     0000a6d2  __TI_enable_exit_profile_output  
0     0000a6d4  __TI_cleanup_ptr                 
0     0000a6d6  __TI_dtors_ptr                   
0     0000c000  SYSCTL_init                      
0     0000c3d5  EPWM_init                        
0     0000c4e5  SysCtl_setClock                  
0     0000c5a5  SysCtl_isPLLValid                
0     0000c6e1  main                             
0     0000c841  INT_mySCI0_RX_ISR                
0     0000c8a4  SysCtl_getClock                  
0     0000c902  Device_init                      
0     0000c957  GPIO_setPadConfig                
0     0000c9a9  myADC0_init                      
0     0000c9fa  Interrupt_disable                
0     0000ca93  SysCtl_selectOscSource           
0     0000cadc  SCI_clearInterruptStatus         
0     0000cb21  SCI_disableInterrupt             
0     0000cbab  SCI_enableInterrupt              
0     0000cbef  INT_myEPWM0_ISR                  
0     0000cc32  INT_mySCI0_TX_ISR                
0     0000cc75  PinMux_init                      
0     0000ccb8  myADC1_init                      
0     0000ccfa  SCI_writeCharArray               
0     0000cdb9  SCI_setConfig                    
0     0000cdf7  Interrupt_initModule             
0     0000ce34  mySCI0_init                      
0     0000ceab  GPIO_setAnalogMode               
0     0000cee5  GPIO_setControllerCore           
0     0000cf1c  GPIO_setPinConfig                
0     0000cf53  GPIO_setQualificationMode        
0     0000cf8a  Interrupt_enable                 
0     0000cff7  SysCtl_selectXTAL                
0     0000d02d  GPIO_setDirectionMode            
0     0000d05e  __TI_decompress_lzss             
0     0000d16b  __TI_auto_init_nobinit_nopinit   
0     0000d196  C$$EXIT                          
0     0000d196  abort                            
0     0000d198  exit                             
0     0000d1bf  ADC_setOffsetTrimAll             
0     0000d283  INTERRUPT_init                   
0     0000d377  SysCtl_selectXTALSingleEnded     
0     0000d430  Interrupt_initVectorTable        
0     0000d46c  SYNC_init                        
0     0000d4e1  memcpy                           
0     0000d5a2  SysCtl_getLowSpeedClock          
0     0000d751  _c_int00                         
0     0000d7c0  Interrupt_defaultHandler         
0     0000d7eb  Board_init                       
0     0000d945  myBoardLED0_GPIO_init            
0     0000d959  myGPIOOutput0_init               
0     0000dac3  __TI_zero_init_nomemset          
0     0000dadc  _args_main                       
0     0000daf3  Interrupt_illegalOperationHandler
0     0000dafd  Interrupt_nmiHandler             
0     0000db07  _register_unlock                 
0     0000db0b  _register_lock                   
0     0000db0f  _nop                             
0     0000db18  __TI_decompress_none             
0     0000db3d  __error__                        
0     0000db44  ASYSCTL_init                     
0     0000db50  ADC_init                         
0     0000db55  GPIO_init                        
0     0000db5a  CMD_init                         
0     0000db5d  SCI_init                         
0     0000db60  _system_pre_init                 
0     0000db62  generic_ram_lnk_init             
0     0000db63  _system_post_cinit               
abs   000003f8  __TI_STACK_SIZE                  
abs   ffffffff  __TI_pprof_out_hndl              
abs   ffffffff  __TI_prof_data_size              
abs   ffffffff  __TI_prof_data_start             
n/a   UNDEFED   __c_args__                       

[90 symbols]
