<?xml version="1.0" encoding="ISO-8859-1" ?>
<link_info>
   <banner>TMS320C2000 Linker PC v22.6.1.LTS</banner>
   <copyright>Copyright (c) 1996-2018 Texas Instruments Incorporated</copyright>
   <link_time>0x65f6b3b3</link_time>
   <link_errors>0x0</link_errors>
   <output_file>F280049C_Demo.out</output_file>
   <entry_point>
      <name>code_start</name>
      <address>0x80000</address>
   </entry_point>
   <input_file_list>
      <input_file id="fl-2">
         <path>.\syscfg\</path>
         <kind>object</kind>
         <file>board.obj</file>
         <name>board.obj</name>
      </input_file>
      <input_file id="fl-3">
         <path>.\syscfg\</path>
         <kind>object</kind>
         <file>device.obj</file>
         <name>device.obj</name>
      </input_file>
      <input_file id="fl-4">
         <path>.\syscfg\</path>
         <kind>object</kind>
         <file>device_cmd.obj</file>
         <name>device_cmd.obj</name>
      </input_file>
      <input_file id="fl-5">
         <path>.\syscfg\</path>
         <kind>object</kind>
         <file>c2000ware_libraries.obj</file>
         <name>c2000ware_libraries.obj</name>
      </input_file>
      <input_file id="fl-6">
         <path>.\</path>
         <kind>object</kind>
         <file>f28004x_codestartbranch.obj</file>
         <name>f28004x_codestartbranch.obj</name>
      </input_file>
      <input_file id="fl-7">
         <path>.\</path>
         <kind>object</kind>
         <file>DCL_clamp_C1.obj</file>
         <name>DCL_clamp_C1.obj</name>
      </input_file>
      <input_file id="fl-8">
         <path>.\</path>
         <kind>object</kind>
         <file>DCL_DF11_C1.obj</file>
         <name>DCL_DF11_C1.obj</name>
      </input_file>
      <input_file id="fl-9">
         <path>.\</path>
         <kind>object</kind>
         <file>DCL_DF13_C1.obj</file>
         <name>DCL_DF13_C1.obj</name>
      </input_file>
      <input_file id="fl-a">
         <path>.\</path>
         <kind>object</kind>
         <file>DCL_DF13_C2C3.obj</file>
         <name>DCL_DF13_C2C3.obj</name>
      </input_file>
      <input_file id="fl-b">
         <path>.\</path>
         <kind>object</kind>
         <file>DCL_DF22_C1.obj</file>
         <name>DCL_DF22_C1.obj</name>
      </input_file>
      <input_file id="fl-c">
         <path>.\</path>
         <kind>object</kind>
         <file>DCL_DF22_C2C3.obj</file>
         <name>DCL_DF22_C2C3.obj</name>
      </input_file>
      <input_file id="fl-d">
         <path>.\</path>
         <kind>object</kind>
         <file>DCL_DF23_C1.obj</file>
         <name>DCL_DF23_C1.obj</name>
      </input_file>
      <input_file id="fl-e">
         <path>.\</path>
         <kind>object</kind>
         <file>DCL_DF23_C2C3.obj</file>
         <name>DCL_DF23_C2C3.obj</name>
      </input_file>
      <input_file id="fl-f">
         <path>.\</path>
         <kind>object</kind>
         <file>DCL_error.obj</file>
         <name>DCL_error.obj</name>
      </input_file>
      <input_file id="fl-10">
         <path>.\</path>
         <kind>object</kind>
         <file>DCL_futils.obj</file>
         <name>DCL_futils.obj</name>
      </input_file>
      <input_file id="fl-11">
         <path>.\</path>
         <kind>object</kind>
         <file>DCL_PI_C1.obj</file>
         <name>DCL_PI_C1.obj</name>
      </input_file>
      <input_file id="fl-12">
         <path>.\</path>
         <kind>object</kind>
         <file>DCL_PI_C4.obj</file>
         <name>DCL_PI_C4.obj</name>
      </input_file>
      <input_file id="fl-13">
         <path>.\</path>
         <kind>object</kind>
         <file>DCL_PI_C7.obj</file>
         <name>DCL_PI_C7.obj</name>
      </input_file>
      <input_file id="fl-14">
         <path>.\</path>
         <kind>object</kind>
         <file>DCL_PID_C1.obj</file>
         <name>DCL_PID_C1.obj</name>
      </input_file>
      <input_file id="fl-15">
         <path>.\</path>
         <kind>object</kind>
         <file>DCL_PID_C4.obj</file>
         <name>DCL_PID_C4.obj</name>
      </input_file>
      <input_file id="fl-16">
         <path>.\</path>
         <kind>object</kind>
         <file>common.obj</file>
         <name>common.obj</name>
      </input_file>
      <input_file id="fl-17">
         <path>.\</path>
         <kind>object</kind>
         <file>drv_oled.obj</file>
         <name>drv_oled.obj</name>
      </input_file>
      <input_file id="fl-18">
         <path>.\</path>
         <kind>object</kind>
         <file>main.obj</file>
         <name>main.obj</name>
      </input_file>
      <input_file id="fl-19">
         <path>.\</path>
         <kind>object</kind>
         <file>state_machine.obj</file>
         <name>state_machine.obj</name>
      </input_file>
      <input_file id="fl-22">
         <kind>object</kind>
         <file>&lt;internal&gt;</file>
         <name>&lt;internal&gt;</name>
      </input_file>
      <input_file id="fl-26">
         <path>D:\workTools\ti\c2000\C2000Ware_5_01_00_00\driverlib\f28004x\driverlib\ccs\Debug\</path>
         <kind>archive</kind>
         <file>driverlib_eabi.lib</file>
         <name>adc.obj</name>
      </input_file>
      <input_file id="fl-27">
         <path>D:\workTools\ti\c2000\C2000Ware_5_01_00_00\driverlib\f28004x\driverlib\ccs\Debug\</path>
         <kind>archive</kind>
         <file>driverlib_eabi.lib</file>
         <name>dcc.obj</name>
      </input_file>
      <input_file id="fl-28">
         <path>D:\workTools\ti\c2000\C2000Ware_5_01_00_00\driverlib\f28004x\driverlib\ccs\Debug\</path>
         <kind>archive</kind>
         <file>driverlib_eabi.lib</file>
         <name>flash.obj</name>
      </input_file>
      <input_file id="fl-29">
         <path>D:\workTools\ti\c2000\C2000Ware_5_01_00_00\driverlib\f28004x\driverlib\ccs\Debug\</path>
         <kind>archive</kind>
         <file>driverlib_eabi.lib</file>
         <name>gpio.obj</name>
      </input_file>
      <input_file id="fl-2a">
         <path>D:\workTools\ti\c2000\C2000Ware_5_01_00_00\driverlib\f28004x\driverlib\ccs\Debug\</path>
         <kind>archive</kind>
         <file>driverlib_eabi.lib</file>
         <name>i2c.obj</name>
      </input_file>
      <input_file id="fl-2b">
         <path>D:\workTools\ti\c2000\C2000Ware_5_01_00_00\driverlib\f28004x\driverlib\ccs\Debug\</path>
         <kind>archive</kind>
         <file>driverlib_eabi.lib</file>
         <name>interrupt.obj</name>
      </input_file>
      <input_file id="fl-2c">
         <path>D:\workTools\ti\c2000\C2000Ware_5_01_00_00\driverlib\f28004x\driverlib\ccs\Debug\</path>
         <kind>archive</kind>
         <file>driverlib_eabi.lib</file>
         <name>sci.obj</name>
      </input_file>
      <input_file id="fl-2d">
         <path>D:\workTools\ti\c2000\C2000Ware_5_01_00_00\driverlib\f28004x\driverlib\ccs\Debug\</path>
         <kind>archive</kind>
         <file>driverlib_eabi.lib</file>
         <name>sysctl.obj</name>
      </input_file>
      <input_file id="fl-39">
         <path>D:\workTools\ti\ccs1260\ccs\tools\compiler\ti-cgt-c2000_22.6.1.LTS\lib\</path>
         <kind>archive</kind>
         <file>rts2800_fpu32_eabi.lib</file>
         <name>sprintf.c.obj</name>
      </input_file>
      <input_file id="fl-3a">
         <path>D:\workTools\ti\ccs1260\ccs\tools\compiler\ti-cgt-c2000_22.6.1.LTS\lib\</path>
         <kind>archive</kind>
         <file>rts2800_fpu32_eabi.lib</file>
         <name>boot28.asm.obj</name>
      </input_file>
      <input_file id="fl-3b">
         <path>D:\workTools\ti\ccs1260\ccs\tools\compiler\ti-cgt-c2000_22.6.1.LTS\lib\</path>
         <kind>archive</kind>
         <file>rts2800_fpu32_eabi.lib</file>
         <name>fd_mpy28.asm.obj</name>
      </input_file>
      <input_file id="fl-3c">
         <path>D:\workTools\ti\ccs1260\ccs\tools\compiler\ti-cgt-c2000_22.6.1.LTS\lib\</path>
         <kind>archive</kind>
         <file>rts2800_fpu32_eabi.lib</file>
         <name>fd_sub28.asm.obj</name>
      </input_file>
      <input_file id="fl-3d">
         <path>D:\workTools\ti\ccs1260\ccs\tools\compiler\ti-cgt-c2000_22.6.1.LTS\lib\</path>
         <kind>archive</kind>
         <file>rts2800_fpu32_eabi.lib</file>
         <name>fd_toul28.asm.obj</name>
      </input_file>
      <input_file id="fl-3e">
         <path>D:\workTools\ti\ccs1260\ccs\tools\compiler\ti-cgt-c2000_22.6.1.LTS\lib\</path>
         <kind>archive</kind>
         <file>rts2800_fpu32_eabi.lib</file>
         <name>fs_div28.asm.obj</name>
      </input_file>
      <input_file id="fl-3f">
         <path>D:\workTools\ti\ccs1260\ccs\tools\compiler\ti-cgt-c2000_22.6.1.LTS\lib\</path>
         <kind>archive</kind>
         <file>rts2800_fpu32_eabi.lib</file>
         <name>ll_cmp28.asm.obj</name>
      </input_file>
      <input_file id="fl-40">
         <path>D:\workTools\ti\ccs1260\ccs\tools\compiler\ti-cgt-c2000_22.6.1.LTS\lib\</path>
         <kind>archive</kind>
         <file>rts2800_fpu32_eabi.lib</file>
         <name>u_div28.asm.obj</name>
      </input_file>
      <input_file id="fl-41">
         <path>D:\workTools\ti\ccs1260\ccs\tools\compiler\ti-cgt-c2000_22.6.1.LTS\lib\</path>
         <kind>archive</kind>
         <file>rts2800_fpu32_eabi.lib</file>
         <name>u_tofd28.asm.obj</name>
      </input_file>
      <input_file id="fl-42">
         <path>D:\workTools\ti\ccs1260\ccs\tools\compiler\ti-cgt-c2000_22.6.1.LTS\lib\</path>
         <kind>archive</kind>
         <file>rts2800_fpu32_eabi.lib</file>
         <name>ul_tofd28.asm.obj</name>
      </input_file>
      <input_file id="fl-43">
         <path>D:\workTools\ti\ccs1260\ccs\tools\compiler\ti-cgt-c2000_22.6.1.LTS\lib\</path>
         <kind>archive</kind>
         <file>rts2800_fpu32_eabi.lib</file>
         <name>fs_tofdfpu32.asm.obj</name>
      </input_file>
      <input_file id="fl-44">
         <path>D:\workTools\ti\ccs1260\ccs\tools\compiler\ti-cgt-c2000_22.6.1.LTS\lib\</path>
         <kind>archive</kind>
         <file>rts2800_fpu32_eabi.lib</file>
         <name>fd_tofsfpu32.asm.obj</name>
      </input_file>
      <input_file id="fl-45">
         <path>D:\workTools\ti\ccs1260\ccs\tools\compiler\ti-cgt-c2000_22.6.1.LTS\lib\</path>
         <kind>archive</kind>
         <file>rts2800_fpu32_eabi.lib</file>
         <name>fd_div28.asm.obj</name>
      </input_file>
      <input_file id="fl-46">
         <path>D:\workTools\ti\ccs1260\ccs\tools\compiler\ti-cgt-c2000_22.6.1.LTS\lib\</path>
         <kind>archive</kind>
         <file>rts2800_fpu32_eabi.lib</file>
         <name>memcpy.c.obj</name>
      </input_file>
      <input_file id="fl-47">
         <path>D:\workTools\ti\ccs1260\ccs\tools\compiler\ti-cgt-c2000_22.6.1.LTS\lib\</path>
         <kind>archive</kind>
         <file>rts2800_fpu32_eabi.lib</file>
         <name>pre_init.c.obj</name>
      </input_file>
      <input_file id="fl-48">
         <path>D:\workTools\ti\ccs1260\ccs\tools\compiler\ti-cgt-c2000_22.6.1.LTS\lib\</path>
         <kind>archive</kind>
         <file>rts2800_fpu32_eabi.lib</file>
         <name>autoinit.c.obj</name>
      </input_file>
      <input_file id="fl-49">
         <path>D:\workTools\ti\ccs1260\ccs\tools\compiler\ti-cgt-c2000_22.6.1.LTS\lib\</path>
         <kind>archive</kind>
         <file>rts2800_fpu32_eabi.lib</file>
         <name>copy_zero_init.c.obj</name>
      </input_file>
      <input_file id="fl-4a">
         <path>D:\workTools\ti\ccs1260\ccs\tools\compiler\ti-cgt-c2000_22.6.1.LTS\lib\</path>
         <kind>archive</kind>
         <file>rts2800_fpu32_eabi.lib</file>
         <name>copy_decompress_none.c.obj</name>
      </input_file>
      <input_file id="fl-4b">
         <path>D:\workTools\ti\ccs1260\ccs\tools\compiler\ti-cgt-c2000_22.6.1.LTS\lib\</path>
         <kind>archive</kind>
         <file>rts2800_fpu32_eabi.lib</file>
         <name>copy_decompress_lzss.c.obj</name>
      </input_file>
      <input_file id="fl-4c">
         <path>D:\workTools\ti\ccs1260\ccs\tools\compiler\ti-cgt-c2000_22.6.1.LTS\lib\</path>
         <kind>archive</kind>
         <file>rts2800_fpu32_eabi.lib</file>
         <name>exit.c.obj</name>
      </input_file>
      <input_file id="fl-4d">
         <path>D:\workTools\ti\ccs1260\ccs\tools\compiler\ti-cgt-c2000_22.6.1.LTS\lib\</path>
         <kind>archive</kind>
         <file>rts2800_fpu32_eabi.lib</file>
         <name>_lock.c.obj</name>
      </input_file>
      <input_file id="fl-4e">
         <path>D:\workTools\ti\ccs1260\ccs\tools\compiler\ti-cgt-c2000_22.6.1.LTS\lib\</path>
         <kind>archive</kind>
         <file>rts2800_fpu32_eabi.lib</file>
         <name>args_main.c.obj</name>
      </input_file>
      <input_file id="fl-4f">
         <path>D:\workTools\ti\ccs1260\ccs\tools\compiler\ti-cgt-c2000_22.6.1.LTS\lib\</path>
         <kind>archive</kind>
         <file>rts2800_fpu32_eabi.lib</file>
         <name>memset.c.obj</name>
      </input_file>
      <input_file id="fl-50">
         <path>D:\workTools\ti\ccs1260\ccs\tools\compiler\ti-cgt-c2000_22.6.1.LTS\lib\</path>
         <kind>archive</kind>
         <file>rts2800_fpu32_eabi.lib</file>
         <name>_printfi.c.obj</name>
      </input_file>
      <input_file id="fl-51">
         <path>D:\workTools\ti\ccs1260\ccs\tools\compiler\ti-cgt-c2000_22.6.1.LTS\lib\</path>
         <kind>archive</kind>
         <file>rts2800_fpu32_eabi.lib</file>
         <name>fd_add28.asm.obj</name>
      </input_file>
      <input_file id="fl-52">
         <path>D:\workTools\ti\ccs1260\ccs\tools\compiler\ti-cgt-c2000_22.6.1.LTS\lib\</path>
         <kind>archive</kind>
         <file>rts2800_fpu32_eabi.lib</file>
         <name>fd_cmp28.asm.obj</name>
      </input_file>
      <input_file id="fl-53">
         <path>D:\workTools\ti\ccs1260\ccs\tools\compiler\ti-cgt-c2000_22.6.1.LTS\lib\</path>
         <kind>archive</kind>
         <file>rts2800_fpu32_eabi.lib</file>
         <name>fd_neg28.asm.obj</name>
      </input_file>
      <input_file id="fl-54">
         <path>D:\workTools\ti\ccs1260\ccs\tools\compiler\ti-cgt-c2000_22.6.1.LTS\lib\</path>
         <kind>archive</kind>
         <file>rts2800_fpu32_eabi.lib</file>
         <name>fd_toi28.asm.obj</name>
      </input_file>
      <input_file id="fl-55">
         <path>D:\workTools\ti\ccs1260\ccs\tools\compiler\ti-cgt-c2000_22.6.1.LTS\lib\</path>
         <kind>archive</kind>
         <file>rts2800_fpu32_eabi.lib</file>
         <name>fd_tol28.asm.obj</name>
      </input_file>
      <input_file id="fl-56">
         <path>D:\workTools\ti\ccs1260\ccs\tools\compiler\ti-cgt-c2000_22.6.1.LTS\lib\</path>
         <kind>archive</kind>
         <file>rts2800_fpu32_eabi.lib</file>
         <name>ll_aox28.asm.obj</name>
      </input_file>
      <input_file id="fl-57">
         <path>D:\workTools\ti\ccs1260\ccs\tools\compiler\ti-cgt-c2000_22.6.1.LTS\lib\</path>
         <kind>archive</kind>
         <file>rts2800_fpu32_eabi.lib</file>
         <name>ll_div28.asm.obj</name>
      </input_file>
      <input_file id="fl-58">
         <path>D:\workTools\ti\ccs1260\ccs\tools\compiler\ti-cgt-c2000_22.6.1.LTS\lib\</path>
         <kind>archive</kind>
         <file>rts2800_fpu32_eabi.lib</file>
         <name>i_tofd28.asm.obj</name>
      </input_file>
      <input_file id="fl-59">
         <path>D:\workTools\ti\ccs1260\ccs\tools\compiler\ti-cgt-c2000_22.6.1.LTS\lib\</path>
         <kind>archive</kind>
         <file>rts2800_fpu32_eabi.lib</file>
         <name>l_tofd28.asm.obj</name>
      </input_file>
      <input_file id="fl-5a">
         <path>D:\workTools\ti\ccs1260\ccs\tools\compiler\ti-cgt-c2000_22.6.1.LTS\lib\</path>
         <kind>archive</kind>
         <file>rts2800_fpu32_eabi.lib</file>
         <name>cpy_tbl.c.obj</name>
      </input_file>
      <input_file id="fl-5b">
         <path>D:\workTools\ti\ccs1260\ccs\tools\compiler\ti-cgt-c2000_22.6.1.LTS\lib\</path>
         <kind>archive</kind>
         <file>rts2800_fpu32_eabi.lib</file>
         <name>startup.c.obj</name>
      </input_file>
      <input_file id="fl-5c">
         <path>D:\workTools\ti\ccs1260\ccs\tools\compiler\ti-cgt-c2000_22.6.1.LTS\lib\</path>
         <kind>archive</kind>
         <file>rts2800_fpu32_eabi.lib</file>
         <name>_ltoa.c.obj</name>
      </input_file>
      <input_file id="fl-5d">
         <path>D:\workTools\ti\ccs1260\ccs\tools\compiler\ti-cgt-c2000_22.6.1.LTS\lib\</path>
         <kind>archive</kind>
         <file>rts2800_fpu32_eabi.lib</file>
         <name>atoi.c.obj</name>
      </input_file>
      <input_file id="fl-5e">
         <path>D:\workTools\ti\ccs1260\ccs\tools\compiler\ti-cgt-c2000_22.6.1.LTS\lib\</path>
         <kind>archive</kind>
         <file>rts2800_fpu32_eabi.lib</file>
         <name>ctype.c.obj</name>
      </input_file>
      <input_file id="fl-5f">
         <path>D:\workTools\ti\ccs1260\ccs\tools\compiler\ti-cgt-c2000_22.6.1.LTS\lib\</path>
         <kind>archive</kind>
         <file>rts2800_fpu32_eabi.lib</file>
         <name>memccpy.c.obj</name>
      </input_file>
      <input_file id="fl-60">
         <path>D:\workTools\ti\ccs1260\ccs\tools\compiler\ti-cgt-c2000_22.6.1.LTS\lib\</path>
         <kind>archive</kind>
         <file>rts2800_fpu32_eabi.lib</file>
         <name>strchr.c.obj</name>
      </input_file>
      <input_file id="fl-61">
         <path>D:\workTools\ti\ccs1260\ccs\tools\compiler\ti-cgt-c2000_22.6.1.LTS\lib\</path>
         <kind>archive</kind>
         <file>rts2800_fpu32_eabi.lib</file>
         <name>strcpy.c.obj</name>
      </input_file>
      <input_file id="fl-62">
         <path>D:\workTools\ti\ccs1260\ccs\tools\compiler\ti-cgt-c2000_22.6.1.LTS\lib\</path>
         <kind>archive</kind>
         <file>rts2800_fpu32_eabi.lib</file>
         <name>strlen.c.obj</name>
      </input_file>
      <input_file id="fl-63">
         <path>D:\workTools\ti\ccs1260\ccs\tools\compiler\ti-cgt-c2000_22.6.1.LTS\lib\</path>
         <kind>archive</kind>
         <file>rts2800_fpu32_eabi.lib</file>
         <name>errno.c.obj</name>
      </input_file>
      <input_file id="fl-64">
         <path>D:\workTools\ti\ccs1260\ccs\tools\compiler\ti-cgt-c2000_22.6.1.LTS\lib\</path>
         <kind>archive</kind>
         <file>rts2800_fpu32_eabi.lib</file>
         <name>s_frexp.c.obj</name>
      </input_file>
      <input_file id="fl-65">
         <path>D:\workTools\ti\ccs1260\ccs\tools\compiler\ti-cgt-c2000_22.6.1.LTS\lib\</path>
         <kind>archive</kind>
         <file>rts2800_fpu32_eabi.lib</file>
         <name>s_scalbn.c.obj</name>
      </input_file>
      <input_file id="fl-66">
         <path>D:\workTools\ti\ccs1260\ccs\tools\compiler\ti-cgt-c2000_22.6.1.LTS\lib\</path>
         <kind>archive</kind>
         <file>rts2800_fpu32_eabi.lib</file>
         <name>wcslen.c.obj</name>
      </input_file>
      <input_file id="fl-67">
         <path>D:\workTools\ti\ccs1260\ccs\tools\compiler\ti-cgt-c2000_22.6.1.LTS\lib\</path>
         <kind>archive</kind>
         <file>rts2800_fpu32_eabi.lib</file>
         <name>l_div28.asm.obj</name>
      </input_file>
      <input_file id="fl-68">
         <path>D:\workTools\ti\ccs1260\ccs\tools\compiler\ti-cgt-c2000_22.6.1.LTS\lib\</path>
         <kind>archive</kind>
         <file>rts2800_fpu32_eabi.lib</file>
         <name>s_copysign.c.obj</name>
      </input_file>
   </input_file_list>
   <object_component_list>
      <object_component id="oc-1e">
         <name>codestart</name>
         <load_address>0x80000</load_address>
         <run_address>0x80000</run_address>
         <size>0x2</size>
         <input_file_ref idref="fl-6"/>
      </object_component>
      <object_component id="oc-2de">
         <name>.text:SYSCTL_init</name>
         <load_address>0x8112c</load_address>
         <run_address>0x8112c</run_address>
         <size>0x3d5</size>
         <input_file_ref idref="fl-2"/>
      </object_component>
      <object_component id="oc-2f6">
         <name>.text:EPWM_init</name>
         <load_address>0x81501</load_address>
         <run_address>0x81501</run_address>
         <size>0x111</size>
         <input_file_ref idref="fl-2"/>
      </object_component>
      <object_component id="oc-29e">
         <name>.text:SysCtl_setClock</name>
         <load_address>0x81612</load_address>
         <run_address>0x81612</run_address>
         <size>0xc0</size>
         <input_file_ref idref="fl-2d"/>
      </object_component>
      <object_component id="oc-3a0">
         <name>.text:SysCtl_isPLLValid</name>
         <load_address>0x816d2</load_address>
         <run_address>0x816d2</run_address>
         <size>0xbd</size>
         <input_file_ref idref="fl-2d"/>
      </object_component>
      <object_component id="oc-203">
         <name>.text:main</name>
         <load_address>0x8178f</load_address>
         <run_address>0x8178f</run_address>
         <size>0xb0</size>
         <input_file_ref idref="fl-18"/>
      </object_component>
      <object_component id="oc-12b">
         <name>.text</name>
         <load_address>0x8183f</load_address>
         <run_address>0x8183f</run_address>
         <size>0x9c</size>
         <input_file_ref idref="fl-51"/>
      </object_component>
      <object_component id="oc-93">
         <name>.text</name>
         <load_address>0x818db</load_address>
         <run_address>0x818db</run_address>
         <size>0x8b</size>
         <input_file_ref idref="fl-45"/>
      </object_component>
      <object_component id="oc-8e">
         <name>.text</name>
         <load_address>0x81966</load_address>
         <run_address>0x81966</run_address>
         <size>0x83</size>
         <input_file_ref idref="fl-3b"/>
      </object_component>
      <object_component id="oc-145">
         <name>.text:Interrupt_clearIFR</name>
         <load_address>0x819e9</load_address>
         <run_address>0x819e9</run_address>
         <size>0x7f</size>
         <input_file_ref idref="fl-2b"/>
      </object_component>
      <object_component id="oc-255">
         <name>.text:Oled_Init</name>
         <load_address>0x81a68</load_address>
         <run_address>0x81a68</run_address>
         <size>0x78</size>
         <input_file_ref idref="fl-17"/>
      </object_component>
      <object_component id="oc-4a1">
         <name>.text:EPWM_setADCTriggerSource</name>
         <load_address>0x81ae0</load_address>
         <run_address>0x81ae0</run_address>
         <size>0x75</size>
         <input_file_ref idref="fl-2"/>
      </object_component>
      <object_component id="oc-55e">
         <name>.text:DCC_setCounterSeeds</name>
         <load_address>0x81b55</load_address>
         <run_address>0x81b55</run_address>
         <size>0x73</size>
         <input_file_ref idref="fl-2d"/>
      </object_component>
      <object_component id="oc-2d8">
         <name>.text:PinMux_init</name>
         <load_address>0x81bc8</load_address>
         <run_address>0x81bc8</run_address>
         <size>0x68</size>
         <input_file_ref idref="fl-2"/>
      </object_component>
      <object_component id="oc-5fa">
         <name>.text:I2C_initController</name>
         <load_address>0x81c30</load_address>
         <run_address>0x81c30</run_address>
         <size>0x64</size>
         <input_file_ref idref="fl-2a"/>
      </object_component>
      <object_component id="oc-3b">
         <name>.text:INT_mySCI0_RX_ISR</name>
         <load_address>0x81c94</load_address>
         <run_address>0x81c94</run_address>
         <size>0x63</size>
         <input_file_ref idref="fl-18"/>
      </object_component>
      <object_component id="oc-2b0">
         <name>.text:SysCtl_getClock</name>
         <load_address>0x81cf7</load_address>
         <run_address>0x81cf7</run_address>
         <size>0x5e</size>
         <input_file_ref idref="fl-2d"/>
      </object_component>
      <object_component id="oc-22e">
         <name>.text:Device_init</name>
         <load_address>0x81d55</load_address>
         <run_address>0x81d55</run_address>
         <size>0x5c</size>
         <input_file_ref idref="fl-3"/>
      </object_component>
      <object_component id="oc-334">
         <name>.text:OLED_ShowChar</name>
         <load_address>0x81db1</load_address>
         <run_address>0x81db1</run_address>
         <size>0x5c</size>
         <input_file_ref idref="fl-17"/>
      </object_component>
      <object_component id="oc-2c3">
         <name>.text:GPIO_setPadConfig</name>
         <load_address>0x81e0d</load_address>
         <run_address>0x81e0d</run_address>
         <size>0x52</size>
         <input_file_ref idref="fl-29"/>
      </object_component>
      <object_component id="oc-404">
         <name>.text:myADC0_init</name>
         <load_address>0x81e5f</load_address>
         <run_address>0x81e5f</run_address>
         <size>0x51</size>
         <input_file_ref idref="fl-2"/>
      </object_component>
      <object_component id="oc-c2">
         <name>.text:Interrupt_disable</name>
         <load_address>0x81eb0</load_address>
         <run_address>0x81eb0</run_address>
         <size>0x4e</size>
         <input_file_ref idref="fl-2b"/>
      </object_component>
      <object_component id="oc-48f">
         <name>.text:EPWM_setInterruptSource</name>
         <load_address>0x81efe</load_address>
         <run_address>0x81efe</run_address>
         <size>0x4b</size>
         <input_file_ref idref="fl-2"/>
      </object_component>
      <object_component id="oc-39a">
         <name>.text:SysCtl_selectOscSource</name>
         <load_address>0x81f49</load_address>
         <run_address>0x81f49</run_address>
         <size>0x49</size>
         <input_file_ref idref="fl-2d"/>
      </object_component>
      <object_component id="oc-4cd">
         <name>.text:myI2C0_init</name>
         <load_address>0x81f92</load_address>
         <run_address>0x81f92</run_address>
         <size>0x46</size>
         <input_file_ref idref="fl-2"/>
      </object_component>
      <object_component id="oc-591">
         <name>.text:ADC_setOffsetTrimAll</name>
         <load_address>0x81fd8</load_address>
         <run_address>0x81fd8</run_address>
         <size>0x28</size>
         <input_file_ref idref="fl-26"/>
      </object_component>
      <object_component id="oc-f2">
         <name>.text:SCI_clearInterruptStatus</name>
         <load_address>0x82000</load_address>
         <run_address>0x82000</run_address>
         <size>0x45</size>
         <input_file_ref idref="fl-2c"/>
      </object_component>
      <object_component id="oc-d2">
         <name>.text:SCI_disableInterrupt</name>
         <load_address>0x82045</load_address>
         <run_address>0x82045</run_address>
         <size>0x45</size>
         <input_file_ref idref="fl-2c"/>
      </object_component>
      <object_component id="oc-6a2">
         <name>.text:SysCtl_pollX1Counter</name>
         <load_address>0x8208a</load_address>
         <run_address>0x8208a</run_address>
         <size>0x45</size>
         <input_file_ref idref="fl-2d"/>
      </object_component>
      <object_component id="oc-d9">
         <name>.text:SCI_enableInterrupt</name>
         <load_address>0x820cf</load_address>
         <run_address>0x820cf</run_address>
         <size>0x44</size>
         <input_file_ref idref="fl-2c"/>
      </object_component>
      <object_component id="oc-267">
         <name>.text:OLED_ShowNum</name>
         <load_address>0x82113</load_address>
         <run_address>0x82113</run_address>
         <size>0x42</size>
         <input_file_ref idref="fl-17"/>
      </object_component>
      <object_component id="oc-25b">
         <name>.text:OLED_DISPLAY_INT</name>
         <load_address>0x82155</load_address>
         <run_address>0x82155</run_address>
         <size>0x41</size>
         <input_file_ref idref="fl-17"/>
      </object_component>
      <object_component id="oc-e6">
         <name>.text:SCI_writeCharArray</name>
         <load_address>0x82196</load_address>
         <run_address>0x82196</run_address>
         <size>0x41</size>
         <input_file_ref idref="fl-2c"/>
      </object_component>
      <object_component id="oc-40a">
         <name>.text:myADC1_init</name>
         <load_address>0x821d7</load_address>
         <run_address>0x821d7</run_address>
         <size>0x41</size>
         <input_file_ref idref="fl-2"/>
      </object_component>
      <object_component id="oc-453">
         <name>.text:EPWM_setActionQualifierAction</name>
         <load_address>0x82218</load_address>
         <run_address>0x82218</run_address>
         <size>0x40</size>
         <input_file_ref idref="fl-2"/>
      </object_component>
      <object_component id="oc-447">
         <name>.text:EPWM_setCounterCompareShadowLoadMode</name>
         <load_address>0x82258</load_address>
         <run_address>0x82258</run_address>
         <size>0x3e</size>
         <input_file_ref idref="fl-2"/>
      </object_component>
      <object_component id="oc-655">
         <name>.text:SCI_setConfig</name>
         <load_address>0x82296</load_address>
         <run_address>0x82296</run_address>
         <size>0x3e</size>
         <input_file_ref idref="fl-2c"/>
      </object_component>
      <object_component id="oc-234">
         <name>.text:Interrupt_initModule</name>
         <load_address>0x822d4</load_address>
         <run_address>0x822d4</run_address>
         <size>0x3d</size>
         <input_file_ref idref="fl-2b"/>
      </object_component>
      <object_component id="oc-4d4">
         <name>.text:mySCI0_init</name>
         <load_address>0x82311</load_address>
         <run_address>0x82311</run_address>
         <size>0x3d</size>
         <input_file_ref idref="fl-2"/>
      </object_component>
      <object_component id="oc-4a7">
         <name>.text:EPWM_setADCTriggerEventPrescale</name>
         <load_address>0x8234e</load_address>
         <run_address>0x8234e</run_address>
         <size>0x3a</size>
         <input_file_ref idref="fl-2"/>
      </object_component>
      <object_component id="oc-2cf">
         <name>.text:GPIO_setAnalogMode</name>
         <load_address>0x82388</load_address>
         <run_address>0x82388</run_address>
         <size>0x3a</size>
         <input_file_ref idref="fl-29"/>
      </object_component>
      <object_component id="oc-35">
         <name>.text:INT_mySCI0_TX_ISR</name>
         <load_address>0x823c2</load_address>
         <run_address>0x823c2</run_address>
         <size>0x38</size>
         <input_file_ref idref="fl-18"/>
      </object_component>
      <object_component id="oc-5e4">
         <name>.text:GPIO_setControllerCore</name>
         <load_address>0x823fa</load_address>
         <run_address>0x823fa</run_address>
         <size>0x37</size>
         <input_file_ref idref="fl-29"/>
      </object_component>
      <object_component id="oc-3be">
         <name>.text:GPIO_setPinConfig</name>
         <load_address>0x82431</load_address>
         <run_address>0x82431</run_address>
         <size>0x37</size>
         <input_file_ref idref="fl-29"/>
      </object_component>
      <object_component id="oc-3c4">
         <name>.text:GPIO_setQualificationMode</name>
         <load_address>0x82468</load_address>
         <run_address>0x82468</run_address>
         <size>0x37</size>
         <input_file_ref idref="fl-29"/>
      </object_component>
      <object_component id="oc-c8">
         <name>.text:Interrupt_enable</name>
         <load_address>0x8249f</load_address>
         <run_address>0x8249f</run_address>
         <size>0x37</size>
         <input_file_ref idref="fl-2b"/>
      </object_component>
      <object_component id="oc-5b5">
         <name>.text:ADC_setupSOC</name>
         <load_address>0x824d6</load_address>
         <run_address>0x824d6</run_address>
         <size>0x36</size>
         <input_file_ref idref="fl-2"/>
      </object_component>
      <object_component id="oc-521">
         <name>.text:SysCtl_selectXTAL</name>
         <load_address>0x8250c</load_address>
         <run_address>0x8250c</run_address>
         <size>0x36</size>
         <input_file_ref idref="fl-2d"/>
      </object_component>
      <object_component id="oc-319">
         <name>.text:Delay_ms</name>
         <load_address>0x82542</load_address>
         <run_address>0x82542</run_address>
         <size>0x33</size>
         <input_file_ref idref="fl-17"/>
      </object_component>
      <object_component id="oc-2c9">
         <name>.text:GPIO_setDirectionMode</name>
         <load_address>0x82575</load_address>
         <run_address>0x82575</run_address>
         <size>0x31</size>
         <input_file_ref idref="fl-29"/>
      </object_component>
      <object_component id="oc-11">
         <name>.text:decompress:lzss</name>
         <load_address>0x825a6</load_address>
         <run_address>0x825a6</run_address>
         <size>0x30</size>
         <input_file_ref idref="fl-4b"/>
      </object_component>
      <object_component id="oc-4db">
         <name>.text:myCONTROLLER0_init</name>
         <load_address>0x825d6</load_address>
         <run_address>0x825d6</run_address>
         <size>0x2f</size>
         <input_file_ref idref="fl-5"/>
      </object_component>
      <object_component id="oc-5bb">
         <name>.text:ADC_setInterruptSOCTrigger</name>
         <load_address>0x82605</load_address>
         <run_address>0x82605</run_address>
         <size>0x2e</size>
         <input_file_ref idref="fl-2"/>
      </object_component>
      <object_component id="oc-2aa">
         <name>.text:CAN_selectClockSource</name>
         <load_address>0x82633</load_address>
         <run_address>0x82633</run_address>
         <size>0x2d</size>
         <input_file_ref idref="fl-3"/>
      </object_component>
      <object_component id="oc-45f">
         <name>.text:EPWM_setDeadBandDelayMode</name>
         <load_address>0x82660</load_address>
         <run_address>0x82660</run_address>
         <size>0x2c</size>
         <input_file_ref idref="fl-2"/>
      </object_component>
      <object_component id="oc-5c3">
         <name>.text:EPWM_isBaseValid</name>
         <load_address>0x8268c</load_address>
         <run_address>0x8268c</run_address>
         <size>0x2b</size>
         <input_file_ref idref="fl-2"/>
      </object_component>
      <object_component id="oc-135">
         <name>.text:EPWM_isBaseValid</name>
         <load_address>0x826b7</load_address>
         <run_address>0x826b7</run_address>
         <size>0x2b</size>
         <input_file_ref idref="fl-18"/>
      </object_component>
      <object_component id="oc-1d3">
         <name>.text:__TI_auto_init_nobinit_nopinit</name>
         <load_address>0x826e2</load_address>
         <run_address>0x826e2</run_address>
         <size>0x2b</size>
         <input_file_ref idref="fl-48"/>
      </object_component>
      <object_component id="oc-1af">
         <name>.text</name>
         <load_address>0x8270d</load_address>
         <run_address>0x8270d</run_address>
         <size>0x29</size>
         <input_file_ref idref="fl-4c"/>
      </object_component>
      <object_component id="oc-495">
         <name>.text:EPWM_setInterruptEventCount</name>
         <load_address>0x82736</load_address>
         <run_address>0x82736</run_address>
         <size>0x28</size>
         <input_file_ref idref="fl-2"/>
      </object_component>
      <object_component id="oc-5ec">
         <name>.text:GPIO_writePin</name>
         <load_address>0x8275e</load_address>
         <run_address>0x8275e</run_address>
         <size>0x27</size>
         <input_file_ref idref="fl-2"/>
      </object_component>
      <object_component id="oc-261">
         <name>.text:GPIO_writePin</name>
         <load_address>0x82785</load_address>
         <run_address>0x82785</run_address>
         <size>0x27</size>
         <input_file_ref idref="fl-18"/>
      </object_component>
      <object_component id="oc-435">
         <name>.text:HRPWM_setSyncPulseSource</name>
         <load_address>0x827ac</load_address>
         <run_address>0x827ac</run_address>
         <size>0x27</size>
         <input_file_ref idref="fl-2"/>
      </object_component>
      <object_component id="oc-3ea">
         <name>.text:SysCtl_setSyncInputConfig</name>
         <load_address>0x827d3</load_address>
         <run_address>0x827d3</run_address>
         <size>0x27</size>
         <input_file_ref idref="fl-2"/>
      </object_component>
      <object_component id="oc-62a">
         <name>.text:I2C_setFIFOInterruptLevel</name>
         <load_address>0x827fa</load_address>
         <run_address>0x827fa</run_address>
         <size>0x26</size>
         <input_file_ref idref="fl-2"/>
      </object_component>
      <object_component id="oc-667">
         <name>.text:SCI_setFIFOInterruptLevel</name>
         <load_address>0x82820</load_address>
         <run_address>0x82820</run_address>
         <size>0x26</size>
         <input_file_ref idref="fl-2"/>
      </object_component>
      <object_component id="oc-2a">
         <name>.text:INTERRUPT_init</name>
         <load_address>0x82846</load_address>
         <run_address>0x82846</run_address>
         <size>0x25</size>
         <input_file_ref idref="fl-2"/>
      </object_component>
      <object_component id="oc-4f4">
         <name>.text:Write_IIC_Command</name>
         <load_address>0x8286b</load_address>
         <run_address>0x8286b</run_address>
         <size>0x25</size>
         <input_file_ref idref="fl-17"/>
      </object_component>
      <object_component id="oc-4ee">
         <name>.text:Write_IIC_Data</name>
         <load_address>0x82890</load_address>
         <run_address>0x82890</run_address>
         <size>0x25</size>
         <input_file_ref idref="fl-17"/>
      </object_component>
      <object_component id="oc-564">
         <name>.text:DCC_enableSingleShotMode</name>
         <load_address>0x828b5</load_address>
         <run_address>0x828b5</run_address>
         <size>0x24</size>
         <input_file_ref idref="fl-2d"/>
      </object_component>
      <object_component id="oc-459">
         <name>.text:EPWM_setDeadBandDelayPolarity</name>
         <load_address>0x828d9</load_address>
         <run_address>0x828d9</run_address>
         <size>0x24</size>
         <input_file_ref idref="fl-2"/>
      </object_component>
      <object_component id="oc-44d">
         <name>.text:EPWM_setupEPWMLinks</name>
         <load_address>0x828fd</load_address>
         <run_address>0x828fd</run_address>
         <size>0x24</size>
         <input_file_ref idref="fl-2"/>
      </object_component>
      <object_component id="oc-325">
         <name>.text:OLED_Clear</name>
         <load_address>0x82921</load_address>
         <run_address>0x82921</run_address>
         <size>0x24</size>
         <input_file_ref idref="fl-17"/>
      </object_component>
      <object_component id="oc-98">
         <name>.text</name>
         <load_address>0x82945</load_address>
         <run_address>0x82945</run_address>
         <size>0x23</size>
         <input_file_ref idref="fl-44"/>
      </object_component>
      <object_component id="oc-43b">
         <name>.text:EPWM_setCounterCompareValue</name>
         <load_address>0x82968</load_address>
         <run_address>0x82968</run_address>
         <size>0x22</size>
         <input_file_ref idref="fl-2"/>
      </object_component>
      <object_component id="oc-aa">
         <name>.text:EPWM_setCounterCompareValue</name>
         <load_address>0x8298a</load_address>
         <run_address>0x8298a</run_address>
         <size>0x22</size>
         <input_file_ref idref="fl-18"/>
      </object_component>
      <object_component id="oc-441">
         <name>.text:EPWM_enableGlobalLoadRegisters</name>
         <load_address>0x829ac</load_address>
         <run_address>0x829ac</run_address>
         <size>0x21</size>
         <input_file_ref idref="fl-2"/>
      </object_component>
      <object_component id="oc-176">
         <name>.text:SCI_isFIFOEnabled</name>
         <load_address>0x829cd</load_address>
         <run_address>0x829cd</run_address>
         <size>0x20</size>
         <input_file_ref idref="fl-2c"/>
      </object_component>
      <object_component id="oc-527">
         <name>.text:SysCtl_selectXTALSingleEnded</name>
         <load_address>0x829ed</load_address>
         <run_address>0x829ed</run_address>
         <size>0x20</size>
         <input_file_ref idref="fl-2d"/>
      </object_component>
      <object_component id="oc-477">
         <name>.text:EPWM_setFallingEdgeDelayCountShadowLoadMode</name>
         <load_address>0x82a0d</load_address>
         <run_address>0x82a0d</run_address>
         <size>0x1f</size>
         <input_file_ref idref="fl-2"/>
      </object_component>
      <object_component id="oc-465">
         <name>.text:EPWM_setRisingEdgeDelayCountShadowLoadMode</name>
         <load_address>0x82a2c</load_address>
         <run_address>0x82a2c</run_address>
         <size>0x1f</size>
         <input_file_ref idref="fl-2"/>
      </object_component>
      <object_component id="oc-7c">
         <name>.text:GPIO_togglePin</name>
         <load_address>0x82a4b</load_address>
         <run_address>0x82a4b</run_address>
         <size>0x1f</size>
         <input_file_ref idref="fl-18"/>
      </object_component>
      <object_component id="oc-558">
         <name>.text:DCC_setCounter1ClkSource</name>
         <load_address>0x82a6a</load_address>
         <run_address>0x82a6a</run_address>
         <size>0x1e</size>
         <input_file_ref idref="fl-2d"/>
      </object_component>
      <object_component id="oc-42f">
         <name>.text:EPWM_setPhaseShift</name>
         <load_address>0x82a88</load_address>
         <run_address>0x82a88</run_address>
         <size>0x1e</size>
         <input_file_ref idref="fl-2"/>
      </object_component>
      <object_component id="oc-42">
         <name>.text:Interrupt_initVectorTable</name>
         <load_address>0x82aa6</load_address>
         <run_address>0x82aa6</run_address>
         <size>0x1e</size>
         <input_file_ref idref="fl-2b"/>
      </object_component>
      <object_component id="oc-df">
         <name>.text:SCI_readCharBlockingFIFO</name>
         <load_address>0x82ac4</load_address>
         <run_address>0x82ac4</run_address>
         <size>0x1e</size>
         <input_file_ref idref="fl-18"/>
      </object_component>
      <object_component id="oc-2e4">
         <name>.text:SYNC_init</name>
         <load_address>0x82ae2</load_address>
         <run_address>0x82ae2</run_address>
         <size>0x1e</size>
         <input_file_ref idref="fl-2"/>
      </object_component>
      <object_component id="oc-483">
         <name>.text:EPWM_setFallingEdgeDelayCount</name>
         <load_address>0x82b00</load_address>
         <run_address>0x82b00</run_address>
         <size>0x1d</size>
         <input_file_ref idref="fl-2"/>
      </object_component>
      <object_component id="oc-471">
         <name>.text:EPWM_setRisingEdgeDelayCount</name>
         <load_address>0x82b1d</load_address>
         <run_address>0x82b1d</run_address>
         <size>0x1d</size>
         <input_file_ref idref="fl-2"/>
      </object_component>
      <object_component id="oc-66d">
         <name>.text:SCI_enableFIFO</name>
         <load_address>0x82b3a</load_address>
         <run_address>0x82b3a</run_address>
         <size>0x1d</size>
         <input_file_ref idref="fl-2"/>
      </object_component>
      <object_component id="oc-5c">
         <name>.text</name>
         <load_address>0x82b57</load_address>
         <run_address>0x82b57</run_address>
         <size>0x1d</size>
         <input_file_ref idref="fl-46"/>
      </object_component>
      <object_component id="oc-5af">
         <name>.text:ADC_setSOCPriority</name>
         <load_address>0x82b74</load_address>
         <run_address>0x82b74</run_address>
         <size>0x1c</size>
         <input_file_ref idref="fl-2"/>
      </object_component>
      <object_component id="oc-552">
         <name>.text:DCC_setCounter0ClkSource</name>
         <load_address>0x82b90</load_address>
         <run_address>0x82b90</run_address>
         <size>0x1c</size>
         <input_file_ref idref="fl-2d"/>
      </object_component>
      <object_component id="oc-49b">
         <name>.text:EPWM_enableADCTrigger</name>
         <load_address>0x82bac</load_address>
         <run_address>0x82bac</run_address>
         <size>0x1c</size>
         <input_file_ref idref="fl-2"/>
      </object_component>
      <object_component id="oc-411">
         <name>.text:EPWM_setClockPrescaler</name>
         <load_address>0x82bc8</load_address>
         <run_address>0x82bc8</run_address>
         <size>0x1c</size>
         <input_file_ref idref="fl-2"/>
      </object_component>
      <object_component id="oc-32e">
         <name>.text:OLED_ShowString</name>
         <load_address>0x82be4</load_address>
         <run_address>0x82be4</run_address>
         <size>0x1c</size>
         <input_file_ref idref="fl-17"/>
      </object_component>
      <object_component id="oc-606">
         <name>.text:I2C_setTargetAddress</name>
         <load_address>0x82c00</load_address>
         <run_address>0x82c00</run_address>
         <size>0x1b</size>
         <input_file_ref idref="fl-2"/>
      </object_component>
      <object_component id="oc-4e8">
         <name>.text</name>
         <load_address>0x82c1b</load_address>
         <run_address>0x82c1b</run_address>
         <size>0x1b</size>
         <input_file_ref idref="fl-3d"/>
      </object_component>
      <object_component id="oc-82">
         <name>.text:ADC_readResult</name>
         <load_address>0x82c36</load_address>
         <run_address>0x82c36</run_address>
         <size>0x1a</size>
         <input_file_ref idref="fl-18"/>
      </object_component>
      <object_component id="oc-61e">
         <name>.text:I2C_setAddressMode</name>
         <load_address>0x82c50</load_address>
         <run_address>0x82c50</run_address>
         <size>0x1a</size>
         <input_file_ref idref="fl-2"/>
      </object_component>
      <object_component id="oc-612">
         <name>.text:I2C_setBitCount</name>
         <load_address>0x82c6a</load_address>
         <run_address>0x82c6a</run_address>
         <size>0x1a</size>
         <input_file_ref idref="fl-2"/>
      </object_component>
      <object_component id="oc-600">
         <name>.text:I2C_setConfig</name>
         <load_address>0x82c84</load_address>
         <run_address>0x82c84</run_address>
         <size>0x1a</size>
         <input_file_ref idref="fl-2"/>
      </object_component>
      <object_component id="oc-689">
         <name>.text:I2C_setConfig</name>
         <load_address>0x82c9e</load_address>
         <run_address>0x82c9e</run_address>
         <size>0x1a</size>
         <input_file_ref idref="fl-17"/>
      </object_component>
      <object_component id="oc-630">
         <name>.text:I2C_setEmulationMode</name>
         <load_address>0x82cb8</load_address>
         <run_address>0x82cb8</run_address>
         <size>0x1a</size>
         <input_file_ref idref="fl-2"/>
      </object_component>
      <object_component id="oc-182">
         <name>.text:SCI_isSpaceAvailableNonFIFO</name>
         <load_address>0x82cd2</load_address>
         <run_address>0x82cd2</run_address>
         <size>0x1a</size>
         <input_file_ref idref="fl-2c"/>
      </object_component>
      <object_component id="oc-2b7">
         <name>.text:SysCtl_getLowSpeedClock</name>
         <load_address>0x82cec</load_address>
         <run_address>0x82cec</run_address>
         <size>0x1a</size>
         <input_file_ref idref="fl-2d"/>
      </object_component>
      <object_component id="oc-ec">
         <name>.text:SCI_writeCharBlockingFIFO</name>
         <load_address>0x82d06</load_address>
         <run_address>0x82d06</run_address>
         <size>0x19</size>
         <input_file_ref idref="fl-18"/>
      </object_component>
      <object_component id="oc-4c0">
         <name>.text:myGPIOEnable_init</name>
         <load_address>0x82d1f</load_address>
         <run_address>0x82d1f</run_address>
         <size>0x19</size>
         <input_file_ref idref="fl-2"/>
      </object_component>
      <object_component id="oc-4c6">
         <name>.text:myGPIOLED_init</name>
         <load_address>0x82d38</load_address>
         <run_address>0x82d38</run_address>
         <size>0x19</size>
         <input_file_ref idref="fl-2"/>
      </object_component>
      <object_component id="oc-3fd">
         <name>.text:ASysCtl_setAnalogReferenceExternal</name>
         <load_address>0x82d51</load_address>
         <run_address>0x82d51</run_address>
         <size>0x18</size>
         <input_file_ref idref="fl-2"/>
      </object_component>
      <object_component id="oc-47d">
         <name>.text:EPWM_disableFallingEdgeDelayCountShadowLoadMode</name>
         <load_address>0x82d69</load_address>
         <run_address>0x82d69</run_address>
         <size>0x18</size>
         <input_file_ref idref="fl-2"/>
      </object_component>
      <object_component id="oc-46b">
         <name>.text:EPWM_disableRisingEdgeDelayCountShadowLoadMode</name>
         <load_address>0x82d81</load_address>
         <run_address>0x82d81</run_address>
         <size>0x18</size>
         <input_file_ref idref="fl-2"/>
      </object_component>
      <object_component id="oc-4ad">
         <name>.text:EPWM_enableADCTriggerEventCountInit</name>
         <load_address>0x82d99</load_address>
         <run_address>0x82d99</run_address>
         <size>0x18</size>
         <input_file_ref idref="fl-2"/>
      </object_component>
      <object_component id="oc-624">
         <name>.text:I2C_enableFIFO</name>
         <load_address>0x82db1</load_address>
         <run_address>0x82db1</run_address>
         <size>0x18</size>
         <input_file_ref idref="fl-2"/>
      </object_component>
      <object_component id="oc-6ff">
         <name>.text:SCI_disableModule</name>
         <load_address>0x82dc9</load_address>
         <run_address>0x82dc9</run_address>
         <size>0x18</size>
         <input_file_ref idref="fl-2c"/>
      </object_component>
      <object_component id="oc-661">
         <name>.text:SCI_performSoftwareReset</name>
         <load_address>0x82de1</load_address>
         <run_address>0x82de1</run_address>
         <size>0x18</size>
         <input_file_ref idref="fl-2"/>
      </object_component>
      <object_component id="oc-190">
         <name>.text:SCI_performSoftwareReset</name>
         <load_address>0x82df9</load_address>
         <run_address>0x82df9</run_address>
         <size>0x18</size>
         <input_file_ref idref="fl-2c"/>
      </object_component>
      <object_component id="oc-64f">
         <name>.text:SCI_resetChannels</name>
         <load_address>0x82e11</load_address>
         <run_address>0x82e11</run_address>
         <size>0x18</size>
         <input_file_ref idref="fl-2"/>
      </object_component>
      <object_component id="oc-649">
         <name>.text:SCI_resetRxFIFO</name>
         <load_address>0x82e29</load_address>
         <run_address>0x82e29</run_address>
         <size>0x18</size>
         <input_file_ref idref="fl-2"/>
      </object_component>
      <object_component id="oc-643">
         <name>.text:SCI_resetTxFIFO</name>
         <load_address>0x82e41</load_address>
         <run_address>0x82e41</run_address>
         <size>0x18</size>
         <input_file_ref idref="fl-2"/>
      </object_component>
      <object_component id="oc-3dd">
         <name>.text:SysCtl_disablePeripheral</name>
         <load_address>0x82e59</load_address>
         <run_address>0x82e59</run_address>
         <size>0x18</size>
         <input_file_ref idref="fl-2"/>
      </object_component>
      <object_component id="oc-23a">
         <name>.text:SysCtl_disablePeripheral</name>
         <load_address>0x82e71</load_address>
         <run_address>0x82e71</run_address>
         <size>0x18</size>
         <input_file_ref idref="fl-18"/>
      </object_component>
      <object_component id="oc-6c5">
         <name>.text:ADC_isBaseValid</name>
         <load_address>0x82e89</load_address>
         <run_address>0x82e89</run_address>
         <size>0x17</size>
         <input_file_ref idref="fl-2"/>
      </object_component>
      <object_component id="oc-240">
         <name>.text:Board_init</name>
         <load_address>0x82ea0</load_address>
         <run_address>0x82ea0</run_address>
         <size>0x17</size>
         <input_file_ref idref="fl-2"/>
      </object_component>
      <object_component id="oc-3d7">
         <name>.text:SysCtl_enablePeripheral</name>
         <load_address>0x82eb7</load_address>
         <run_address>0x82eb7</run_address>
         <size>0x17</size>
         <input_file_ref idref="fl-2"/>
      </object_component>
      <object_component id="oc-52e">
         <name>.text:SysCtl_enablePeripheral</name>
         <load_address>0x82ece</load_address>
         <run_address>0x82ece</run_address>
         <size>0x17</size>
         <input_file_ref idref="fl-2d"/>
      </object_component>
      <object_component id="oc-24c">
         <name>.text:SysCtl_enablePeripheral</name>
         <load_address>0x82ee5</load_address>
         <run_address>0x82ee5</run_address>
         <size>0x17</size>
         <input_file_ref idref="fl-18"/>
      </object_component>
      <object_component id="oc-10f">
         <name>.text</name>
         <load_address>0x82efc</load_address>
         <run_address>0x82efc</run_address>
         <size>0x17</size>
         <input_file_ref idref="fl-3a"/>
      </object_component>
      <object_component id="oc-88">
         <name>.text</name>
         <load_address>0x82f13</load_address>
         <run_address>0x82f13</run_address>
         <size>0x17</size>
         <input_file_ref idref="fl-41"/>
      </object_component>
      <object_component id="oc-59d">
         <name>.text:ADC_setInterruptPulseMode</name>
         <load_address>0x82f2a</load_address>
         <run_address>0x82f2a</run_address>
         <size>0x16</size>
         <input_file_ref idref="fl-2"/>
      </object_component>
      <object_component id="oc-597">
         <name>.text:ADC_setPrescaler</name>
         <load_address>0x82f40</load_address>
         <run_address>0x82f40</run_address>
         <size>0x16</size>
         <input_file_ref idref="fl-2"/>
      </object_component>
      <object_component id="oc-54c">
         <name>.text:DCC_disableDoneSignal</name>
         <load_address>0x82f56</load_address>
         <run_address>0x82f56</run_address>
         <size>0x16</size>
         <input_file_ref idref="fl-2d"/>
      </object_component>
      <object_component id="oc-570">
         <name>.text:DCC_enableDoneSignal</name>
         <load_address>0x82f6c</load_address>
         <run_address>0x82f6c</run_address>
         <size>0x16</size>
         <input_file_ref idref="fl-2d"/>
      </object_component>
      <object_component id="oc-41">
         <name>.text:Interrupt_defaultHandler</name>
         <load_address>0x82f82</load_address>
         <run_address>0x82f82</run_address>
         <size>0x16</size>
         <input_file_ref idref="fl-2b"/>
      </object_component>
      <object_component id="oc-500">
         <name>.text:OLED_Set_Pos</name>
         <load_address>0x82f98</load_address>
         <run_address>0x82f98</run_address>
         <size>0x16</size>
         <input_file_ref idref="fl-17"/>
      </object_component>
      <object_component id="oc-4e2">
         <name>.text</name>
         <load_address>0x82fae</load_address>
         <run_address>0x82fae</run_address>
         <size>0x16</size>
         <input_file_ref idref="fl-42"/>
      </object_component>
      <object_component id="oc-5a9">
         <name>.text:ADC_disableBurstMode</name>
         <load_address>0x82fc4</load_address>
         <run_address>0x82fc4</run_address>
         <size>0x15</size>
         <input_file_ref idref="fl-2"/>
      </object_component>
      <object_component id="oc-3a9">
         <name>.text:CAN_isBaseValid</name>
         <load_address>0x82fd9</load_address>
         <run_address>0x82fd9</run_address>
         <size>0x15</size>
         <input_file_ref idref="fl-3"/>
      </object_component>
      <object_component id="oc-41d">
         <name>.text:EPWM_setTimeBaseCounter</name>
         <load_address>0x82fee</load_address>
         <run_address>0x82fee</run_address>
         <size>0x12</size>
         <input_file_ref idref="fl-2"/>
      </object_component>
      <object_component id="oc-53a">
         <name>.text:DCC_clearDoneFlag</name>
         <load_address>0x83000</load_address>
         <run_address>0x83000</run_address>
         <size>0x15</size>
         <input_file_ref idref="fl-2d"/>
      </object_component>
      <object_component id="oc-534">
         <name>.text:DCC_clearErrorFlag</name>
         <load_address>0x83015</load_address>
         <run_address>0x83015</run_address>
         <size>0x15</size>
         <input_file_ref idref="fl-2d"/>
      </object_component>
      <object_component id="oc-546">
         <name>.text:DCC_disableErrorSignal</name>
         <load_address>0x8302a</load_address>
         <run_address>0x8302a</run_address>
         <size>0x15</size>
         <input_file_ref idref="fl-2d"/>
      </object_component>
      <object_component id="oc-56a">
         <name>.text:DCC_enableErrorSignal</name>
         <load_address>0x8303f</load_address>
         <run_address>0x8303f</run_address>
         <size>0x15</size>
         <input_file_ref idref="fl-2d"/>
      </object_component>
      <object_component id="oc-33c">
         <name>.text:oled_pow</name>
         <load_address>0x83054</load_address>
         <run_address>0x83054</run_address>
         <size>0x15</size>
         <input_file_ref idref="fl-17"/>
      </object_component>
      <object_component id="oc-540">
         <name>.text:DCC_disableModule</name>
         <load_address>0x83069</load_address>
         <run_address>0x83069</run_address>
         <size>0x14</size>
         <input_file_ref idref="fl-2d"/>
      </object_component>
      <object_component id="oc-576">
         <name>.text:DCC_enableModule</name>
         <load_address>0x8307d</load_address>
         <run_address>0x8307d</run_address>
         <size>0x14</size>
         <input_file_ref idref="fl-2d"/>
      </object_component>
      <object_component id="oc-423">
         <name>.text:EPWM_setTimeBaseCounterMode</name>
         <load_address>0x83091</load_address>
         <run_address>0x83091</run_address>
         <size>0x14</size>
         <input_file_ref idref="fl-2"/>
      </object_component>
      <object_component id="oc-417">
         <name>.text:EPWM_setTimeBasePeriod</name>
         <load_address>0x830a5</load_address>
         <run_address>0x830a5</run_address>
         <size>0x14</size>
         <input_file_ref idref="fl-2"/>
      </object_component>
      <object_component id="oc-6d4">
         <name>.text:GPIO_isPinValid</name>
         <load_address>0x830b9</load_address>
         <run_address>0x830b9</run_address>
         <size>0x14</size>
         <input_file_ref idref="fl-2"/>
      </object_component>
      <object_component id="oc-3b3">
         <name>.text:GPIO_isPinValid</name>
         <load_address>0x830cd</load_address>
         <run_address>0x830cd</run_address>
         <size>0x14</size>
         <input_file_ref idref="fl-29"/>
      </object_component>
      <object_component id="oc-119">
         <name>.text:GPIO_isPinValid</name>
         <load_address>0x830e1</load_address>
         <run_address>0x830e1</run_address>
         <size>0x14</size>
         <input_file_ref idref="fl-18"/>
      </object_component>
      <object_component id="oc-683">
         <name>.text:I2C_putData</name>
         <load_address>0x830f5</load_address>
         <run_address>0x830f5</run_address>
         <size>0x14</size>
         <input_file_ref idref="fl-17"/>
      </object_component>
      <object_component id="oc-16f">
         <name>.text:SCI_getRxFIFOStatus</name>
         <load_address>0x83109</load_address>
         <run_address>0x83109</run_address>
         <size>0x14</size>
         <input_file_ref idref="fl-18"/>
      </object_component>
      <object_component id="oc-17c">
         <name>.text:SCI_getTxFIFOStatus</name>
         <load_address>0x8311d</load_address>
         <run_address>0x8311d</run_address>
         <size>0x14</size>
         <input_file_ref idref="fl-2c"/>
      </object_component>
      <object_component id="oc-189">
         <name>.text:SCI_getTxFIFOStatus</name>
         <load_address>0x83131</load_address>
         <run_address>0x83131</run_address>
         <size>0x14</size>
         <input_file_ref idref="fl-18"/>
      </object_component>
      <object_component id="oc-3d1">
         <name>.text:SysCtl_setPeripheralAccessControl</name>
         <load_address>0x83145</load_address>
         <run_address>0x83145</run_address>
         <size>0x14</size>
         <input_file_ref idref="fl-2"/>
      </object_component>
      <object_component id="oc-4b4">
         <name>.text:myBoardLED0_GPIO_init</name>
         <load_address>0x83159</load_address>
         <run_address>0x83159</run_address>
         <size>0x14</size>
         <input_file_ref idref="fl-2"/>
      </object_component>
      <object_component id="oc-4ba">
         <name>.text:myGPIOOutput0_init</name>
         <load_address>0x8316d</load_address>
         <run_address>0x8316d</run_address>
         <size>0x14</size>
         <input_file_ref idref="fl-2"/>
      </object_component>
      <object_component id="oc-5a3">
         <name>.text:ADC_enableConverter</name>
         <load_address>0x83181</load_address>
         <run_address>0x83181</run_address>
         <size>0x13</size>
         <input_file_ref idref="fl-2"/>
      </object_component>
      <object_component id="oc-b0">
         <name>.text:EPWM_clearEventTriggerInterruptFlag</name>
         <load_address>0x83194</load_address>
         <run_address>0x83194</run_address>
         <size>0x13</size>
         <input_file_ref idref="fl-18"/>
      </object_component>
      <object_component id="oc-489">
         <name>.text:EPWM_enableInterrupt</name>
         <load_address>0x831a7</load_address>
         <run_address>0x831a7</run_address>
         <size>0x13</size>
         <input_file_ref idref="fl-2"/>
      </object_component>
      <object_component id="oc-60c">
         <name>.text:I2C_disableLoopback</name>
         <load_address>0x831ba</load_address>
         <run_address>0x831ba</run_address>
         <size>0x13</size>
         <input_file_ref idref="fl-2"/>
      </object_component>
      <object_component id="oc-5f4">
         <name>.text:I2C_disableModule</name>
         <load_address>0x831cd</load_address>
         <run_address>0x831cd</run_address>
         <size>0x13</size>
         <input_file_ref idref="fl-2"/>
      </object_component>
      <object_component id="oc-636">
         <name>.text:I2C_enableModule</name>
         <load_address>0x831e0</load_address>
         <run_address>0x831e0</run_address>
         <size>0x13</size>
         <input_file_ref idref="fl-2"/>
      </object_component>
      <object_component id="oc-68f">
         <name>.text:I2C_sendStartCondition</name>
         <load_address>0x831f3</load_address>
         <run_address>0x831f3</run_address>
         <size>0x13</size>
         <input_file_ref idref="fl-17"/>
      </object_component>
      <object_component id="oc-695">
         <name>.text:I2C_sendStopCondition</name>
         <load_address>0x83206</load_address>
         <run_address>0x83206</run_address>
         <size>0x13</size>
         <input_file_ref idref="fl-17"/>
      </object_component>
      <object_component id="oc-63d">
         <name>.text:SCI_clearOverflowStatus</name>
         <load_address>0x83219</load_address>
         <run_address>0x83219</run_address>
         <size>0x13</size>
         <input_file_ref idref="fl-2"/>
      </object_component>
      <object_component id="oc-673">
         <name>.text:SCI_enableModule</name>
         <load_address>0x8322c</load_address>
         <run_address>0x8322c</run_address>
         <size>0x13</size>
         <input_file_ref idref="fl-2"/>
      </object_component>
      <object_component id="oc-705">
         <name>.text:SCI_enableModule</name>
         <load_address>0x8323f</load_address>
         <run_address>0x8323f</run_address>
         <size>0x13</size>
         <input_file_ref idref="fl-2c"/>
      </object_component>
      <object_component id="oc-6f5">
         <name>.text:SCI_isBaseValid</name>
         <load_address>0x83252</load_address>
         <run_address>0x83252</run_address>
         <size>0x13</size>
         <input_file_ref idref="fl-2"/>
      </object_component>
      <object_component id="oc-159">
         <name>.text:SCI_isBaseValid</name>
         <load_address>0x83265</load_address>
         <run_address>0x83265</run_address>
         <size>0x13</size>
         <input_file_ref idref="fl-2c"/>
      </object_component>
      <object_component id="oc-163">
         <name>.text:SCI_isBaseValid</name>
         <load_address>0x83278</load_address>
         <run_address>0x83278</run_address>
         <size>0x13</size>
         <input_file_ref idref="fl-18"/>
      </object_component>
      <object_component id="oc-618">
         <name>.text:I2C_setDataCount</name>
         <load_address>0x8328b</load_address>
         <run_address>0x8328b</run_address>
         <size>0x12</size>
         <input_file_ref idref="fl-2"/>
      </object_component>
      <object_component id="oc-67d">
         <name>.text:I2C_setDataCount</name>
         <load_address>0x8329d</load_address>
         <run_address>0x8329d</run_address>
         <size>0x12</size>
         <input_file_ref idref="fl-17"/>
      </object_component>
      <object_component id="oc-3e4">
         <name>.text:SysCtl_setSyncOutputConfig</name>
         <load_address>0x832af</load_address>
         <run_address>0x832af</run_address>
         <size>0x12</size>
         <input_file_ref idref="fl-2"/>
      </object_component>
      <object_component id="oc-429">
         <name>.text:EPWM_disablePhaseShiftLoad</name>
         <load_address>0x832c1</load_address>
         <run_address>0x832c1</run_address>
         <size>0x11</size>
         <input_file_ref idref="fl-2"/>
      </object_component>
      <object_component id="oc-65b">
         <name>.text:SCI_disableLoopback</name>
         <load_address>0x832d2</load_address>
         <run_address>0x832d2</run_address>
         <size>0x11</size>
         <input_file_ref idref="fl-2"/>
      </object_component>
      <object_component id="oc-6b1">
         <name>.text:DCC_isBaseValid</name>
         <load_address>0x832e3</load_address>
         <run_address>0x832e3</run_address>
         <size>0x10</size>
         <input_file_ref idref="fl-2d"/>
      </object_component>
      <object_component id="oc-354">
         <name>.text:Flash_isCtrlBaseValid</name>
         <load_address>0x832f3</load_address>
         <run_address>0x832f3</run_address>
         <size>0x10</size>
         <input_file_ref idref="fl-28"/>
      </object_component>
      <object_component id="oc-35b">
         <name>.text:Flash_isECCBaseValid</name>
         <load_address>0x83303</load_address>
         <run_address>0x83303</run_address>
         <size>0x10</size>
         <input_file_ref idref="fl-28"/>
      </object_component>
      <object_component id="oc-169">
         <name>.text:SCI_getRxStatus</name>
         <load_address>0x83313</load_address>
         <run_address>0x83313</run_address>
         <size>0x10</size>
         <input_file_ref idref="fl-18"/>
      </object_component>
      <object_component id="oc-2bd">
         <name>.text:ASysCtl_disableDCDC</name>
         <load_address>0x83323</load_address>
         <run_address>0x83323</run_address>
         <size>0xf</size>
         <input_file_ref idref="fl-3"/>
      </object_component>
      <object_component id="oc-6db">
         <name>.text:I2C_isBaseValid</name>
         <load_address>0x83332</load_address>
         <run_address>0x83332</run_address>
         <size>0xf</size>
         <input_file_ref idref="fl-2"/>
      </object_component>
      <object_component id="oc-6e2">
         <name>.text:I2C_isBaseValid</name>
         <load_address>0x83341</load_address>
         <run_address>0x83341</run_address>
         <size>0xf</size>
         <input_file_ref idref="fl-2a"/>
      </object_component>
      <object_component id="oc-711">
         <name>.text:I2C_isBaseValid</name>
         <load_address>0x83350</load_address>
         <run_address>0x83350</run_address>
         <size>0xf</size>
         <input_file_ref idref="fl-17"/>
      </object_component>
      <object_component id="oc-bc">
         <name>.text:Interrupt_register</name>
         <load_address>0x8335f</load_address>
         <run_address>0x8335f</run_address>
         <size>0xf</size>
         <input_file_ref idref="fl-2"/>
      </object_component>
      <object_component id="oc-31f">
         <name>.text:OLED_WR_Byte</name>
         <load_address>0x8336e</load_address>
         <run_address>0x8336e</run_address>
         <size>0xe</size>
         <input_file_ref idref="fl-17"/>
      </object_component>
      <object_component id="oc-9d">
         <name>.text</name>
         <load_address>0x8337c</load_address>
         <run_address>0x8337c</run_address>
         <size>0xe</size>
         <input_file_ref idref="fl-3c"/>
      </object_component>
      <object_component id="oc-13f">
         <name>.text:Interrupt_disableGlobal</name>
         <load_address>0x8338a</load_address>
         <run_address>0x8338a</run_address>
         <size>0xd</size>
         <input_file_ref idref="fl-2b"/>
      </object_component>
      <object_component id="oc-14b">
         <name>.text:Interrupt_enableGlobal</name>
         <load_address>0x83397</load_address>
         <run_address>0x83397</run_address>
         <size>0xd</size>
         <input_file_ref idref="fl-2b"/>
      </object_component>
      <object_component id="oc-2a4">
         <name>.text:SysCtl_setLowSpeedClock</name>
         <load_address>0x833a4</load_address>
         <run_address>0x833a4</run_address>
         <size>0xd</size>
         <input_file_ref idref="fl-3"/>
      </object_component>
      <object_component id="oc-64">
         <name>.text:decompress:ZI:__TI_zero_init_nomemset</name>
         <load_address>0x833b1</load_address>
         <run_address>0x833b1</run_address>
         <size>0xd</size>
         <input_file_ref idref="fl-49"/>
      </object_component>
      <object_component id="oc-3f0">
         <name>.text:SysCtl_enableExtADCSOCSource</name>
         <load_address>0x833be</load_address>
         <run_address>0x833be</run_address>
         <size>0xc</size>
         <input_file_ref idref="fl-2"/>
      </object_component>
      <object_component id="oc-1a9">
         <name>.text</name>
         <load_address>0x833ca</load_address>
         <run_address>0x833ca</run_address>
         <size>0xc</size>
         <input_file_ref idref="fl-4e"/>
      </object_component>
      <object_component id="oc-394">
         <name>.text:SysCtl_isMCDClockFailureDetected</name>
         <load_address>0x833d6</load_address>
         <run_address>0x833d6</run_address>
         <size>0xb</size>
         <input_file_ref idref="fl-2d"/>
      </object_component>
      <object_component id="oc-26d">
         <name>.text</name>
         <load_address>0x833e1</load_address>
         <run_address>0x833e1</run_address>
         <size>0xb</size>
         <input_file_ref idref="fl-40"/>
      </object_component>
      <object_component id="oc-4d">
         <name>.text:Interrupt_illegalOperationHandler</name>
         <load_address>0x833ec</load_address>
         <run_address>0x833ec</run_address>
         <size>0xa</size>
         <input_file_ref idref="fl-2b"/>
      </object_component>
      <object_component id="oc-53">
         <name>.text:Interrupt_nmiHandler</name>
         <load_address>0x833f6</load_address>
         <run_address>0x833f6</run_address>
         <size>0xa</size>
         <input_file_ref idref="fl-2b"/>
      </object_component>
      <object_component id="oc-2fc">
         <name>.text:GPIO_init</name>
         <load_address>0x83400</load_address>
         <run_address>0x83400</run_address>
         <size>0x9</size>
         <input_file_ref idref="fl-2"/>
      </object_component>
      <object_component id="oc-279">
         <name>.text</name>
         <load_address>0x83409</load_address>
         <run_address>0x83409</run_address>
         <size>0x9</size>
         <input_file_ref idref="fl-4d"/>
      </object_component>
      <object_component id="oc-28c">
         <name>.text:SysCtl_disableWatchdog</name>
         <load_address>0x83412</load_address>
         <run_address>0x83412</run_address>
         <size>0x8</size>
         <input_file_ref idref="fl-3"/>
      </object_component>
      <object_component id="oc-17">
         <name>.text:decompress:none</name>
         <load_address>0x8341a</load_address>
         <run_address>0x8341a</run_address>
         <size>0x8</size>
         <input_file_ref idref="fl-4a"/>
      </object_component>
      <object_component id="oc-70">
         <name>.text</name>
         <load_address>0x83422</load_address>
         <run_address>0x83422</run_address>
         <size>0x8</size>
         <input_file_ref idref="fl-6"/>
      </object_component>
      <object_component id="oc-3f7">
         <name>.text:ASysCtl_disableTemperatureSensor</name>
         <load_address>0x8342a</load_address>
         <run_address>0x8342a</run_address>
         <size>0x7</size>
         <input_file_ref idref="fl-2"/>
      </object_component>
      <object_component id="oc-3cb">
         <name>.text:SysCtl_disableMCD</name>
         <load_address>0x83431</load_address>
         <run_address>0x83431</run_address>
         <size>0x7</size>
         <input_file_ref idref="fl-2"/>
      </object_component>
      <object_component id="oc-6a8">
         <name>.text:SysCtl_resetMCD</name>
         <load_address>0x83438</load_address>
         <run_address>0x83438</run_address>
         <size>0x7</size>
         <input_file_ref idref="fl-2d"/>
      </object_component>
      <object_component id="oc-11f">
         <name>.text:__error__</name>
         <load_address>0x8343f</load_address>
         <run_address>0x8343f</run_address>
         <size>0x7</size>
         <input_file_ref idref="fl-3"/>
      </object_component>
      <object_component id="oc-2ea">
         <name>.text:ASYSCTL_init</name>
         <load_address>0x83446</load_address>
         <run_address>0x83446</run_address>
         <size>0x6</size>
         <input_file_ref idref="fl-2"/>
      </object_component>
      <object_component id="oc-b6">
         <name>.text:Interrupt_clearACKGroup</name>
         <load_address>0x8344c</load_address>
         <run_address>0x8344c</run_address>
         <size>0x6</size>
         <input_file_ref idref="fl-18"/>
      </object_component>
      <object_component id="oc-2f0">
         <name>.text:ADC_init</name>
         <load_address>0x83452</load_address>
         <run_address>0x83452</run_address>
         <size>0x5</size>
         <input_file_ref idref="fl-2"/>
      </object_component>
      <object_component id="oc-246">
         <name>.text:C2000Ware_libraries_init</name>
         <load_address>0x83457</load_address>
         <run_address>0x83457</run_address>
         <size>0x3</size>
         <input_file_ref idref="fl-5"/>
      </object_component>
      <object_component id="oc-30f">
         <name>.text:CONTROLLER_init</name>
         <load_address>0x8345a</load_address>
         <run_address>0x8345a</run_address>
         <size>0x3</size>
         <input_file_ref idref="fl-5"/>
      </object_component>
      <object_component id="oc-302">
         <name>.text:I2C_init</name>
         <load_address>0x8345d</load_address>
         <run_address>0x8345d</run_address>
         <size>0x3</size>
         <input_file_ref idref="fl-2"/>
      </object_component>
      <object_component id="oc-308">
         <name>.text:SCI_init</name>
         <load_address>0x83460</load_address>
         <run_address>0x83460</run_address>
         <size>0x3</size>
         <input_file_ref idref="fl-2"/>
      </object_component>
      <object_component id="oc-1a2">
         <name>.text</name>
         <load_address>0x83463</load_address>
         <run_address>0x83463</run_address>
         <size>0x2</size>
         <input_file_ref idref="fl-47"/>
      </object_component>
      <object_component id="oc-292">
         <name>.text:CMD_init</name>
         <load_address>0x83465</load_address>
         <run_address>0x83465</run_address>
         <size>0x1</size>
         <input_file_ref idref="fl-4"/>
      </object_component>
      <object_component id="oc-219">
         <name>.text</name>
         <load_address>0x83466</load_address>
         <run_address>0x83466</run_address>
         <size>0x1</size>
         <input_file_ref idref="fl-5b"/>
      </object_component>
      <object_component id="oc-761">
         <name>.cinit..data.load</name>
         <load_address>0x83468</load_address>
         <run_address>0x83468</run_address>
         <size>0x22</size>
      </object_component>
      <object_component id="oc-75e">
         <name>__TI_handler_table</name>
         <load_address>0x8348a</load_address>
         <run_address>0x8348a</run_address>
         <size>0x6</size>
      </object_component>
      <object_component id="oc-760">
         <name>.cinit..bss.load</name>
         <load_address>0x83490</load_address>
         <run_address>0x83490</run_address>
         <size>0x4</size>
      </object_component>
      <object_component id="oc-75f">
         <name>__TI_cinit_table</name>
         <load_address>0x83494</load_address>
         <run_address>0x83494</run_address>
         <size>0x8</size>
      </object_component>
      <object_component id="oc-59">
         <name>.stack</name>
         <uninitialized>true</uninitialized>
         <run_address>0x400</run_address>
         <size>0x0</size>
         <input_file_ref idref="fl-3a"/>
      </object_component>
      <object_component id="oc-762">
         <name>.stack</name>
         <uninitialized>true</uninitialized>
         <run_address>0x400</run_address>
         <size>0x0</size>
      </object_component>
      <object_component id="oc-298">
         <name>.TI.ramfunc:Flash_initModule</name>
         <load_address>0x81000</load_address>
         <run_address>0x8000</run_address>
         <size>0x44</size>
         <input_file_ref idref="fl-28"/>
      </object_component>
      <object_component id="oc-361">
         <name>.TI.ramfunc:Flash_setBankPowerMode</name>
         <load_address>0x81044</load_address>
         <run_address>0x8044</run_address>
         <size>0x2c</size>
         <input_file_ref idref="fl-28"/>
      </object_component>
      <object_component id="oc-379">
         <name>.TI.ramfunc:Flash_setWaitstates</name>
         <load_address>0x81070</load_address>
         <run_address>0x8070</run_address>
         <size>0x24</size>
         <input_file_ref idref="fl-28"/>
      </object_component>
      <object_component id="oc-367">
         <name>.TI.ramfunc:Flash_setPumpPowerMode</name>
         <load_address>0x81094</load_address>
         <run_address>0x8094</run_address>
         <size>0x1d</size>
         <input_file_ref idref="fl-28"/>
      </object_component>
      <object_component id="oc-36d">
         <name>.TI.ramfunc:Flash_disableCache</name>
         <load_address>0x810b1</load_address>
         <run_address>0x80b1</run_address>
         <size>0x18</size>
         <input_file_ref idref="fl-28"/>
      </object_component>
[...]
         <name>__TI_prof_data_size</name>
         <value>0xffffffff</value>
      </symbol>
      <symbol id="sm-364">
         <name>I2C_init</name>
         <value>0x8345d</value>
         <object_component_ref idref="oc-302"/>
      </symbol>
      <symbol id="sm-365">
         <name>myGPIOOutput0_init</name>
         <value>0x8316d</value>
         <object_component_ref idref="oc-4ba"/>
      </symbol>
      <symbol id="sm-366">
         <name>myGPIOLED_init</name>
         <value>0x82d38</value>
         <object_component_ref idref="oc-4c6"/>
      </symbol>
      <symbol id="sm-367">
         <name>INTERRUPT_init</name>
         <value>0x82846</value>
         <object_component_ref idref="oc-2a"/>
      </symbol>
      <symbol id="sm-368">
         <name>PinMux_init</name>
         <value>0x81bc8</value>
         <object_component_ref idref="oc-2d8"/>
      </symbol>
      <symbol id="sm-369">
         <name>SCI_init</name>
         <value>0x83460</value>
         <object_component_ref idref="oc-308"/>
      </symbol>
      <symbol id="sm-36a">
         <name>Board_init</name>
         <value>0x82ea0</value>
         <object_component_ref idref="oc-240"/>
      </symbol>
      <symbol id="sm-36b">
         <name>myI2C0_init</name>
         <value>0x81f92</value>
         <object_component_ref idref="oc-4cd"/>
      </symbol>
      <symbol id="sm-36c">
         <name>GPIO_init</name>
         <value>0x83400</value>
         <object_component_ref idref="oc-2fc"/>
      </symbol>
      <symbol id="sm-36d">
         <name>myBoardLED0_GPIO_init</name>
         <value>0x83159</value>
         <object_component_ref idref="oc-4b4"/>
      </symbol>
      <symbol id="sm-36e">
         <name>SYSCTL_init</name>
         <value>0x8112c</value>
         <object_component_ref idref="oc-2de"/>
      </symbol>
      <symbol id="sm-36f">
         <name>ADC_init</name>
         <value>0x83452</value>
         <object_component_ref idref="oc-2f0"/>
      </symbol>
      <symbol id="sm-370">
         <name>myADC0_init</name>
         <value>0x81e5f</value>
         <object_component_ref idref="oc-404"/>
      </symbol>
      <symbol id="sm-371">
         <name>myADC1_init</name>
         <value>0x821d7</value>
         <object_component_ref idref="oc-40a"/>
      </symbol>
      <symbol id="sm-372">
         <name>SYNC_init</name>
         <value>0x82ae2</value>
         <object_component_ref idref="oc-2e4"/>
      </symbol>
      <symbol id="sm-373">
         <name>EPWM_init</name>
         <value>0x81501</value>
         <object_component_ref idref="oc-2f6"/>
      </symbol>
      <symbol id="sm-374">
         <name>myGPIOEnable_init</name>
         <value>0x82d1f</value>
         <object_component_ref idref="oc-4c0"/>
      </symbol>
      <symbol id="sm-375">
         <name>mySCI0_init</name>
         <value>0x82311</value>
         <object_component_ref idref="oc-4d4"/>
      </symbol>
      <symbol id="sm-376">
         <name>ASYSCTL_init</name>
         <value>0x83446</value>
         <object_component_ref idref="oc-2ea"/>
      </symbol>
      <symbol id="sm-3bf">
         <name>Device_init</name>
         <value>0x81d55</value>
         <object_component_ref idref="oc-22e"/>
      </symbol>
      <symbol id="sm-3c0">
         <name>__error__</name>
         <value>0x8343f</value>
         <object_component_ref idref="oc-11f"/>
      </symbol>
      <symbol id="sm-3cd">
         <name>CMD_init</name>
         <value>0x83465</value>
         <object_component_ref idref="oc-292"/>
      </symbol>
      <symbol id="sm-3ed">
         <name>CONTROLLER_init</name>
         <value>0x8345a</value>
         <object_component_ref idref="oc-30f"/>
      </symbol>
      <symbol id="sm-3ee">
         <name>C2000Ware_libraries_init</name>
         <value>0x83457</value>
         <object_component_ref idref="oc-246"/>
      </symbol>
      <symbol id="sm-3ef">
         <name>myCONTROLLER0_sps</name>
         <value>0x28a</value>
         <object_component_ref idref="oc-a2"/>
      </symbol>
      <symbol id="sm-3f0">
         <name>myCONTROLLER0_init</name>
         <value>0x825d6</value>
         <object_component_ref idref="oc-4db"/>
      </symbol>
      <symbol id="sm-3f1">
         <name>myCONTROLLER0_css</name>
         <value>0x280</value>
         <object_component_ref idref="oc-a2"/>
      </symbol>
      <symbol id="sm-3f2">
         <name>myCONTROLLER0</name>
         <value>0x296</value>
         <object_component_ref idref="oc-a2"/>
      </symbol>
      <symbol id="sm-401">
         <name>code_start</name>
         <value>0x80000</value>
         <object_component_ref idref="oc-1e"/>
      </symbol>
      <symbol id="sm-413">
         <name>DCL_runPI_C1</name>
         <value>0x2e0</value>
         <object_component_ref idref="oc-a5"/>
      </symbol>
      <symbol id="sm-4d6">
         <name>Write_IIC_Data</name>
         <value>0x82890</value>
         <object_component_ref idref="oc-4ee"/>
      </symbol>
      <symbol id="sm-4d7">
         <name>Delay_ms</name>
         <value>0x82542</value>
         <object_component_ref idref="oc-319"/>
      </symbol>
      <symbol id="sm-4d8">
         <name>OLED_ShowNum</name>
         <value>0x82113</value>
         <object_component_ref idref="oc-267"/>
      </symbol>
      <symbol id="sm-4d9">
         <name>Write_IIC_Command</name>
         <value>0x8286b</value>
         <object_component_ref idref="oc-4f4"/>
      </symbol>
      <symbol id="sm-4da">
         <name>OLED_WR_Byte</name>
         <value>0x8336e</value>
         <object_component_ref idref="oc-31f"/>
      </symbol>
      <symbol id="sm-4db">
         <name>F8X16</name>
         <value>0x84000</value>
         <object_component_ref idref="oc-506"/>
      </symbol>
      <symbol id="sm-4dc">
         <name>OLED_ShowString</name>
         <value>0x82be4</value>
         <object_component_ref idref="oc-32e"/>
      </symbol>
      <symbol id="sm-4dd">
         <name>OLED_ShowChar</name>
         <value>0x81db1</value>
         <object_component_ref idref="oc-334"/>
      </symbol>
      <symbol id="sm-4de">
         <name>Oled_Init</name>
         <value>0x81a68</value>
         <object_component_ref idref="oc-255"/>
      </symbol>
      <symbol id="sm-4df">
         <name>OLED_Clear</name>
         <value>0x82921</value>
         <object_component_ref idref="oc-325"/>
      </symbol>
      <symbol id="sm-4e0">
         <name>oled_pow</name>
         <value>0x83054</value>
         <object_component_ref idref="oc-33c"/>
      </symbol>
      <symbol id="sm-4e1">
         <name>OLED_DISPLAY_INT</name>
         <value>0x82155</value>
         <object_component_ref idref="oc-25b"/>
      </symbol>
      <symbol id="sm-4e2">
         <name>F6x8</name>
         <value>0x845f0</value>
         <object_component_ref idref="oc-509"/>
      </symbol>
      <symbol id="sm-4e3">
         <name>OLED_Set_Pos</name>
         <value>0x82f98</value>
         <object_component_ref idref="oc-500"/>
      </symbol>
      <symbol id="sm-5bf">
         <name>INT_mySCI0_RX_ISR</name>
         <value>0x81c94</value>
         <object_component_ref idref="oc-3b"/>
      </symbol>
      <symbol id="sm-5c0">
         <name>INT_mySCI0_TX_ISR</name>
         <value>0x823c2</value>
         <object_component_ref idref="oc-35"/>
      </symbol>
      <symbol id="sm-5c1">
         <name>pwmSignal</name>
         <value>0x2d2</value>
         <object_component_ref idref="oc-76"/>
      </symbol>
      <symbol id="sm-5c2">
         <name>I_L_temp</name>
         <value>0x2ca</value>
         <object_component_ref idref="oc-76"/>
      </symbol>
      <symbol id="sm-5c3">
         <name>msg</name>
         <value>0xa804</value>
         <object_component_ref idref="oc-79"/>
      </symbol>
      <symbol id="sm-5c4">
         <name>main</name>
         <value>0x8178f</value>
         <object_component_ref idref="oc-203"/>
      </symbol>
      <symbol id="sm-5c5">
         <name>myADC0Results</name>
         <value>0xa806</value>
         <object_component_ref idref="oc-252"/>
      </symbol>
      <symbol id="sm-5c6">
         <name>index</name>
         <value>0xa800</value>
         <object_component_ref idref="oc-79"/>
      </symbol>
      <symbol id="sm-5c7">
         <name>bufferFull</name>
         <value>0xa801</value>
         <object_component_ref idref="oc-79"/>
      </symbol>
      <symbol id="sm-5c8">
         <name>LOOP_counter</name>
         <value>0x2d0</value>
         <object_component_ref idref="oc-76"/>
      </symbol>
      <symbol id="sm-5c9">
         <name>isr_counter</name>
         <value>0x2c4</value>
         <object_component_ref idref="oc-76"/>
      </symbol>
      <symbol id="sm-5ca">
         <name>counter</name>
         <value>0x2c0</value>
         <object_component_ref idref="oc-76"/>
      </symbol>
      <symbol id="sm-5cb">
         <name>Vout_temp</name>
         <value>0x2cc</value>
         <object_component_ref idref="oc-76"/>
      </symbol>
      <symbol id="sm-5cc">
         <name>INT_myEPWM0_ISR</name>
         <value>0xf5</value>
         <object_component_ref idref="oc-29"/>
      </symbol>
      <symbol id="sm-5cd">
         <name>Sample_Temp</name>
         <value>0xa802</value>
         <object_component_ref idref="oc-79"/>
      </symbol>
      <symbol id="sm-5ce">
         <name>compBValue</name>
         <value>0x2c2</value>
         <object_component_ref idref="oc-76"/>
      </symbol>
      <symbol id="sm-5cf">
         <name>I_out_temp</name>
         <value>0x2ce</value>
         <object_component_ref idref="oc-76"/>
      </symbol>
      <symbol id="sm-5d0">
         <name>Vin_temp</name>
         <value>0x2c6</value>
         <object_component_ref idref="oc-76"/>
      </symbol>
      <symbol id="sm-5d1">
         <name>I_in_temp</name>
         <value>0x2c8</value>
         <object_component_ref idref="oc-76"/>
      </symbol>
      <symbol id="sm-5d2">
         <name>time_flag</name>
         <value>0x2c1</value>
         <object_component_ref idref="oc-76"/>
      </symbol>
      <symbol id="sm-5e2">
         <name>ADC_setOffsetTrimAll</name>
         <value>0x81fd8</value>
         <object_component_ref idref="oc-591"/>
      </symbol>
      <symbol id="sm-653">
         <name>Flash_initModule</name>
         <value>0x8000</value>
         <object_component_ref idref="oc-298"/>
      </symbol>
      <symbol id="sm-6a1">
         <name>GPIO_setQualificationMode</name>
         <value>0x82468</value>
         <object_component_ref idref="oc-3c4"/>
      </symbol>
      <symbol id="sm-6a2">
         <name>GPIO_setPadConfig</name>
         <value>0x81e0d</value>
         <object_component_ref idref="oc-2c3"/>
      </symbol>
      <symbol id="sm-6a3">
         <name>GPIO_setAnalogMode</name>
         <value>0x82388</value>
         <object_component_ref idref="oc-2cf"/>
      </symbol>
      <symbol id="sm-6a4">
         <name>GPIO_setDirectionMode</name>
         <value>0x82575</value>
         <object_component_ref idref="oc-2c9"/>
      </symbol>
      <symbol id="sm-6a5">
         <name>GPIO_setPinConfig</name>
         <value>0x82431</value>
         <object_component_ref idref="oc-3be"/>
      </symbol>
      <symbol id="sm-6a6">
         <name>GPIO_setControllerCore</name>
         <value>0x823fa</value>
         <object_component_ref idref="oc-5e4"/>
      </symbol>
      <symbol id="sm-6c8">
         <name>I2C_initController</name>
         <value>0x81c30</value>
         <object_component_ref idref="oc-5fa"/>
      </symbol>
      <symbol id="sm-741">
         <name>Interrupt_defaultHandler</name>
         <value>0x82f82</value>
         <object_component_ref idref="oc-41"/>
      </symbol>
      <symbol id="sm-742">
         <name>Interrupt_disable</name>
         <value>0x81eb0</value>
         <object_component_ref idref="oc-c2"/>
      </symbol>
      <symbol id="sm-743">
         <name>Interrupt_initModule</name>
         <value>0x822d4</value>
         <object_component_ref idref="oc-234"/>
      </symbol>
      <symbol id="sm-744">
         <name>Interrupt_nmiHandler</name>
         <value>0x833f6</value>
         <object_component_ref idref="oc-53"/>
      </symbol>
      <symbol id="sm-745">
         <name>Interrupt_enable</name>
         <value>0x8249f</value>
         <object_component_ref idref="oc-c8"/>
      </symbol>
      <symbol id="sm-746">
         <name>Interrupt_initVectorTable</name>
         <value>0x82aa6</value>
         <object_component_ref idref="oc-42"/>
      </symbol>
      <symbol id="sm-747">
         <name>Interrupt_illegalOperationHandler</name>
         <value>0x833ec</value>
         <object_component_ref idref="oc-4d"/>
      </symbol>
      <symbol id="sm-7d2">
         <name>SCI_clearInterruptStatus</name>
         <value>0x82000</value>
         <object_component_ref idref="oc-f2"/>
      </symbol>
      <symbol id="sm-7d3">
         <name>SCI_writeCharArray</name>
         <value>0x82196</value>
         <object_component_ref idref="oc-e6"/>
      </symbol>
      <symbol id="sm-7d4">
         <name>SCI_disableInterrupt</name>
         <value>0x82045</value>
         <object_component_ref idref="oc-d2"/>
      </symbol>
      <symbol id="sm-7d5">
         <name>SCI_setConfig</name>
         <value>0x82296</value>
         <object_component_ref idref="oc-655"/>
      </symbol>
      <symbol id="sm-7d6">
         <name>SCI_enableInterrupt</name>
         <value>0x820cf</value>
         <object_component_ref idref="oc-d9"/>
      </symbol>
      <symbol id="sm-8ea">
         <name>SysCtl_isPLLValid</name>
         <value>0x816d2</value>
         <object_component_ref idref="oc-3a0"/>
      </symbol>
      <symbol id="sm-8eb">
         <name>SysCtl_delay</name>
         <value>0x8125</value>
         <object_component_ref idref="oc-272"/>
      </symbol>
      <symbol id="sm-8ec">
         <name>SysCtl_selectXTALSingleEnded</name>
         <value>0x829ed</value>
         <object_component_ref idref="oc-527"/>
      </symbol>
      <symbol id="sm-8ed">
         <name>SysCtl_selectXTAL</name>
         <value>0x8250c</value>
         <object_component_ref idref="oc-521"/>
      </symbol>
      <symbol id="sm-8ee">
         <name>SysCtl_selectOscSource</name>
         <value>0x81f49</value>
         <object_component_ref idref="oc-39a"/>
      </symbol>
      <symbol id="sm-8ef">
         <name>SysCtl_getLowSpeedClock</name>
         <value>0x82cec</value>
         <object_component_ref idref="oc-2b7"/>
      </symbol>
      <symbol id="sm-8f0">
         <name>SysCtl_setClock</name>
         <value>0x81612</value>
         <object_component_ref idref="oc-29e"/>
      </symbol>
      <symbol id="sm-8f1">
         <name>SysCtl_getClock</name>
         <value>0x81cf7</value>
         <object_component_ref idref="oc-2b0"/>
      </symbol>
      <symbol id="sm-8fc">
         <name>_c_int00</name>
         <value>0x82efc</value>
         <object_component_ref idref="oc-10f"/>
      </symbol>
      <symbol id="sm-8fd">
         <name>__stack</name>
         <value>0x400</value>
         <object_component_ref idref="oc-59"/>
      </symbol>
      <symbol id="sm-90b">
         <name>__c28xabi_mpyd</name>
         <value>0x81966</value>
         <object_component_ref idref="oc-8e"/>
      </symbol>
      <symbol id="sm-913">
         <name>__c28xabi_subd</name>
         <value>0x8337c</value>
         <object_component_ref idref="oc-9d"/>
      </symbol>
      <symbol id="sm-91e">
         <name>__c28xabi_dtoul</name>
         <value>0x82c1b</value>
         <object_component_ref idref="oc-4e8"/>
      </symbol>
      <symbol id="sm-928">
         <name>__c28xabi_modu</name>
         <value>0x833e6</value>
         <object_component_ref idref="oc-26d"/>
      </symbol>
      <symbol id="sm-929">
         <name>__c28xabi_divu</name>
         <value>0x833e1</value>
         <object_component_ref idref="oc-26d"/>
      </symbol>
      <symbol id="sm-936">
         <name>__c28xabi_utod</name>
         <value>0x82f13</value>
         <object_component_ref idref="oc-88"/>
      </symbol>
      <symbol id="sm-943">
         <name>__c28xabi_ultod</name>
         <value>0x82fae</value>
         <object_component_ref idref="oc-4e2"/>
      </symbol>
      <symbol id="sm-950">
         <name>__c28xabi_dtof</name>
         <value>0x82945</value>
         <object_component_ref idref="oc-98"/>
      </symbol>
      <symbol id="sm-963">
         <name>__c28xabi_divd</name>
         <value>0x818db</value>
         <object_component_ref idref="oc-93"/>
      </symbol>
      <symbol id="sm-975">
         <name>memcpy</name>
         <value>0x82b57</value>
         <object_component_ref idref="oc-5c"/>
      </symbol>
      <symbol id="sm-982">
         <name>_system_pre_init</name>
         <value>0x83463</value>
         <object_component_ref idref="oc-1a2"/>
      </symbol>
      <symbol id="sm-991">
         <name>__TI_auto_init_nobinit_nopinit</name>
         <value>0x826e2</value>
         <object_component_ref idref="oc-1d3"/>
      </symbol>
      <symbol id="sm-9a0">
         <name>__TI_zero_init_nomemset</name>
         <value>0x833b1</value>
         <object_component_ref idref="oc-64"/>
      </symbol>
      <symbol id="sm-9ad">
         <name>__TI_decompress_none</name>
         <value>0x8341a</value>
         <object_component_ref idref="oc-17"/>
      </symbol>
      <symbol id="sm-9c1">
         <name>__TI_decompress_lzss</name>
         <value>0x825a6</value>
         <object_component_ref idref="oc-11"/>
      </symbol>
      <symbol id="sm-9d7">
         <name>C$$EXIT</name>
         <value>0x8270d</value>
         <object_component_ref idref="oc-1af"/>
      </symbol>
      <symbol id="sm-9d8">
         <name>abort</name>
         <value>0x8270d</value>
         <object_component_ref idref="oc-1af"/>
      </symbol>
      <symbol id="sm-9d9">
         <name>exit</name>
         <value>0x8270f</value>
         <object_component_ref idref="oc-1af"/>
      </symbol>
      <symbol id="sm-9da">
         <name>__TI_dtors_ptr</name>
         <value>0x26c</value>
         <object_component_ref idref="oc-20b"/>
      </symbol>
      <symbol id="sm-9db">
         <name>__TI_cleanup_ptr</name>
         <value>0x26a</value>
         <object_component_ref idref="oc-20b"/>
      </symbol>
      <symbol id="sm-9dc">
         <name>__TI_enable_exit_profile_output</name>
         <value>0x268</value>
         <object_component_ref idref="oc-20b"/>
      </symbol>
      <symbol id="sm-9f3">
         <name>_nop</name>
         <value>0x83411</value>
         <object_component_ref idref="oc-279"/>
      </symbol>
      <symbol id="sm-9f4">
         <name>_lock</name>
         <value>0x26e</value>
         <object_component_ref idref="oc-20e"/>
      </symbol>
      <symbol id="sm-9f5">
         <name>_unlock</name>
         <value>0x270</value>
         <object_component_ref idref="oc-344"/>
      </symbol>
      <symbol id="sm-9f6">
         <name>_register_lock</name>
         <value>0x8340d</value>
         <object_component_ref idref="oc-279"/>
      </symbol>
      <symbol id="sm-9f7">
         <name>_register_unlock</name>
         <value>0x83409</value>
         <object_component_ref idref="oc-279"/>
      </symbol>
      <symbol id="sm-a06">
         <name>_args_main</name>
         <value>0x833ca</value>
         <object_component_ref idref="oc-1a9"/>
      </symbol>
      <symbol id="sm-a1f">
         <name>__c28xabi_addd</name>
         <value>0x8183f</value>
         <object_component_ref idref="oc-12b"/>
      </symbol>
      <symbol id="sm-a35">
         <name>_system_post_cinit</name>
         <value>0x83466</value>
         <object_component_ref idref="oc-219"/>
      </symbol>
      <symbol id="sm-a44">
         <name>__c_args__</name>
         <value>0x0</value>
      </symbol>
   </symbol_table>
   <title>Link successful</title>
</link_info>
